
> Configure project :
Fabric Loom: 1.17.20

> Task :compileJava

> Task :verifyBaritone
Note: Some input files use or override a deprecated API.
Note: Recompile with -Xlint:deprecation for details.
> Task :processResources UP-TO-DATE
> Task :classes
> Task :compileGametestJava
> Task :generateLog4jConfig UP-TO-DATE
> Task :generateDLIConfig UP-TO-DATE
> Task :configureLaunch UP-TO-DATE
> Task :downloadAssets UP-TO-DATE
> Task :configureClientLaunch UP-TO-DATE
> Task :deleteGameTestRunDir
> Task :processGametestResources
> Task :gametestClasses

> Task :runClientGameTest
[16:43:19] [main/INFO] (FabricLoader/GameProvider) Loading Minecraft 26.2 with Fabric Loader 0.19.3
[16:43:19] [main/INFO] (FabricLoader/Mappings) Mappings not present!
[16:43:19] [main/INFO] (FabricLoader) Loading 54 mods:
	- baritone 1.19.0
	   \-- dev_babbaj_nether-pathfinder 1.6
	- fabric-api 0.158.0+26.2
	- fabric-api-base 2.0.4+ece063239e
	- fabric-api-lookup-api-v1 2.0.17+11e1c9a39e
	- fabric-biome-api-v1 18.0.6+c7bd5b8e9e
	- fabric-block-api-v1 3.0.3+ec56b6019e
	- fabric-block-getter-api-v2 2.0.7+ec56b6019e
	- fabric-client-gametest-api-v1 6.0.0+515ac5339e
	- fabric-command-api-v2 3.1.0+00cb03469e
	- fabric-content-registries-v0 11.3.1+37b1aa249e
	- fabric-convention-tags-v2 4.7.0+1f023a9e9e
	- fabric-crash-report-info-v1 1.0.5+086d547a9e
	- fabric-creative-tab-api-v1 5.0.14+d871b99e9e
	- fabric-data-attachment-api-v1 2.2.18+515ac5339e
	- fabric-data-generation-api-v1 25.5.0+aed122aa9e
	- fabric-debug-api-v1 1.0.2+c792624d9e
	- fabric-dimensions-v1 5.1.11+515ac5339e
	- fabric-entity-events-v1 5.0.5+06488ac19e
	- fabric-events-interaction-v0 5.2.7+515ac5339e
	- fabric-game-rule-api-v1 4.0.8+46a6d00c9e
	- fabric-gametest-api-v1 4.0.21+4a7fa0819e
	- fabric-item-api-v1 14.5.0+c68f6cbe9e
	- fabric-key-mapping-api-v1 2.0.5+e2bdee789e
	- fabric-lifecycle-events-v1 4.1.3+4575b05f9e
	- fabric-loot-api-v3 3.0.17+06488ac19e
	- fabric-menu-api-v1 2.0.16+086d547a9e
	- fabric-message-api-v1 7.0.8+bb2ed3f79e
	- fabric-model-loading-api-v1 8.0.16+c80601bb9e
	- fabric-networking-api-v1 6.3.3+72073ef09e
	- fabric-object-builder-api-v1 24.1.0+6fcd5f039e
	- fabric-particles-v1 5.0.18+d1756aa99e
	- fabric-permission-api-v1 1.0.5+e442d8d09e
	- fabric-recipe-api-v1 9.0.20+11e1c9a39e
	- fabric-registry-sync-v0 7.1.0+c7bd5b8e9e
	- fabric-renderer-api-v1 14.1.3+2b0d8a229e
	- fabric-renderer-indigo 9.1.3+2b0d8a229e
	- fabric-rendering-fluids-v1 6.0.4+06488ac19e
	- fabric-rendering-v1 25.3.2+515ac5339e
	- fabric-resource-conditions-api-v1 6.1.0+10e9a28b9e
	- fabric-resource-loader-v0 3.3.20+4fc5413f9e
	- fabric-resource-loader-v1 2.0.13+9edec1269e
	- fabric-screen-api-v1 5.2.0+58e078ad9e
	- fabric-serialization-api-v1 2.0.4+11a26f319e
	- fabric-sound-api-v1 2.0.5+11a26f319e
	- fabric-tag-api-v1 2.1.4+515ac5339e
	- fabric-transfer-api-v1 8.0.12+11dbb7d79e
	- fabric-transitive-access-wideners-v1 8.1.4+67c847259e
	- fabricloader 0.19.3
	- java 25
	- minecraft 26.2
	- mixinextras 0.5.4
	- movrand 1.0.0
	- movrand-terrain-tests 1.0.0
[16:43:19] [main/INFO] (FabricLoader/Mixin) SpongePowered MIXIN Subsystem Version=0.8.7 Source=file:/C:/Users/damia/.gradle/caches/modules-2/files-2.1/net.fabricmc/sponge-mixin/0.17.3+mixin.0.8.7/41c4a3984a80f4679e759fb9f495587acc5cdac7/sponge-mixin-0.17.3+mixin.0.8.7.jar Service=Knot/Fabric Env=CLIENT
[16:43:20] [main/INFO] (FabricLoader/Mixin) Compatibility level set to JAVA_25
[16:43:21] [main/INFO] (FabricLoader/MixinExtras|Service) Initializing MixinExtras via com.llamalad7.mixinextras.service.MixinExtrasServiceImpl(version=0.5.4).
[16:43:22] [Datafixer Bootstrap #0/INFO] (Minecraft) 295 Datafixer optimizations took 349 milliseconds
[16:43:23] [main/ERROR] (HkeyPerformanceDataUtil) Unable to locate English counter names in registry Perflib 009. Counters may need to be rebuilt: 

com.sun.jna.platform.win32.Win32Exception: The parameter is incorrect.
	at knot//com.sun.jna.platform.win32.Advapi32Util.registryGetStringArray(Advapi32Util.java:921)
	at knot//com.sun.jna.platform.win32.Advapi32Util.registryGetStringArray(Advapi32Util.java:898)
	at knot//oshi.driver.windows.registry.HkeyPerformanceDataUtil.mapCounterIndicesFromRegistry(HkeyPerformanceDataUtil.java:274)
	at knot//oshi.driver.windows.registry.HkeyPerformanceDataUtil.<clinit>(HkeyPerformanceDataUtil.java:51)
	at knot//oshi.driver.windows.registry.ProcessPerformanceData.buildProcessMapFromRegistry(ProcessPerformanceData.java:45)
	at knot//oshi.software.os.windows.WindowsOperatingSystem.queryProcessMapFromRegistry(WindowsOperatingSystem.java:328)
	at knot//oshi.util.Memoizer$1.get(Memoizer.java:65)
	at knot//oshi.software.os.windows.WindowsOperatingSystem.processMapToList(WindowsOperatingSystem.java:298)
	at knot//oshi.software.os.windows.WindowsOperatingSystem.getProcess(WindowsOperatingSystem.java:292)
	at knot//oshi.software.os.OperatingSystem.getCurrentProcess(OperatingSystem.java:246)
	at knot//net.minecraft.SystemReport.lambda$putSoftware$0(SystemReport.java:116)
	at knot//net.minecraft.SystemReport.ignoreErrors(SystemReport.java:121)
	at knot//net.minecraft.SystemReport.putSoftware(SystemReport.java:116)
	at knot//net.minecraft.SystemReport.lambda$new$7(SystemReport.java:68)
	at knot//net.minecraft.SystemReport.ignoreErrors(SystemReport.java:121)
	at knot//net.minecraft.SystemReport.<init>(SystemReport.java:68)
	at knot//net.minecraft.CrashReport.<init>(CrashReport.java:35)
	at knot//net.minecraft.CrashReport.preload(CrashReport.java:252)
	at knot//net.minecraft.client.main.Main.main(Main.java:172)
	at net.fabricmc.loader.impl.game.minecraft.MinecraftGameProvider.launch(MinecraftGameProvider.java:514)
	at net.fabricmc.loader.impl.launch.knot.Knot.launch(Knot.java:72)
	at net.fabricmc.loader.impl.launch.knot.KnotClient.main(KnotClient.java:23)
	at net.fabricmc.devlaunchinjector.Main.main(Main.java:86)
[16:43:23] [main/WARN] (PerfCounterQuery) Unable to locate English counter names in registry Perflib 009. Assuming English counters. Error 0x80070057. See https://support.microsoft.com/en-us/help/300956/how-to-manually-rebuild-performance-counter-library-values
[16:43:23] [main/WARN] (Minecraft) Failed to get system info for Process Loads

java.lang.NullPointerException: Cannot invoke "oshi.software.os.OSProcess.getUserTime()" because "process" is null
	at knot//net.minecraft.SystemReport.lambda$putProcessDetails$0(SystemReport.java:190)
	at knot//net.minecraft.SystemReport.setDetail(SystemReport.java:96)
	at knot//net.minecraft.SystemReport.putProcessDetails(SystemReport.java:189)
	at knot//net.minecraft.SystemReport.lambda$putSoftware$0(SystemReport.java:116)
	at knot//net.minecraft.SystemReport.ignoreErrors(SystemReport.java:121)
	at knot//net.minecraft.SystemReport.putSoftware(SystemReport.java:116)
	at knot//net.minecraft.SystemReport.lambda$new$7(SystemReport.java:68)
	at knot//net.minecraft.SystemReport.ignoreErrors(SystemReport.java:121)
	at knot//net.minecraft.SystemReport.<init>(SystemReport.java:68)
	at knot//net.minecraft.CrashReport.<init>(CrashReport.java:35)
	at knot//net.minecraft.CrashReport.preload(CrashReport.java:252)
	at knot//net.minecraft.client.main.Main.main(Main.java:172)
	at net.fabricmc.loader.impl.game.minecraft.MinecraftGameProvider.launch(MinecraftGameProvider.java:514)
	at net.fabricmc.loader.impl.launch.knot.Knot.launch(Knot.java:72)
	at net.fabricmc.loader.impl.launch.knot.KnotClient.main(KnotClient.java:23)
	at net.fabricmc.devlaunchinjector.Main.main(Main.java:86)
[16:43:23] [main/WARN] (Minecraft) Failed to get system info for Process Virtual Size (MiB)

java.lang.NullPointerException: Cannot invoke "oshi.software.os.OSProcess.getVirtualSize()" because "process" is null
	at knot//net.minecraft.SystemReport.lambda$putProcessDetails$1(SystemReport.java:202)
	at knot//net.minecraft.SystemReport.setDetail(SystemReport.java:96)
	at knot//net.minecraft.SystemReport.putProcessDetails(SystemReport.java:202)
	at knot//net.minecraft.SystemReport.lambda$putSoftware$0(SystemReport.java:116)
	at knot//net.minecraft.SystemReport.ignoreErrors(SystemReport.java:121)
	at knot//net.minecraft.SystemReport.putSoftware(SystemReport.java:116)
	at knot//net.minecraft.SystemReport.lambda$new$7(SystemReport.java:68)
	at knot//net.minecraft.SystemReport.ignoreErrors(SystemReport.java:121)
	at knot//net.minecraft.SystemReport.<init>(SystemReport.java:68)
	at knot//net.minecraft.CrashReport.<init>(CrashReport.java:35)
	at knot//net.minecraft.CrashReport.preload(CrashReport.java:252)
	at knot//net.minecraft.client.main.Main.main(Main.java:172)
	at net.fabricmc.loader.impl.game.minecraft.MinecraftGameProvider.launch(MinecraftGameProvider.java:514)
	at net.fabricmc.loader.impl.launch.knot.Knot.launch(Knot.java:72)
	at net.fabricmc.loader.impl.launch.knot.KnotClient.main(KnotClient.java:23)
	at net.fabricmc.devlaunchinjector.Main.main(Main.java:86)
[16:43:23] [main/WARN] (Minecraft) Failed to get system info for Process Resident Size (MiB)

java.lang.NullPointerException: Cannot invoke "oshi.software.os.OSProcess.getResidentSetSize()" because "process" is null
	at knot//net.minecraft.SystemReport.lambda$putProcessDetails$2(SystemReport.java:203)
	at knot//net.minecraft.SystemReport.setDetail(SystemReport.java:96)
	at knot//net.minecraft.SystemReport.putProcessDetails(SystemReport.java:203)
	at knot//net.minecraft.SystemReport.lambda$putSoftware$0(SystemReport.java:116)
	at knot//net.minecraft.SystemReport.ignoreErrors(SystemReport.java:121)
	at knot//net.minecraft.SystemReport.putSoftware(SystemReport.java:116)
	at knot//net.minecraft.SystemReport.lambda$new$7(SystemReport.java:68)
	at knot//net.minecraft.SystemReport.ignoreErrors(SystemReport.java:121)
	at knot//net.minecraft.SystemReport.<init>(SystemReport.java:68)
	at knot//net.minecraft.CrashReport.<init>(CrashReport.java:35)
	at knot//net.minecraft.CrashReport.preload(CrashReport.java:252)
	at knot//net.minecraft.client.main.Main.main(Main.java:172)
	at net.fabricmc.loader.impl.game.minecraft.MinecraftGameProvider.launch(MinecraftGameProvider.java:514)
	at net.fabricmc.loader.impl.launch.knot.Knot.launch(Knot.java:72)
	at net.fabricmc.loader.impl.launch.knot.KnotClient.main(KnotClient.java:23)
	at net.fabricmc.devlaunchinjector.Main.main(Main.java:86)
[16:43:27] [Render thread/INFO] (Minecraft) Environment: Environment[sessionHost=https://sessionserver.mojang.com, servicesHost=https://api.minecraftservices.com, profilesHost=https://api.mojang.com, name=PROD]
[16:43:27] [Render thread/INFO] (Minecraft) Setting user: Player0
[16:43:27] [Render thread/INFO] (Indigo) [Indigo] Registering Indigo renderer!
[16:43:27] [Render thread/INFO] (movrand) [movrand] loaded — open the menu with the key bound to key.movrand.open
[16:43:28] [Render thread/ERROR] (Minecraft) Illegal option value 0 for Anisotropic Filtering
[16:43:28] [Render thread/INFO] (Minecraft) Backend library: LWJGL version 3.4.1-snapshot
[16:43:30] [Render thread/INFO] (Minecraft) Preferring discrete GPU: NVIDIA GeForce RTX 4050 Laptop GPU
[16:43:30] [Render thread/INFO] (Minecraft) Using graphics backend OpenGL, using drivers: 3.3.0 - Build 32.0.101.5972
[16:43:30] [Render thread/INFO] (Minecraft) Using graphics device: Intel(R) Graphics (Intel)
[16:43:30] [Render thread/INFO] (Minecraft) Using graphics device extensions: GL_ARB_multi_draw_indirect, GL_ARB_buffer_storage, GL_ARB_shader_draw_parameters, GL_ARB_base_instance, GL_KHR_debug, GL_ARB_draw_indirect, GL_ARB_clip_control, GL_ARB_vertex_attrib_binding, GL_ARB_direct_state_access, GL_EXT_texture_filter_anisotropic
[16:43:30] [Render thread/INFO] (Minecraft) Reloading ResourceManager: vanilla, fabric-api, fabric-api-base, fabric-api-lookup-api-v1, fabric-biome-api-v1, fabric-block-api-v1, fabric-block-getter-api-v2, fabric-client-gametest-api-v1, fabric-command-api-v2, fabric-content-registries-v0, fabric-convention-tags-v2, fabric-crash-report-info-v1, fabric-creative-tab-api-v1, fabric-data-attachment-api-v1, fabric-data-generation-api-v1, fabric-debug-api-v1, fabric-dimensions-v1, fabric-entity-events-v1, fabric-events-interaction-v0, fabric-game-rule-api-v1, fabric-gametest-api-v1, fabric-item-api-v1, fabric-key-mapping-api-v1, fabric-lifecycle-events-v1, fabric-loot-api-v3, fabric-menu-api-v1, fabric-message-api-v1, fabric-model-loading-api-v1, fabric-networking-api-v1, fabric-object-builder-api-v1, fabric-particles-v1, fabric-permission-api-v1, fabric-recipe-api-v1, fabric-registry-sync-v0, fabric-renderer-api-v1, fabric-renderer-indigo, fabric-rendering-fluids-v1, fabric-rendering-v1, fabric-resource-conditions-api-v1, fabric-resource-loader-v0, fabric-resource-loader-v1, fabric-screen-api-v1, fabric-serialization-api-v1, fabric-sound-api-v1, fabric-tag-api-v1, fabric-transfer-api-v1, fabric-transitive-access-wideners-v1, fabricloader, movrand
[16:43:31] [Download-2/INFO] (Minecraft) Could not authorize you against Realms server: java.lang.RuntimeException: Failed to parse into SignedJWT: FabricMC
[16:43:31] [Render thread/INFO] (Minecraft) [CHAT] [Baritone] Baritone settings file not found, resetting.
[16:43:31] [Worker-Main-3/INFO] (Minecraft) Found unifont_all_no_pua-17.0.01.hex, loading
[16:43:31] [Worker-Main-4/INFO] (Minecraft) Found unifont_pua-17.0.01.hex, loading
[16:43:31] [Worker-Main-2/INFO] (Minecraft) Found unifont_jp_patch-17.0.01.hex, loading
[16:43:31] [Render thread/INFO] (Minecraft) [STDOUT]: [nether-pathfinder] Created temp file at C:\Users\damia\AppData\Local\Temp\nether_pathfinder-x86_649356328337432833746.dll
[16:43:31] [Render thread/INFO] (Minecraft) [STDERR]: [nether-pathfinder] Failed to delete temp file
[16:43:31] [Render thread/INFO] (Minecraft) [STDOUT]: [nether-pathfinder] Loaded shared library
[16:43:32] [Render thread/INFO] (Minecraft) OpenAL initialized on device OpenAL Soft on Headphones (Realtek(R) Audio)
[16:43:32] [Render thread/INFO] (Minecraft) Sound engine started
[16:43:32] [Render thread/INFO] (Minecraft) Created: 512x256x0 minecraft:textures/atlas/particles.png-atlas
[16:43:32] [Render thread/INFO] (Minecraft) Created: 128x128x0 minecraft:textures/atlas/decorated_pot.png-atlas
[16:43:32] [Render thread/INFO] (Minecraft) Created: 2048x1024x0 minecraft:textures/atlas/armor_trims.png-atlas
[16:43:32] [Render thread/INFO] (Minecraft) Created: 512x256x0 minecraft:textures/atlas/paintings.png-atlas
[16:43:32] [Render thread/INFO] (Minecraft) Created: 1024x512x0 minecraft:textures/atlas/shield_patterns.png-atlas
[16:43:32] [Render thread/INFO] (Minecraft) Created: 2048x2048x4 minecraft:textures/atlas/blocks.png-atlas
[16:43:32] [Render thread/INFO] (Minecraft) Created: 512x512x0 minecraft:textures/atlas/chest.png-atlas
[16:43:32] [Render thread/INFO] (Minecraft) Created: 256x128x0 minecraft:textures/atlas/celestials.png-atlas
[16:43:32] [Render thread/INFO] (Minecraft) Created: 1024x512x0 minecraft:textures/atlas/banner_patterns.png-atlas
[16:43:32] [Render thread/INFO] (Minecraft) Created: 1024x512x0 minecraft:textures/atlas/items.png-atlas
[16:43:33] [Render thread/INFO] (Minecraft) Created: 1024x1024x0 minecraft:textures/atlas/gui.png-atlas
[16:43:33] [Render thread/INFO] (Minecraft) Created: 128x64x0 minecraft:textures/atlas/map_decorations.png-atlas
[16:43:33] [Render thread/INFO] (Minecraft) Created: 512x512x0 minecraft:textures/atlas/shulker_boxes.png-atlas
[16:43:33] [Download-2/INFO] (Minecraft) Could not authorize you against Realms server: java.lang.RuntimeException: Failed to parse into SignedJWT: FabricMC
[16:43:36] [Render thread/INFO] (Minecraft) Loaded 1585 recipes
[16:43:36] [Render thread/INFO] (Minecraft) Loaded 1688 advancements
[16:43:36] [Render thread/INFO] (fabric-client-gametest-api-v1) World loading finished: null screen: net.minecraft.client.gui.screens.GenericMessageScreen@3f6f7c3c
[16:43:37] [Render thread/INFO] (BiomeModificationImpl) Applied 0 biome modifications to 0 of 66 new biomes in 940.4 μs
[16:43:37] [Server thread/INFO] (Minecraft) Starting integrated minecraft server version 26.2
[16:43:37] [Server thread/INFO] (Minecraft) Generating keypair
[16:43:37] [Server thread/INFO] (Minecraft) Selecting global world spawn...
[16:43:37] [Server thread/INFO] (Minecraft) Loading 0 persistent chunks...
[16:43:37] [Server thread/INFO] (Minecraft) Preparing spawn area: 16%
[16:43:37] [Server thread/INFO] (Minecraft) Saving chunks for level 'ServerLevel[New World]'/minecraft:overworld
[16:43:37] [Server thread/INFO] (Minecraft) Saving chunks for level 'ServerLevel[New World]'/minecraft:the_end
[16:43:37] [Server thread/INFO] (Minecraft) Saving chunks for level 'ServerLevel[New World]'/minecraft:the_nether
[16:43:37] [Server thread/INFO] (Minecraft) ThreadedAnvilChunkStorage (world): All chunks are saved
[16:43:37] [Server thread/INFO] (Minecraft) ThreadedAnvilChunkStorage (DIM1): All chunks are saved
[16:43:37] [Server thread/INFO] (Minecraft) ThreadedAnvilChunkStorage (DIM-1): All chunks are saved
[16:43:37] [Server thread/INFO] (Minecraft) ThreadedAnvilChunkStorage: All dimensions are saved
[16:43:37] [Render thread/INFO] (fabric-client-gametest-api-v1) World loading finished: null screen: net.minecraft.client.gui.screens.LevelLoadingScreen@4d03b4b6
[16:43:37] [Render thread/INFO] (fabric-client-gametest-api-v1) World loading finished: null screen: net.minecraft.client.gui.screens.LevelLoadingScreen@4d03b4b6
[16:43:37] [Render thread/INFO] (fabric-client-gametest-api-v1) World loading finished: null screen: net.minecraft.client.gui.screens.LevelLoadingScreen@4d03b4b6
[16:43:37] [Render thread/INFO] (fabric-client-gametest-api-v1) World loading finished: null screen: net.minecraft.client.gui.screens.LevelLoadingScreen@4d03b4b6
[16:43:37] [Render thread/INFO] (fabric-client-gametest-api-v1) World loading finished: null screen: net.minecraft.client.gui.screens.LevelLoadingScreen@4d03b4b6
[16:43:37] [Render thread/INFO] (fabric-client-gametest-api-v1) World loading finished: null screen: net.minecraft.client.gui.screens.LevelLoadingScreen@4d03b4b6
[16:43:38] [Render thread/INFO] (fabric-client-gametest-api-v1) World loading finished: null screen: net.minecraft.client.gui.screens.LevelLoadingScreen@4d03b4b6
[16:43:38] [Render thread/INFO] (fabric-client-gametest-api-v1) World loading finished: null screen: net.minecraft.client.gui.screens.LevelLoadingScreen@4d03b4b6
[16:43:38] [Server thread/INFO] (Minecraft) Loading 48 chunks for player spawn...
[16:43:38] [Server thread/INFO] (Minecraft) Preparing spawn area: 16%
[16:43:38] [Render thread/INFO] (fabric-client-gametest-api-v1) World loading finished: null screen: net.minecraft.client.gui.screens.LevelLoadingScreen@4d03b4b6
[16:43:38] [Render thread/INFO] (fabric-client-gametest-api-v1) World loading finished: null screen: net.minecraft.client.gui.screens.LevelLoadingScreen@4d03b4b6
[16:43:38] [Render thread/INFO] (fabric-client-gametest-api-v1) World loading finished: null screen: net.minecraft.client.gui.screens.LevelLoadingScreen@4d03b4b6
[16:43:38] [Render thread/INFO] (fabric-client-gametest-api-v1) World loading finished: null screen: net.minecraft.client.gui.screens.LevelLoadingScreen@4d03b4b6
[16:43:38] [Server thread/INFO] (Minecraft) Preparing spawn area: 18%
[16:43:38] [Render thread/INFO] (fabric-client-gametest-api-v1) World loading finished: null screen: net.minecraft.client.gui.screens.LevelLoadingScreen@4d03b4b6
[16:43:38] [Render thread/INFO] (fabric-client-gametest-api-v1) World loading finished: null screen: net.minecraft.client.gui.screens.LevelLoadingScreen@4d03b4b6
[16:43:38] [Render thread/INFO] (fabric-client-gametest-api-v1) World loading finished: null screen: net.minecraft.client.gui.screens.LevelLoadingScreen@4d03b4b6
[16:43:38] [Server thread/INFO] (Minecraft) Time elapsed: 1193 ms
[16:43:38] [Render thread/INFO] (fabric-client-gametest-api-v1) World loading finished: null screen: net.minecraft.client.gui.screens.LevelLoadingScreen@4d03b4b6
[16:43:38] [Server thread/INFO] (Minecraft) Player0[local:E:501abe9c] logged in with entity id 1 at (0.5, -60.0, 0.5)
[16:43:38] [Server thread/INFO] (Minecraft) Player0 joined the game
[16:43:38] [Server thread/INFO] (Minecraft) Changing view distance to 5, from 10
[16:43:38] [Server thread/INFO] (Minecraft) Changing simulation distance to 12, from 0
[16:43:38] [Render thread/INFO] (fabric-client-gametest-api-v1) World loading finished: null screen: net.minecraft.client.gui.screens.LevelLoadingScreen@4d03b4b6
[16:43:38] [Render thread/INFO] (Minecraft) [STDOUT]: Baritone world data dir: C:\Users\damia\Desktop\AI_Projects\Minecraft\Movement_And_Randomisation\build\run\clientGameTest\saves\New World\.\baritone\minecraft\overworld_384
[16:43:38] [Render thread/INFO] (Minecraft) [STDOUT]: Cached world directory: C:\Users\damia\Desktop\AI_Projects\Minecraft\Movement_And_Randomisation\build\run\clientGameTest\saves\New World\.\baritone\minecraft\overworld_384\cache
[16:43:38] [Render thread/INFO] (Minecraft) [STDOUT]: Would save waypoints to C:\Users\damia\Desktop\AI_Projects\Minecraft\Movement_And_Randomisation\build\run\clientGameTest\saves\New World\.\baritone\minecraft\overworld_384\waypoints
[16:43:38] [Render thread/INFO] (Minecraft) Loaded 2 advancements
[16:43:38] [Render thread/INFO] (fabric-client-gametest-api-v1) World loading finished: ClientLevel screen: net.minecraft.client.gui.screens.LevelLoadingScreen@4d03b4b6
[16:43:39] [Download-2/ERROR] (Minecraft) Failed to retrieve profile key pair

MinecraftClientHttpException[type=HTTP_ERROR, status=401, response=ErrorResponse[path=/player/certificates, error=null, errorMessage=null, details=null]]
	at knot//com.mojang.authlib.minecraft.client.MinecraftClient.buildHttpException(MinecraftClient.java:170)
	at knot//com.mojang.authlib.minecraft.client.MinecraftClient.readServiceResponse(MinecraftClient.java:147)
	at knot//com.mojang.authlib.minecraft.client.MinecraftClient.post(MinecraftClient.java:89)
	at knot//com.mojang.authlib.yggdrasil.YggdrasilUserApiService.getKeyPair(YggdrasilUserApiService.java:62)
	at knot//net.minecraft.client.multiplayer.AccountProfileKeyPairManager.fetchProfileKeyPair(AccountProfileKeyPairManager.java:128)
	at knot//net.minecraft.client.multiplayer.AccountProfileKeyPairManager.lambda$readOrFetchProfileKeyPair$0(AccountProfileKeyPairManager.java:77)
	at java.base/java.util.concurrent.CompletableFuture$AsyncSupply.run(CompletableFuture.java:1789)
	at java.base/java.util.concurrent.ThreadPoolExecutor.runWorker(ThreadPoolExecutor.java:1090)
	at java.base/java.util.concurrent.ThreadPoolExecutor$Worker.run(ThreadPoolExecutor.java:614)
	at java.base/java.lang.Thread.run(Thread.java:1474)
[16:43:39] [Render thread/INFO] (Minecraft) Resizing Dynamic Transforms UBO, capacity limit of 2 reached during a single frame. New capacity will be 4.
[16:43:39] [Render thread/INFO] (fabric-client-gametest-api-v1) World loading finished: ClientLevel screen: net.minecraft.client.gui.screens.LevelLoadingScreen@4d03b4b6
[16:43:39] [Render thread/INFO] (Minecraft) Resizing Dynamic Transforms UBO, capacity limit of 4 reached during a single frame. New capacity will be 8.
[16:43:39] [Render thread/INFO] (fabric-client-gametest-api-v1) World loading finished: ClientLevel screen: net.minecraft.client.gui.screens.LevelLoadingScreen@4d03b4b6
[16:43:39] [Render thread/INFO] (Minecraft) Resizing Dynamic Transforms UBO, capacity limit of 8 reached during a single frame. New capacity will be 16.
[16:43:39] [Render thread/INFO] (fabric-client-gametest-api-v1) World loading finished: ClientLevel screen: net.minecraft.client.gui.screens.LevelLoadingScreen@4d03b4b6
[16:43:39] [Render thread/INFO] (fabric-client-gametest-api-v1) World loading finished: ClientLevel screen: net.minecraft.client.gui.screens.LevelLoadingScreen@4d03b4b6
[16:43:39] [Render thread/INFO] (Minecraft) Resizing Chunk Sections UBO, capacity limit of 2 reached during a single frame. New capacity will be 8.
[16:43:39] [Render thread/INFO] (fabric-client-gametest-api-v1) World loading finished: ClientLevel screen: net.minecraft.client.gui.screens.LevelLoadingScreen@4d03b4b6
[16:43:39] [Render thread/INFO] (fabric-client-gametest-api-v1) World loading finished: ClientLevel screen: net.minecraft.client.gui.screens.LevelLoadingScreen@4d03b4b6
[16:43:39] [Render thread/INFO] (fabric-client-gametest-api-v1) World loading finished: ClientLevel screen: net.minecraft.client.gui.screens.LevelLoadingScreen@4d03b4b6
[16:43:39] [Render thread/INFO] (Minecraft) Resizing Chunk Sections UBO, capacity limit of 8 reached during a single frame. New capacity will be 16.
[16:43:39] [Render thread/INFO] (fabric-client-gametest-api-v1) World loading finished: ClientLevel screen: net.minecraft.client.gui.screens.LevelLoadingScreen@4d03b4b6
[16:43:39] [Render thread/INFO] (fabric-client-gametest-api-v1) World loading finished: ClientLevel screen: net.minecraft.client.gui.screens.LevelLoadingScreen@4d03b4b6
[16:43:39] [Render thread/INFO] (fabric-client-gametest-api-v1) World loading finished: ClientLevel screen: net.minecraft.client.gui.screens.LevelLoadingScreen@4d03b4b6
[16:43:39] [Render thread/INFO] (fabric-client-gametest-api-v1) World loading finished: ClientLevel screen: net.minecraft.client.gui.screens.LevelLoadingScreen@4d03b4b6
[16:43:39] [Render thread/INFO] (fabric-client-gametest-api-v1) World loading finished: ClientLevel screen: net.minecraft.client.gui.screens.LevelLoadingScreen@4d03b4b6
[16:43:39] [Render thread/INFO] (fabric-client-gametest-api-v1) World loading finished: ClientLevel screen: net.minecraft.client.gui.screens.LevelLoadingScreen@4d03b4b6
[16:43:39] [Render thread/INFO] (Minecraft) Resizing Chunk Sections UBO, capacity limit of 16 reached during a single frame. New capacity will be 32.
[16:43:39] [Render thread/INFO] (fabric-client-gametest-api-v1) World loading finished: ClientLevel screen: net.minecraft.client.gui.screens.LevelLoadingScreen@4d03b4b6
[16:43:39] [Render thread/INFO] (fabric-client-gametest-api-v1) World loading finished: ClientLevel screen: net.minecraft.client.gui.screens.LevelLoadingScreen@4d03b4b6
[16:43:39] [Render thread/INFO] (fabric-client-gametest-api-v1) World loading finished: ClientLevel screen: net.minecraft.client.gui.screens.LevelLoadingScreen@4d03b4b6
[16:43:39] [Render thread/INFO] (fabric-client-gametest-api-v1) World loading finished: ClientLevel screen: null
[16:43:39] [Render thread/INFO] (Minecraft) [System] [CHAT] §8[§bMovRand§8] §r§cStopped: §7terrain fixture
[16:43:39] [Server thread/INFO] (Minecraft) No entity was found
[16:43:39] [Server thread/INFO] (Minecraft) No items were found on player Player0
[16:43:39] [Server thread/INFO] (Minecraft) Gave 1 [Diamond Pickaxe] to Player0
[16:43:39] [Server thread/INFO] (Minecraft) Player0 has made the advancement [Stone Age]
[16:43:39] [Server thread/INFO] (Minecraft) Gave 256 [Cobblestone] to Player0
[16:43:39] [Server thread/INFO] (Minecraft) Applied effect Instant Health to Player0
[16:43:39] [Server thread/INFO] (Minecraft) No blocks were filled
[16:43:39] [Server thread/INFO] (Minecraft) Successfully filled 493 block(s)
[16:43:39] [Render thread/INFO] (Minecraft) [System] [CHAT] Player0 has made the advancement [Stone Age]
[16:43:40] [Server thread/INFO] (Minecraft) Teleported Player0 to 0.500000, 1.000000, 0.500000
[16:43:40] [Server thread/INFO] (Minecraft) Removed 257 item(s) from player Player0
[16:43:40] [Server thread/INFO] (Minecraft) Gave 1 [Diamond Pickaxe] to Player0
[16:43:40] [Server thread/INFO] (Minecraft) Gave 64 [Cobblestone] to Player0
[16:43:40] [Server thread/INFO] (Minecraft) Gave 8 [Redstone Repeater] to Player0
[16:43:40] [Server thread/INFO] (Minecraft) Gave 8 [Redstone Comparator] to Player0
[16:43:40] [Server thread/INFO] (Minecraft) Gave 8 [Observer] to Player0
[16:43:40] [Server thread/INFO] (Minecraft) Gave 8 [Oak Log] to Player0
[16:43:40] [Server thread/INFO] (Minecraft) Gave 8 [Oak Stairs] to Player0
[16:43:40] [Server thread/INFO] (Minecraft) Gave 8 [Oak Slab] to Player0
[16:43:40] [Server thread/INFO] (Minecraft) Gave 8 [Oak Door] to Player0
[16:43:40] [Server thread/INFO] (Minecraft) Gave 8 [Red Bed] to Player0
[16:43:40] [Server thread/INFO] (Minecraft) Gave 8 [Hopper] to Player0
[16:43:40] [Server thread/INFO] (Minecraft) Gave 8 [Lever] to Player0
[16:43:40] [Server thread/INFO] (Minecraft) Gave 8 [Note Block] to Player0
[16:43:40] [Server thread/INFO] (Minecraft) Gave 8 [Torch] to Player0
[16:43:40] [Server thread/INFO] (Minecraft) Replaced a slot on Player0 with [Air]
[16:43:40] [Server thread/INFO] (Minecraft) Gave 8 [Oak Door] to Player0
[16:43:40] [Render thread/INFO] (Minecraft) Loaded 21 advancements
[16:43:40] [Render thread/INFO] (Minecraft) Loaded 27 advancements
[16:43:40] [Render thread/INFO] (Minecraft) [System] [CHAT] §8[§bMovRand§8] §r§aMovement on
[16:43:41] [Render thread/INFO] (Minecraft) Resizing Chunk Sections UBO, capacity limit of 32 reached during a single frame. New capacity will be 64.
[16:43:43] [Render thread/INFO] (Minecraft) Resizing Chunk Sections UBO, capacity limit of 64 reached during a single frame. New capacity will be 128.
[16:43:45] [Render thread/INFO] (movrand) BUILDER 100 pos (9.529037426845862, 1.0, 0.33316928149901687) yaw 95.65469 pitch 43.54293 target — status No accessible placement angle/support at 10, 1, 0 Block{minecraft:oak_log}[axis=x]
[16:43:50] [Render thread/INFO] (movrand) BUILDER 200 pos (7.640985511455045, 1.0, 2.5761582625019925) yaw 75.75816 pitch 7.8762045 target 4, 1, 3 Block{minecraft:oak_slab}[type=top,waterlogged=false] status Placing 4, 1, 3
[16:43:55] [Render thread/INFO] (movrand) BUILDER 300 pos (10.533082825798939, 1.0, 4.492194444442707) yaw -208.20882 pitch 42.158844 target 10, 1, 3 Block{minecraft:hopper}[enabled=true,facing=west] status Placing 10, 1, 3
[16:44:00] [Render thread/INFO] (movrand) BUILDER 400 pos (6.625197543899931, 1.0, 5.499205694695177) yaw 89.99044 pitch 8.538693 target 2, 1, 5 Block{minecraft:note_block}[instrument=basedrum,note=7,powered=false] status Configuring 2, 1, 5
[16:44:05] [Render thread/INFO] (movrand) BUILDER 500 pos (6.625197543899931, 1.0, 5.499205694695177) yaw 115.601974 pitch 0.28315648 target — status Verifying 17 / 17
[16:44:08] [ForkJoinPool.commonPool-worker-3/INFO] (Minecraft) [STDOUT]: Saving region 0,0 to disk C:\Users\damia\Desktop\AI_Projects\Minecraft\Movement_And_Randomisation\build\run\clientGameTest\saves\New World\.\baritone\minecraft\overworld_384\cache
[16:44:08] [ForkJoinPool.commonPool-worker-1/INFO] (Minecraft) [STDOUT]: Saving region 0,-1 to disk C:\Users\damia\Desktop\AI_Projects\Minecraft\Movement_And_Randomisation\build\run\clientGameTest\saves\New World\.\baritone\minecraft\overworld_384\cache
[16:44:08] [ForkJoinPool.commonPool-worker-2/INFO] (Minecraft) [STDOUT]: Saving region -1,-1 to disk C:\Users\damia\Desktop\AI_Projects\Minecraft\Movement_And_Randomisation\build\run\clientGameTest\saves\New World\.\baritone\minecraft\overworld_384\cache
[16:44:08] [pool-4-thread-2/INFO] (Minecraft) [STDOUT]: Saving region -1,0 to disk C:\Users\damia\Desktop\AI_Projects\Minecraft\Movement_And_Randomisation\build\run\clientGameTest\saves\New World\.\baritone\minecraft\overworld_384\cache
[16:44:08] [ForkJoinPool.commonPool-worker-2/INFO] (Minecraft) [STDOUT]: Saved region successfully
[16:44:08] [ForkJoinPool.commonPool-worker-3/INFO] (Minecraft) [STDOUT]: Saved region successfully
[16:44:08] [ForkJoinPool.commonPool-worker-1/INFO] (Minecraft) [STDOUT]: Saved region successfully
[16:44:08] [pool-4-thread-2/INFO] (Minecraft) [STDOUT]: Saved region successfully
[16:44:08] [pool-4-thread-2/INFO] (Minecraft) [STDOUT]: World save took 28ms
[16:44:10] [Render thread/INFO] (movrand) BUILDER 600 pos (6.502365125500208, 1.0, 4.300000011920929) yaw 179.86029 pitch 9.863554 target 10, 1, 0 Block{minecraft:oak_log}[axis=x] status Approaching 10, 1, 0 · Baritone: Diagonal
[16:44:15] [Render thread/INFO] (movrand) BUILDER 700 pos (7.542390302217039, 1.0, 2.974902692389853) yaw 285.07834 pitch 16.996859 target — status Verifying 17 / 17
[16:44:15] [Render thread/INFO] (Minecraft) [System] [CHAT] §8[§bMovRand§8] §r§cStopped: §7Litematica survival fixture verified
[16:44:15] [Render thread/INFO] (Minecraft) Resizing Dynamic Transforms UBO, capacity limit of 16 reached during a single frame. New capacity will be 32.
[16:44:16] [Render thread/INFO] (Minecraft) [System] [CHAT] §8[§bMovRand§8] §r§cStopped: §7terrain fixture
[16:44:16] [Render thread/INFO] (Minecraft) [System] [CHAT] §8[§bMovRand§8] §r§cStopped: §7Configuration changed during an active job
[16:44:16] [Server thread/INFO] (Minecraft) Killed Cobblestone
[16:44:16] [Server thread/INFO] (Minecraft) Removed 145 item(s) from player Player0
[16:44:16] [Server thread/INFO] (Minecraft) Gave 1 [Diamond Pickaxe] to Player0
[16:44:16] [Server thread/INFO] (Minecraft) Gave 256 [Cobblestone] to Player0
[16:44:16] [Server thread/INFO] (Minecraft) Applied effect Instant Health to Player0
[16:44:16] [Server thread/INFO] (Minecraft) Successfully filled 14 block(s)
[16:44:16] [Server thread/INFO] (Minecraft) No blocks were filled
[16:44:16] [Server thread/INFO] (Minecraft) Teleported Player0 to 0.500000, 1.000000, 0.500000
[16:44:16] [Server thread/INFO] (Minecraft) Removed 257 item(s) from player Player0
[16:44:16] [Server thread/INFO] (Minecraft) Gamerule random_tick_speed is now set to: 0
[16:44:16] [Server thread/INFO] (Minecraft) Gave 1 [Diamond Pickaxe] to Player0
[16:44:16] [Server thread/INFO] (Minecraft) Gave 64 [Cobblestone] to Player0
[16:44:16] [Server thread/INFO] (Minecraft) Gave 8 [Oak Slab] to Player0
[16:44:16] [Server thread/INFO] (Minecraft) Gave 8 [Snow] to Player0
[16:44:16] [Server thread/INFO] (Minecraft) Gave 1 [Water Bucket] to Player0
[16:44:16] [Server thread/INFO] (Minecraft) Gave 8 [Dirt] to Player0
[16:44:16] [Server thread/INFO] (Minecraft) Gave 1 [Diamond Hoe] to Player0
[16:44:16] [Server thread/INFO] (Minecraft) Gave 1 [Diamond Shovel] to Player0
[16:44:16] [Server thread/INFO] (Minecraft) Changed the block at 6, 1, 4
[16:44:16] [Server thread/INFO] (Minecraft) Changed the block at 4, 1, 3
[16:44:16] [Server thread/INFO] (Minecraft) Changed the block at 4, 1, 5
[16:44:16] [Server thread/INFO] (Minecraft) Changed the block at 3, 1, 4
[16:44:16] [Server thread/INFO] (Minecraft) Changed the block at 5, 1, 4
[16:44:16] [Render thread/INFO] (Minecraft) Loaded 28 advancements
[16:44:16] [Render thread/INFO] (Minecraft) [System] [CHAT] §8[§bMovRand§8] §r§aMovement on
[16:44:21] [Render thread/INFO] (movrand) BUILDER EXTRA 100 — Preparing soil at 8, 1, 0 position (4.410349178033482, 1.0, -0.4920095417566668) rotation -76.25381,8.496745 wait Waiting for server
[16:44:26] [Render thread/INFO] (movrand) BUILDER EXTRA 200 — Verifying 6 / 6 position (4.319051634904516, 2.0, 3.3174484968108535) rotation -61.55447,33.142475 wait Waiting for server
[16:44:27] [Render thread/INFO] (Minecraft) [System] [CHAT] §8[§bMovRand§8] §r§cStopped: §7Extra builder mechanics passed
[16:44:27] [Render thread/INFO] (Minecraft) [System] [CHAT] §8[§bMovRand§8] §r§aMovement on
[16:44:29] [Render thread/INFO] (Minecraft) [System] [CHAT] §8[§bMovRand§8] §r§cStopped: §7Protected material and incomplete-build checks passed
[16:44:29] [Test thread/INFO] (movrand) BUILDER EXTRA PASS: double slabs, snow layers, farmland, paths, waterlogging, clearing, protected inventory and incomplete build reporting
[16:44:29] [Test thread/INFO] (movrand) LITEMATICA BUILDER PASS: exact survival states, repeaters, comparator, observer, axis, stairs, slab, door, bed, hopper, lever, note block, wall torch, inventory and Baritone
[16:44:29] [Render thread/INFO] (Minecraft) [System] [CHAT] §8[§bMovRand§8] §r§cStopped: §7Builder test cleanup
[16:44:29] [Server thread/INFO] (Minecraft) Player0 lost connection: Disconnected
[16:44:29] [Server thread/INFO] (Minecraft) Player0 left the game
[16:44:29] [Server thread/INFO] (Minecraft) Stopping singleplayer server as player logged out
[16:44:29] [Server thread/INFO] (Minecraft) Stopping server
[16:44:29] [Server thread/INFO] (Minecraft) Saving players
[16:44:29] [Server thread/INFO] (Minecraft) Saving worlds
[16:44:29] [Server thread/INFO] (Minecraft) Saving chunks for level 'ServerLevel[New World]'/minecraft:overworld
[16:44:30] [Server thread/INFO] (Minecraft) Saving chunks for level 'ServerLevel[New World]'/minecraft:the_end
[16:44:30] [Server thread/INFO] (Minecraft) Saving chunks for level 'ServerLevel[New World]'/minecraft:the_nether
[16:44:30] [Server thread/INFO] (Minecraft) ThreadedAnvilChunkStorage (world): All chunks are saved
[16:44:30] [Server thread/INFO] (Minecraft) ThreadedAnvilChunkStorage (DIM1): All chunks are saved
[16:44:30] [Server thread/INFO] (Minecraft) ThreadedAnvilChunkStorage (DIM-1): All chunks are saved
[16:44:30] [Server thread/INFO] (Minecraft) ThreadedAnvilChunkStorage: All dimensions are saved
[16:44:30] [pool-4-thread-2/INFO] (Minecraft) [STDERR]: java.lang.InterruptedException: sleep interrupted
[16:44:30] [pool-4-thread-2/INFO] (Minecraft) [STDERR]: 	at java.base/java.lang.Thread.sleepNanos0(Native Method)
[16:44:30] [pool-4-thread-2/INFO] (Minecraft) [STDERR]: 	at java.base/java.lang.Thread.sleepNanos(Thread.java:509)
[16:44:30] [pool-4-thread-2/INFO] (Minecraft) [STDERR]: 	at java.base/java.lang.Thread.sleep(Thread.java:540)
[16:44:30] [pool-4-thread-2/INFO] (Minecraft) [STDERR]: 	at knot//baritone.cache.CachedWorld.lambda$new$0(CachedWorld.java:101)
[16:44:30] [pool-4-thread-2/INFO] (Minecraft) [STDERR]: 	at java.base/java.util.concurrent.ThreadPoolExecutor.runWorker(ThreadPoolExecutor.java:1090)
[16:44:30] [pool-4-thread-2/INFO] (Minecraft) [STDERR]: 	at java.base/java.util.concurrent.ThreadPoolExecutor$Worker.run(ThreadPoolExecutor.java:614)
[16:44:30] [pool-4-thread-2/INFO] (Minecraft) [STDERR]: 	at java.base/java.lang.Thread.run(Thread.java:1474)
[16:44:30] [pool-4-thread-1/INFO] (Minecraft) [STDERR]: java.lang.InterruptedException
[16:44:30] [pool-4-thread-1/INFO] (Minecraft) [STDERR]: 	at java.base/java.util.concurrent.locks.AbstractQueuedSynchronizer$ConditionObject.await(AbstractQueuedSynchronizer.java:1767)
[16:44:30] [pool-4-thread-1/INFO] (Minecraft) [STDERR]: 	at java.base/java.util.concurrent.LinkedBlockingQueue.take(LinkedBlockingQueue.java:435)
[16:44:30] [pool-4-thread-1/INFO] (Minecraft) [STDERR]: 	at knot//baritone.cache.CachedWorld$PackerThread.run(CachedWorld.java:312)
[16:44:30] [pool-4-thread-1/INFO] (Minecraft) [STDERR]: 	at java.base/java.util.concurrent.ThreadPoolExecutor.runWorker(ThreadPoolExecutor.java:1090)
[16:44:30] [pool-4-thread-1/INFO] (Minecraft) [STDERR]: 	at java.base/java.util.concurrent.ThreadPoolExecutor$Worker.run(ThreadPoolExecutor.java:614)
[16:44:30] [pool-4-thread-1/INFO] (Minecraft) [STDERR]: 	at java.base/java.lang.Thread.run(Thread.java:1474)
[16:44:30] [Render thread/INFO] (Minecraft) Stopping!

> Task :processIncludeJars UP-TO-DATE

> Task :selfCheckAreaCoverage
World/dimension isolation, persistence, overlays and migration passed
ORGANIC     covered 16 chunks in 16 targets
SCOUT       covered 16 chunks in 16 targets
NEAREST     covered 16 chunks in 16 targets
SERPENTINE  covered 16 chunks in 16 targets
SPIRAL      covered 16 chunks in 16 targets
RANDOM      covered 16 chunks in 16 targets
scout       covered 256 chunks in 16 stops
scout       covered a 208 chunk circle in 16 stops
3000 targets over 262144 chunks in 19ms
ORGANIC     200 targets in    0.8ms
SCOUT       200 targets in   60.7ms
NEAREST     200 targets in    0.8ms
SERPENTINE  200 targets in    1.0ms
SPIRAL      200 targets in    3.2ms
RANDOM      200 targets in    0.3ms
AreaCoverage self-check passed

> Task :jar

> Task :selfCheckAvoidance
Avoidance self-check passed

> Task :assemble

> Task :selfCheckBackpack
Backpack self-check passed

> Task :selfCheckBaseDestroyer
BaseDestroyer self-check passed

> Task :selfCheckBlockTargets
BlockTargets self-check passed

> Task :selfCheckBot
Bot self-check passed

> Task :selfCheckChunkFinder
ChunkFinder: evidence thresholds, unknowns, display filters and config round-trip passed

> Task :selfCheckCombat
Combat self-check passed

> Task :selfCheckContainerScanner
ContainerScanner self-check passed

> Task :selfCheckDeaths
Deaths self-check passed

> Task :selfCheckDropCollector
DropCollector self-check passed

> Task :selfCheckHuman
Finite-turn rate/strength matrix and frame continuity checks passed
amplitude 0.20  ->  rms 0.1109 (want 0.1100)  peak 0.440  max step 0.0570
amplitude 0.55  ->  rms 0.2999 (want 0.3025)  peak 1.210  max step 0.1574
amplitude 2.00  ->  rms 1.1013 (want 1.1000)  peak 4.400  max step 0.5686
Human self-check passed

> Task :selfCheckJournal
Journal self-check passed

> Task :selfCheckLitematicPlan
WARNING: A terminally deprecated method in sun.misc.Unsafe has been called
WARNING: sun.misc.Unsafe::objectFieldOffset has been called by org.joml.MemUtil$MemUtilUnsafe (file:/C:/Users/damia/.gradle/caches/modules-2/files-2.1/org.joml/joml/1.10.8/fc0a71dad90a2cf41d82a76156a0e700af8e4f8d/joml-1.10.8.jar)
WARNING: Please consider reporting this to the maintainers of class org.joml.MemUtil$MemUtilUnsafe
WARNING: sun.misc.Unsafe::objectFieldOffset will be removed in a future release
Litematic coordinates, transforms and cross-word palette packing passed

> Task :selfCheckMineSafety
MineSafety self-check passed

> Task :selfCheckMovementController
WARNING: A terminally deprecated method in sun.misc.Unsafe has been called
WARNING: sun.misc.Unsafe::objectFieldOffset has been called by org.joml.MemUtil$MemUtilUnsafe (file:/C:/Users/damia/.gradle/caches/modules-2/files-2.1/org.joml/joml/1.10.8/fc0a71dad90a2cf41d82a76156a0e700af8e4f8d/joml-1.10.8.jar)
WARNING: Please consider reporting this to the maintainers of class org.joml.MemUtil$MemUtilUnsafe
WARNING: sun.misc.Unsafe::objectFieldOffset will be removed in a future release
[16:44:44] [main/INFO]: [STDOUT]: MovementController self-check passed

> Task :selfCheckNativeNavigation
NativeNavigation self-check passed

> Task :selfCheckNavProgress
NavProgress OK

> Task :selfCheckPathFinder
PathFinder self-check passed

> Task :selfCheckPathMove
PathMove self-check passed

> Task :selfCheckPathRunner
PathRunner self-check passed

> Task :selfCheckPathing
Pathing self-check passed

> Task :selfCheckPresets
Cautious AFK              95  Very human         5 bullets  No detection risks
Balanced                  90  Very human         4 bullets  No detection risks
Base hunting              95  Very human         5 bullets  No detection risks
Getting somewhere         82  Very human         4 bullets  No detection risks
Maximum humanisation      95  Very human         5 bullets  No detection risks
Single player             82  Very human         4 bullets  No detection risks
Paranoid                  90  Very human         5 bullets  No detection risks
Presets self-check passed

> Task :selfCheckRisks
Unsafe   Stop on a storage cluster              Containers
Risky    No time limit                          Safety
Risks self-check passed

> Task :selfCheckRng
UNIFORM    mean 15.00  span 10.00�20.00
GAUSSIAN   mean 15.00  span 10.00�20.00
SKEW_LOW   mean 13.33  span 10.00�20.00
SKEW_HIGH  mean 16.67  span 10.00�20.00
Rng self-check passed

> Task :selfCheckSafeStop
SafeStop self-check passed

> Task :selfCheckStorage
Storage self-check passed

> Task :selfCheckSusChunkFinder
SusChunkFinder: all count boundaries, container classification, connected patterns, scoring, toggles and clamps passed

> Task :selfCheckTerrainExplorer
TerrainExplorer: exact XYZ, all-height goals, metrics and configuration passed

> Task :selfCheckWidgets
Widgets self-check passed

> Task :selfCheckWorldBounds
WorldBounds self-check passed

> Task :allSelfChecks

> Task :runGameTest
[16:44:52] [main/INFO] (FabricLoader/GameProvider) Loading Minecraft 26.2 with Fabric Loader 0.19.3
[16:44:52] [main/INFO] (FabricLoader/Mappings) Mappings not present!
[16:44:53] [main/INFO] (FabricLoader) Loading 44 mods:
	- baritone 1.19.0
	   \-- dev_babbaj_nether-pathfinder 1.6
	- fabric-api 0.158.0+26.2
	   |-- fabric-key-mapping-api-v1 2.0.5+e2bdee789e
	   |-- fabric-model-loading-api-v1 8.0.16+c80601bb9e
	   |-- fabric-renderer-api-v1 14.1.3+2b0d8a229e
	   |-- fabric-renderer-indigo 9.1.3+2b0d8a229e
	   |-- fabric-rendering-v1 25.3.2+515ac5339e
	   |-- fabric-screen-api-v1 5.2.0+58e078ad9e
	   \-- fabric-sound-api-v1 2.0.5+11a26f319e
	- fabric-api-base 2.0.4+ece063239e
	- fabric-api-lookup-api-v1 2.0.17+11e1c9a39e
	- fabric-biome-api-v1 18.0.6+c7bd5b8e9e
	- fabric-block-api-v1 3.0.3+ec56b6019e
	- fabric-block-getter-api-v2 2.0.7+ec56b6019e
	- fabric-command-api-v2 3.1.0+00cb03469e
	- fabric-content-registries-v0 11.3.1+37b1aa249e
	- fabric-convention-tags-v2 4.7.0+1f023a9e9e
	- fabric-crash-report-info-v1 1.0.5+086d547a9e
	- fabric-creative-tab-api-v1 5.0.14+d871b99e9e
	- fabric-data-attachment-api-v1 2.2.18+515ac5339e
	- fabric-data-generation-api-v1 25.5.0+aed122aa9e
	- fabric-debug-api-v1 1.0.2+c792624d9e
	- fabric-dimensions-v1 5.1.11+515ac5339e
	- fabric-entity-events-v1 5.0.5+06488ac19e
	- fabric-events-interaction-v0 5.2.7+515ac5339e
	- fabric-game-rule-api-v1 4.0.8+46a6d00c9e
	- fabric-gametest-api-v1 4.0.21+4a7fa0819e
	- fabric-item-api-v1 14.5.0+c68f6cbe9e
	- fabric-lifecycle-events-v1 4.1.3+4575b05f9e
	- fabric-loot-api-v3 3.0.17+06488ac19e
	- fabric-menu-api-v1 2.0.16+086d547a9e
	- fabric-message-api-v1 7.0.8+bb2ed3f79e
	- fabric-networking-api-v1 6.3.3+72073ef09e
	- fabric-object-builder-api-v1 24.1.0+6fcd5f039e
	- fabric-particles-v1 5.0.18+d1756aa99e
	- fabric-permission-api-v1 1.0.5+e442d8d09e
	- fabric-recipe-api-v1 9.0.20+11e1c9a39e
	- fabric-registry-sync-v0 7.1.0+c7bd5b8e9e
	- fabric-rendering-fluids-v1 6.0.4+06488ac19e
	- fabric-resource-conditions-api-v1 6.1.0+10e9a28b9e
	- fabric-resource-loader-v0 3.3.20+4fc5413f9e
	- fabric-resource-loader-v1 2.0.13+9edec1269e
	- fabric-serialization-api-v1 2.0.4+11a26f319e
	- fabric-tag-api-v1 2.1.4+515ac5339e
	- fabric-transfer-api-v1 8.0.12+11dbb7d79e
	- fabric-transitive-access-wideners-v1 8.1.4+67c847259e
	- fabricloader 0.19.3
	- java 25
	- minecraft 26.2
	- mixinextras 0.5.4
[16:44:53] [main/INFO] (FabricLoader/Mixin) SpongePowered MIXIN Subsystem Version=0.8.7 Source=file:/C:/Users/damia/.gradle/caches/modules-2/files-2.1/net.fabricmc/sponge-mixin/0.17.3+mixin.0.8.7/41c4a3984a80f4679e759fb9f495587acc5cdac7/sponge-mixin-0.17.3+mixin.0.8.7.jar Service=Knot/Fabric Env=SERVER
[16:44:53] [main/INFO] (FabricLoader/Mixin) Compatibility level set to JAVA_25
[16:44:53] [main/INFO] (FabricLoader/MixinExtras|Service) Initializing MixinExtras via com.llamalad7.mixinextras.service.MixinExtrasServiceImpl(version=0.5.4).
[16:44:54] [main/ERROR] (HkeyPerformanceDataUtil) Unable to locate English counter names in registry Perflib 009. Counters may need to be rebuilt: 

com.sun.jna.platform.win32.Win32Exception: The parameter is incorrect.
	at knot//com.sun.jna.platform.win32.Advapi32Util.registryGetStringArray(Advapi32Util.java:921)
	at knot//com.sun.jna.platform.win32.Advapi32Util.registryGetStringArray(Advapi32Util.java:898)
	at knot//oshi.driver.windows.registry.HkeyPerformanceDataUtil.mapCounterIndicesFromRegistry(HkeyPerformanceDataUtil.java:274)
	at knot//oshi.driver.windows.registry.HkeyPerformanceDataUtil.<clinit>(HkeyPerformanceDataUtil.java:51)
	at knot//oshi.driver.windows.registry.ProcessPerformanceData.buildProcessMapFromRegistry(ProcessPerformanceData.java:45)
	at knot//oshi.software.os.windows.WindowsOperatingSystem.queryProcessMapFromRegistry(WindowsOperatingSystem.java:328)
	at knot//oshi.util.Memoizer$1.get(Memoizer.java:65)
	at knot//oshi.software.os.windows.WindowsOperatingSystem.processMapToList(WindowsOperatingSystem.java:298)
	at knot//oshi.software.os.windows.WindowsOperatingSystem.getProcess(WindowsOperatingSystem.java:292)
	at knot//oshi.software.os.OperatingSystem.getCurrentProcess(OperatingSystem.java:246)
	at knot//net.minecraft.SystemReport.lambda$putSoftware$0(SystemReport.java:116)
	at knot//net.minecraft.SystemReport.ignoreErrors(SystemReport.java:121)
	at knot//net.minecraft.SystemReport.putSoftware(SystemReport.java:116)
	at knot//net.minecraft.SystemReport.lambda$new$7(SystemReport.java:68)
	at knot//net.minecraft.SystemReport.ignoreErrors(SystemReport.java:121)
	at knot//net.minecraft.SystemReport.<init>(SystemReport.java:68)
	at knot//net.minecraft.CrashReport.<init>(CrashReport.java:35)
	at knot//net.minecraft.CrashReport.preload(CrashReport.java:252)
	at knot//net.minecraft.server.Main.main(Main.java:104)
	at net.fabricmc.loader.impl.game.minecraft.MinecraftGameProvider.launch(MinecraftGameProvider.java:514)
	at net.fabricmc.loader.impl.launch.knot.Knot.launch(Knot.java:72)
	at net.fabricmc.loader.impl.launch.knot.KnotServer.main(KnotServer.java:23)
	at net.fabricmc.devlaunchinjector.Main.main(Main.java:86)
[16:44:54] [main/WARN] (PerfCounterQuery) Unable to locate English counter names in registry Perflib 009. Assuming English counters. Error 0x80070057. See https://support.microsoft.com/en-us/help/300956/how-to-manually-rebuild-performance-counter-library-values
[16:44:55] [main/WARN] (Minecraft) Failed to get system info for Process Loads

java.lang.NullPointerException: Cannot invoke "oshi.software.os.OSProcess.getUserTime()" because "process" is null
	at knot//net.minecraft.SystemReport.lambda$putProcessDetails$0(SystemReport.java:190)
	at knot//net.minecraft.SystemReport.setDetail(SystemReport.java:96)
	at knot//net.minecraft.SystemReport.putProcessDetails(SystemReport.java:189)
	at knot//net.minecraft.SystemReport.lambda$putSoftware$0(SystemReport.java:116)
	at knot//net.minecraft.SystemReport.ignoreErrors(SystemReport.java:121)
	at knot//net.minecraft.SystemReport.putSoftware(SystemReport.java:116)
	at knot//net.minecraft.SystemReport.lambda$new$7(SystemReport.java:68)
	at knot//net.minecraft.SystemReport.ignoreErrors(SystemReport.java:121)
	at knot//net.minecraft.SystemReport.<init>(SystemReport.java:68)
	at knot//net.minecraft.CrashReport.<init>(CrashReport.java:35)
	at knot//net.minecraft.CrashReport.preload(CrashReport.java:252)
	at knot//net.minecraft.server.Main.main(Main.java:104)
	at net.fabricmc.loader.impl.game.minecraft.MinecraftGameProvider.launch(MinecraftGameProvider.java:514)
	at net.fabricmc.loader.impl.launch.knot.Knot.launch(Knot.java:72)
	at net.fabricmc.loader.impl.launch.knot.KnotServer.main(KnotServer.java:23)
	at net.fabricmc.devlaunchinjector.Main.main(Main.java:86)
[16:44:55] [main/WARN] (Minecraft) Failed to get system info for Process Virtual Size (MiB)

java.lang.NullPointerException: Cannot invoke "oshi.software.os.OSProcess.getVirtualSize()" because "process" is null
	at knot//net.minecraft.SystemReport.lambda$putProcessDetails$1(SystemReport.java:202)
	at knot//net.minecraft.SystemReport.setDetail(SystemReport.java:96)
	at knot//net.minecraft.SystemReport.putProcessDetails(SystemReport.java:202)
	at knot//net.minecraft.SystemReport.lambda$putSoftware$0(SystemReport.java:116)
	at knot//net.minecraft.SystemReport.ignoreErrors(SystemReport.java:121)
	at knot//net.minecraft.SystemReport.putSoftware(SystemReport.java:116)
	at knot//net.minecraft.SystemReport.lambda$new$7(SystemReport.java:68)
	at knot//net.minecraft.SystemReport.ignoreErrors(SystemReport.java:121)
	at knot//net.minecraft.SystemReport.<init>(SystemReport.java:68)
	at knot//net.minecraft.CrashReport.<init>(CrashReport.java:35)
	at knot//net.minecraft.CrashReport.preload(CrashReport.java:252)
	at knot//net.minecraft.server.Main.main(Main.java:104)
	at net.fabricmc.loader.impl.game.minecraft.MinecraftGameProvider.launch(MinecraftGameProvider.java:514)
	at net.fabricmc.loader.impl.launch.knot.Knot.launch(Knot.java:72)
	at net.fabricmc.loader.impl.launch.knot.KnotServer.main(KnotServer.java:23)
	at net.fabricmc.devlaunchinjector.Main.main(Main.java:86)
[16:44:55] [main/WARN] (Minecraft) Failed to get system info for Process Resident Size (MiB)

java.lang.NullPointerException: Cannot invoke "oshi.software.os.OSProcess.getResidentSetSize()" because "process" is null
	at knot//net.minecraft.SystemReport.lambda$putProcessDetails$2(SystemReport.java:203)
	at knot//net.minecraft.SystemReport.setDetail(SystemReport.java:96)
	at knot//net.minecraft.SystemReport.putProcessDetails(SystemReport.java:203)
	at knot//net.minecraft.SystemReport.lambda$putSoftware$0(SystemReport.java:116)
	at knot//net.minecraft.SystemReport.ignoreErrors(SystemReport.java:121)
	at knot//net.minecraft.SystemReport.putSoftware(SystemReport.java:116)
	at knot//net.minecraft.SystemReport.lambda$new$7(SystemReport.java:68)
	at knot//net.minecraft.SystemReport.ignoreErrors(SystemReport.java:121)
	at knot//net.minecraft.SystemReport.<init>(SystemReport.java:68)
	at knot//net.minecraft.CrashReport.<init>(CrashReport.java:35)
	at knot//net.minecraft.CrashReport.preload(CrashReport.java:252)
	at knot//net.minecraft.server.Main.main(Main.java:104)
	at net.fabricmc.loader.impl.game.minecraft.MinecraftGameProvider.launch(MinecraftGameProvider.java:514)
	at net.fabricmc.loader.impl.launch.knot.Knot.launch(Knot.java:72)
	at net.fabricmc.loader.impl.launch.knot.KnotServer.main(KnotServer.java:23)
	at net.fabricmc.devlaunchinjector.Main.main(Main.java:86)
[16:44:59] [main/INFO] (Minecraft) Environment: Environment[sessionHost=https://sessionserver.mojang.com, servicesHost=https://api.minecraftservices.com, profilesHost=https://api.mojang.com, name=PROD]
[16:44:59] [main/INFO] (FabricGameTestRunner) Starting test server
[16:45:00] [main/INFO] (Minecraft) Loaded 1585 recipes
[16:45:00] [main/INFO] (Minecraft) Loaded 1688 advancements
[16:45:00] [main/INFO] (BiomeModificationImpl) Applied 0 biome modifications to 0 of 66 new biomes in 847.7 μs
[16:45:00] [Server thread/INFO] (Minecraft) Selecting global world spawn...
[16:45:00] [Server thread/INFO] (Minecraft) Loading 0 persistent chunks...
[16:45:00] [Server thread/INFO] (Minecraft) Preparing spawn area: 100%
[16:45:00] [Server thread/INFO] (Minecraft) Time elapsed: 138 ms
[16:45:00] [Server thread/INFO] (Minecraft) Started game test server
[16:45:00] [Server thread/INFO] (Minecraft) 1 tests are now running at position -8479650, -59, 2816776!
[16:45:00] [Server thread/INFO] (Minecraft) Running test environment 'minecraft:default' batch 0 (1 tests)...
[16:45:00] [Server thread/INFO] (Minecraft) [ ]
[16:45:00] [Server thread/INFO] (Minecraft) [+]
[16:45:00] [Server thread/INFO] (Minecraft) ========= 1 GAME TESTS COMPLETE IN 261.1 ms ======================
[16:45:00] [Server thread/INFO] (Minecraft) All 1 required tests passed :)
[16:45:00] [Server thread/INFO] (Minecraft) ====================================================
[16:45:00] [Server thread/INFO] (Minecraft) Stopping server
[16:45:00] [Server thread/INFO] (Minecraft) Saving players
[16:45:00] [Server thread/INFO] (Minecraft) Saving worlds
[16:45:01] [Server thread/INFO] (Minecraft) Saving chunks for level 'ServerLevel[Test Level]'/minecraft:overworld
[16:45:01] [Server thread/INFO] (Minecraft) Saving chunks for level 'ServerLevel[Test Level]'/minecraft:the_end
[16:45:01] [Server thread/INFO] (Minecraft) Saving chunks for level 'ServerLevel[Test Level]'/minecraft:the_nether
[16:45:01] [Server thread/INFO] (Minecraft) ThreadedAnvilChunkStorage (world): All chunks are saved
[16:45:01] [Server thread/INFO] (Minecraft) ThreadedAnvilChunkStorage (DIM1): All chunks are saved
[16:45:01] [Server thread/INFO] (Minecraft) ThreadedAnvilChunkStorage (DIM-1): All chunks are saved
[16:45:01] [Server thread/INFO] (Minecraft) ThreadedAnvilChunkStorage: All dimensions are saved
[16:45:01] [Server thread/INFO] (Minecraft) Game test server shutting down

> Task :compileTestJava NO-SOURCE
> Task :processTestResources NO-SOURCE
> Task :testClasses UP-TO-DATE
> Task :test NO-SOURCE
> Task :validateAccessWidener NO-SOURCE
> Task :check
> Task :build

[Incubating] Problems report is available at: file:///C:/Users/damia/Desktop/AI_Projects/Minecraft/Movement_And_Randomisation/build/reports/problems/problems-report.html

BUILD SUCCESSFUL in 1m 47s
44 actionable tasks: 39 executed, 5 up-to-date
