
> Configure project :
Fabric Loom: 1.17.20

> Task :compileJava
Note: Some input files use or override a deprecated API.
Note: Recompile with -Xlint:deprecation for details.

> Task :verifyBaritone
> Task :processResources UP-TO-DATE
> Task :classes
> Task :compileGametestJava UP-TO-DATE
> Task :generateLog4jConfig UP-TO-DATE
> Task :generateDLIConfig UP-TO-DATE
> Task :configureLaunch UP-TO-DATE
> Task :downloadAssets UP-TO-DATE
> Task :configureClientLaunch UP-TO-DATE
> Task :deleteGameTestRunDir
> Task :processGametestResources UP-TO-DATE
> Task :gametestClasses UP-TO-DATE

> Task :runClientGameTest
[12:12:39] [main/INFO] (FabricLoader/GameProvider) Loading Minecraft 26.2 with Fabric Loader 0.19.3
[12:12:39] [main/INFO] (FabricLoader/Mappings) Mappings not present!
[12:12:39] [main/INFO] (FabricLoader) Loading 54 mods:
	- baritone 1.19.0
	   \-- dev_babbaj_nether-pathfinder 1.6
	- fabric-api 0.158.0+26.2
	- fabric-api-base 2.0.4+ece063239e
	- fabric-api-lookup-api-v1 2.0.17+11e1c9a39e
	- fabric-biome-api-v1 18.0.6+c7bd5b8e9e
	- fabric-block-api-v1 3.0.3+ec56b6019e
	- fabric-block-getter-api-v2 2.0.7+ec56b6019e
	- fabric-client-gametest-api-v1 6.0.0+515ac5339e
	- fabric-command-api-v2 3.1.0+00cb03469e
	- fabric-content-registries-v0 11.3.1+37b1aa249e
	- fabric-convention-tags-v2 4.7.0+1f023a9e9e
	- fabric-crash-report-info-v1 1.0.5+086d547a9e
	- fabric-creative-tab-api-v1 5.0.14+d871b99e9e
	- fabric-data-attachment-api-v1 2.2.18+515ac5339e
	- fabric-data-generation-api-v1 25.5.0+aed122aa9e
	- fabric-debug-api-v1 1.0.2+c792624d9e
	- fabric-dimensions-v1 5.1.11+515ac5339e
	- fabric-entity-events-v1 5.0.5+06488ac19e
	- fabric-events-interaction-v0 5.2.7+515ac5339e
	- fabric-game-rule-api-v1 4.0.8+46a6d00c9e
	- fabric-gametest-api-v1 4.0.21+4a7fa0819e
	- fabric-item-api-v1 14.5.0+c68f6cbe9e
	- fabric-key-mapping-api-v1 2.0.5+e2bdee789e
	- fabric-lifecycle-events-v1 4.1.3+4575b05f9e
	- fabric-loot-api-v3 3.0.17+06488ac19e
	- fabric-menu-api-v1 2.0.16+086d547a9e
	- fabric-message-api-v1 7.0.8+bb2ed3f79e
	- fabric-model-loading-api-v1 8.0.16+c80601bb9e
	- fabric-networking-api-v1 6.3.3+72073ef09e
	- fabric-object-builder-api-v1 24.1.0+6fcd5f039e
	- fabric-particles-v1 5.0.18+d1756aa99e
	- fabric-permission-api-v1 1.0.5+e442d8d09e
	- fabric-recipe-api-v1 9.0.20+11e1c9a39e
	- fabric-registry-sync-v0 7.1.0+c7bd5b8e9e
	- fabric-renderer-api-v1 14.1.3+2b0d8a229e
	- fabric-renderer-indigo 9.1.3+2b0d8a229e
	- fabric-rendering-fluids-v1 6.0.4+06488ac19e
	- fabric-rendering-v1 25.3.2+515ac5339e
	- fabric-resource-conditions-api-v1 6.1.0+10e9a28b9e
	- fabric-resource-loader-v0 3.3.20+4fc5413f9e
	- fabric-resource-loader-v1 2.0.13+9edec1269e
	- fabric-screen-api-v1 5.2.0+58e078ad9e
	- fabric-serialization-api-v1 2.0.4+11a26f319e
	- fabric-sound-api-v1 2.0.5+11a26f319e
	- fabric-tag-api-v1 2.1.4+515ac5339e
	- fabric-transfer-api-v1 8.0.12+11dbb7d79e
	- fabric-transitive-access-wideners-v1 8.1.4+67c847259e
	- fabricloader 0.19.3
	- java 25
	- minecraft 26.2
	- mixinextras 0.5.4
	- movrand 1.0.0
	- movrand-terrain-tests 1.0.0
[12:12:39] [main/INFO] (FabricLoader/Mixin) SpongePowered MIXIN Subsystem Version=0.8.7 Source=file:/C:/Users/damia/.gradle/caches/modules-2/files-2.1/net.fabricmc/sponge-mixin/0.17.3+mixin.0.8.7/41c4a3984a80f4679e759fb9f495587acc5cdac7/sponge-mixin-0.17.3+mixin.0.8.7.jar Service=Knot/Fabric Env=CLIENT
[12:12:39] [main/INFO] (FabricLoader/Mixin) Compatibility level set to JAVA_25
[12:12:40] [main/INFO] (FabricLoader/MixinExtras|Service) Initializing MixinExtras via com.llamalad7.mixinextras.service.MixinExtrasServiceImpl(version=0.5.4).
[12:12:41] [Datafixer Bootstrap #0/INFO] (Minecraft) 295 Datafixer optimizations took 280 milliseconds
[12:12:42] [main/ERROR] (HkeyPerformanceDataUtil) Unable to locate English counter names in registry Perflib 009. Counters may need to be rebuilt: 

com.sun.jna.platform.win32.Win32Exception: The parameter is incorrect.
	at knot//com.sun.jna.platform.win32.Advapi32Util.registryGetStringArray(Advapi32Util.java:921)
	at knot//com.sun.jna.platform.win32.Advapi32Util.registryGetStringArray(Advapi32Util.java:898)
	at knot//oshi.driver.windows.registry.HkeyPerformanceDataUtil.mapCounterIndicesFromRegistry(HkeyPerformanceDataUtil.java:274)
	at knot//oshi.driver.windows.registry.HkeyPerformanceDataUtil.<clinit>(HkeyPerformanceDataUtil.java:51)
	at knot//oshi.driver.windows.registry.ProcessPerformanceData.buildProcessMapFromRegistry(ProcessPerformanceData.java:45)
	at knot//oshi.software.os.windows.WindowsOperatingSystem.queryProcessMapFromRegistry(WindowsOperatingSystem.java:328)
	at knot//oshi.util.Memoizer$1.get(Memoizer.java:65)
	at knot//oshi.software.os.windows.WindowsOperatingSystem.processMapToList(WindowsOperatingSystem.java:298)
	at knot//oshi.software.os.windows.WindowsOperatingSystem.getProcess(WindowsOperatingSystem.java:292)
	at knot//oshi.software.os.OperatingSystem.getCurrentProcess(OperatingSystem.java:246)
	at knot//net.minecraft.SystemReport.lambda$putSoftware$0(SystemReport.java:116)
	at knot//net.minecraft.SystemReport.ignoreErrors(SystemReport.java:121)
	at knot//net.minecraft.SystemReport.putSoftware(SystemReport.java:116)
	at knot//net.minecraft.SystemReport.lambda$new$7(SystemReport.java:68)
	at knot//net.minecraft.SystemReport.ignoreErrors(SystemReport.java:121)
	at knot//net.minecraft.SystemReport.<init>(SystemReport.java:68)
	at knot//net.minecraft.CrashReport.<init>(CrashReport.java:35)
	at knot//net.minecraft.CrashReport.preload(CrashReport.java:252)
	at knot//net.minecraft.client.main.Main.main(Main.java:172)
	at net.fabricmc.loader.impl.game.minecraft.MinecraftGameProvider.launch(MinecraftGameProvider.java:514)
	at net.fabricmc.loader.impl.launch.knot.Knot.launch(Knot.java:72)
	at net.fabricmc.loader.impl.launch.knot.KnotClient.main(KnotClient.java:23)
	at net.fabricmc.devlaunchinjector.Main.main(Main.java:86)
[12:12:42] [main/WARN] (PerfCounterQuery) Unable to locate English counter names in registry Perflib 009. Assuming English counters. Error 0x80070057. See https://support.microsoft.com/en-us/help/300956/how-to-manually-rebuild-performance-counter-library-values
[12:12:42] [main/WARN] (Minecraft) Failed to get system info for Process Loads

java.lang.NullPointerException: Cannot invoke "oshi.software.os.OSProcess.getUserTime()" because "process" is null
	at knot//net.minecraft.SystemReport.lambda$putProcessDetails$0(SystemReport.java:190)
	at knot//net.minecraft.SystemReport.setDetail(SystemReport.java:96)
	at knot//net.minecraft.SystemReport.putProcessDetails(SystemReport.java:189)
	at knot//net.minecraft.SystemReport.lambda$putSoftware$0(SystemReport.java:116)
	at knot//net.minecraft.SystemReport.ignoreErrors(SystemReport.java:121)
	at knot//net.minecraft.SystemReport.putSoftware(SystemReport.java:116)
	at knot//net.minecraft.SystemReport.lambda$new$7(SystemReport.java:68)
	at knot//net.minecraft.SystemReport.ignoreErrors(SystemReport.java:121)
	at knot//net.minecraft.SystemReport.<init>(SystemReport.java:68)
	at knot//net.minecraft.CrashReport.<init>(CrashReport.java:35)
	at knot//net.minecraft.CrashReport.preload(CrashReport.java:252)
	at knot//net.minecraft.client.main.Main.main(Main.java:172)
	at net.fabricmc.loader.impl.game.minecraft.MinecraftGameProvider.launch(MinecraftGameProvider.java:514)
	at net.fabricmc.loader.impl.launch.knot.Knot.launch(Knot.java:72)
	at net.fabricmc.loader.impl.launch.knot.KnotClient.main(KnotClient.java:23)
	at net.fabricmc.devlaunchinjector.Main.main(Main.java:86)
[12:12:42] [main/WARN] (Minecraft) Failed to get system info for Process Virtual Size (MiB)

java.lang.NullPointerException: Cannot invoke "oshi.software.os.OSProcess.getVirtualSize()" because "process" is null
	at knot//net.minecraft.SystemReport.lambda$putProcessDetails$1(SystemReport.java:202)
	at knot//net.minecraft.SystemReport.setDetail(SystemReport.java:96)
	at knot//net.minecraft.SystemReport.putProcessDetails(SystemReport.java:202)
	at knot//net.minecraft.SystemReport.lambda$putSoftware$0(SystemReport.java:116)
	at knot//net.minecraft.SystemReport.ignoreErrors(SystemReport.java:121)
	at knot//net.minecraft.SystemReport.putSoftware(SystemReport.java:116)
	at knot//net.minecraft.SystemReport.lambda$new$7(SystemReport.java:68)
	at knot//net.minecraft.SystemReport.ignoreErrors(SystemReport.java:121)
	at knot//net.minecraft.SystemReport.<init>(SystemReport.java:68)
	at knot//net.minecraft.CrashReport.<init>(CrashReport.java:35)
	at knot//net.minecraft.CrashReport.preload(CrashReport.java:252)
	at knot//net.minecraft.client.main.Main.main(Main.java:172)
	at net.fabricmc.loader.impl.game.minecraft.MinecraftGameProvider.launch(MinecraftGameProvider.java:514)
	at net.fabricmc.loader.impl.launch.knot.Knot.launch(Knot.java:72)
	at net.fabricmc.loader.impl.launch.knot.KnotClient.main(KnotClient.java:23)
	at net.fabricmc.devlaunchinjector.Main.main(Main.java:86)
[12:12:42] [main/WARN] (Minecraft) Failed to get system info for Process Resident Size (MiB)

java.lang.NullPointerException: Cannot invoke "oshi.software.os.OSProcess.getResidentSetSize()" because "process" is null
	at knot//net.minecraft.SystemReport.lambda$putProcessDetails$2(SystemReport.java:203)
	at knot//net.minecraft.SystemReport.setDetail(SystemReport.java:96)
	at knot//net.minecraft.SystemReport.putProcessDetails(SystemReport.java:203)
	at knot//net.minecraft.SystemReport.lambda$putSoftware$0(SystemReport.java:116)
	at knot//net.minecraft.SystemReport.ignoreErrors(SystemReport.java:121)
	at knot//net.minecraft.SystemReport.putSoftware(SystemReport.java:116)
	at knot//net.minecraft.SystemReport.lambda$new$7(SystemReport.java:68)
	at knot//net.minecraft.SystemReport.ignoreErrors(SystemReport.java:121)
	at knot//net.minecraft.SystemReport.<init>(SystemReport.java:68)
	at knot//net.minecraft.CrashReport.<init>(CrashReport.java:35)
	at knot//net.minecraft.CrashReport.preload(CrashReport.java:252)
	at knot//net.minecraft.client.main.Main.main(Main.java:172)
	at net.fabricmc.loader.impl.game.minecraft.MinecraftGameProvider.launch(MinecraftGameProvider.java:514)
	at net.fabricmc.loader.impl.launch.knot.Knot.launch(Knot.java:72)
	at net.fabricmc.loader.impl.launch.knot.KnotClient.main(KnotClient.java:23)
	at net.fabricmc.devlaunchinjector.Main.main(Main.java:86)
[12:12:46] [Render thread/INFO] (Minecraft) Environment: Environment[sessionHost=https://sessionserver.mojang.com, servicesHost=https://api.minecraftservices.com, profilesHost=https://api.mojang.com, name=PROD]
[12:12:46] [Render thread/INFO] (Minecraft) Setting user: Player0
[12:12:46] [Render thread/INFO] (movrand) [movrand] loaded — open the menu with the key bound to key.movrand.open
[12:12:46] [Render thread/INFO] (Indigo) [Indigo] Registering Indigo renderer!
[12:12:47] [Render thread/ERROR] (Minecraft) Illegal option value 0 for Anisotropic Filtering
[12:12:47] [Render thread/INFO] (Minecraft) Backend library: LWJGL version 3.4.1-snapshot
[12:12:49] [Render thread/INFO] (Minecraft) Preferring discrete GPU: NVIDIA GeForce RTX 4050 Laptop GPU
[12:12:49] [Render thread/INFO] (Minecraft) Using graphics backend OpenGL, using drivers: 3.3.0 - Build 32.0.101.5972
[12:12:49] [Render thread/INFO] (Minecraft) Using graphics device: Intel(R) Graphics (Intel)
[12:12:49] [Render thread/INFO] (Minecraft) Using graphics device extensions: GL_ARB_multi_draw_indirect, GL_ARB_buffer_storage, GL_ARB_shader_draw_parameters, GL_ARB_base_instance, GL_KHR_debug, GL_ARB_draw_indirect, GL_ARB_clip_control, GL_ARB_vertex_attrib_binding, GL_ARB_direct_state_access, GL_EXT_texture_filter_anisotropic
[12:12:49] [Render thread/INFO] (Minecraft) Reloading ResourceManager: vanilla, fabric-api, fabric-api-base, fabric-api-lookup-api-v1, fabric-biome-api-v1, fabric-block-api-v1, fabric-block-getter-api-v2, fabric-client-gametest-api-v1, fabric-command-api-v2, fabric-content-registries-v0, fabric-convention-tags-v2, fabric-crash-report-info-v1, fabric-creative-tab-api-v1, fabric-data-attachment-api-v1, fabric-data-generation-api-v1, fabric-debug-api-v1, fabric-dimensions-v1, fabric-entity-events-v1, fabric-events-interaction-v0, fabric-game-rule-api-v1, fabric-gametest-api-v1, fabric-item-api-v1, fabric-key-mapping-api-v1, fabric-lifecycle-events-v1, fabric-loot-api-v3, fabric-menu-api-v1, fabric-message-api-v1, fabric-model-loading-api-v1, fabric-networking-api-v1, fabric-object-builder-api-v1, fabric-particles-v1, fabric-permission-api-v1, fabric-recipe-api-v1, fabric-registry-sync-v0, fabric-renderer-api-v1, fabric-renderer-indigo, fabric-rendering-fluids-v1, fabric-rendering-v1, fabric-resource-conditions-api-v1, fabric-resource-loader-v0, fabric-resource-loader-v1, fabric-screen-api-v1, fabric-serialization-api-v1, fabric-sound-api-v1, fabric-tag-api-v1, fabric-transfer-api-v1, fabric-transitive-access-wideners-v1, fabricloader, movrand
[12:12:50] [Download-1/INFO] (Minecraft) Could not authorize you against Realms server: java.lang.RuntimeException: Failed to parse into SignedJWT: FabricMC
[12:12:50] [Render thread/INFO] (Minecraft) [CHAT] [Baritone] Baritone settings file not found, resetting.
[12:12:50] [Worker-Main-6/INFO] (Minecraft) Found unifont_all_no_pua-17.0.01.hex, loading
[12:12:50] [Worker-Main-2/INFO] (Minecraft) Found unifont_jp_patch-17.0.01.hex, loading
[12:12:50] [Worker-Main-11/INFO] (Minecraft) Found unifont_pua-17.0.01.hex, loading
[12:12:50] [Render thread/INFO] (Minecraft) [STDOUT]: [nether-pathfinder] Created temp file at C:\Users\damia\AppData\Local\Temp\nether_pathfinder-x86_641192303419135677669.dll
[12:12:50] [Render thread/INFO] (Minecraft) [STDERR]: [nether-pathfinder] Failed to delete temp file
[12:12:50] [Render thread/INFO] (Minecraft) [STDOUT]: [nether-pathfinder] Loaded shared library
[12:12:51] [Render thread/INFO] (Minecraft) OpenAL initialized on device OpenAL Soft on Speakers (Realtek(R) Audio)
[12:12:51] [Render thread/INFO] (Minecraft) Sound engine started
[12:12:51] [Render thread/INFO] (Minecraft) Created: 512x256x0 minecraft:textures/atlas/particles.png-atlas
[12:12:51] [Render thread/INFO] (Minecraft) Created: 128x128x0 minecraft:textures/atlas/decorated_pot.png-atlas
[12:12:51] [Render thread/INFO] (Minecraft) Created: 2048x1024x0 minecraft:textures/atlas/armor_trims.png-atlas
[12:12:51] [Render thread/INFO] (Minecraft) Created: 512x256x0 minecraft:textures/atlas/paintings.png-atlas
[12:12:51] [Render thread/INFO] (Minecraft) Created: 1024x512x0 minecraft:textures/atlas/shield_patterns.png-atlas
[12:12:51] [Render thread/INFO] (Minecraft) Created: 2048x2048x4 minecraft:textures/atlas/blocks.png-atlas
[12:12:52] [Render thread/INFO] (Minecraft) Created: 512x512x0 minecraft:textures/atlas/chest.png-atlas
[12:12:52] [Render thread/INFO] (Minecraft) Created: 256x128x0 minecraft:textures/atlas/celestials.png-atlas
[12:12:52] [Render thread/INFO] (Minecraft) Created: 1024x512x0 minecraft:textures/atlas/banner_patterns.png-atlas
[12:12:52] [Render thread/INFO] (Minecraft) Created: 1024x512x0 minecraft:textures/atlas/items.png-atlas
[12:12:52] [Render thread/INFO] (Minecraft) Created: 1024x1024x0 minecraft:textures/atlas/gui.png-atlas
[12:12:52] [Render thread/INFO] (Minecraft) Created: 128x64x0 minecraft:textures/atlas/map_decorations.png-atlas
[12:12:52] [Render thread/INFO] (Minecraft) Created: 512x512x0 minecraft:textures/atlas/shulker_boxes.png-atlas
[12:12:52] [Download-1/INFO] (Minecraft) Could not authorize you against Realms server: java.lang.RuntimeException: Failed to parse into SignedJWT: FabricMC
[12:12:54] [Render thread/INFO] (fabric-client-gametest-api-v1) World loading finished: null screen: net.minecraft.client.gui.screens.GenericMessageScreen@25da4651
[12:12:54] [Render thread/INFO] (fabric-client-gametest-api-v1) World loading finished: null screen: net.minecraft.client.gui.screens.GenericMessageScreen@25da4651
[12:12:54] [Render thread/INFO] (Minecraft) Found new data pack fabric-gametest-api-v1, loading it automatically
[12:12:56] [Render thread/INFO] (Minecraft) Loaded 1585 recipes
[12:12:56] [Render thread/INFO] (Minecraft) Loaded 1688 advancements
[12:12:56] [Render thread/INFO] (BiomeModificationImpl) Applied 0 biome modifications to 0 of 66 new biomes in 1.913 ms
[12:12:56] [Server thread/INFO] (Minecraft) Starting integrated minecraft server version 26.2
[12:12:56] [Server thread/INFO] (Minecraft) Generating keypair
[12:12:56] [Server thread/INFO] (Minecraft) Loading 0 persistent chunks...
[12:12:56] [Server thread/INFO] (Minecraft) Preparing spawn area: 16%
[12:12:56] [Server thread/INFO] (Minecraft) Saving chunks for level 'ServerLevel[base maker test]'/minecraft:overworld
[12:12:57] [Server thread/INFO] (Minecraft) Saving chunks for level 'ServerLevel[base maker test]'/minecraft:the_nether
[12:12:57] [Server thread/INFO] (Minecraft) Saving chunks for level 'ServerLevel[base maker test]'/minecraft:the_end
[12:12:57] [Server thread/INFO] (Minecraft) ThreadedAnvilChunkStorage (world): All chunks are saved
[12:12:57] [Server thread/INFO] (Minecraft) ThreadedAnvilChunkStorage (DIM-1): All chunks are saved
[12:12:57] [Server thread/INFO] (Minecraft) ThreadedAnvilChunkStorage (DIM1): All chunks are saved
[12:12:57] [Server thread/INFO] (Minecraft) ThreadedAnvilChunkStorage: All dimensions are saved
[12:12:57] [Render thread/INFO] (fabric-client-gametest-api-v1) World loading finished: null screen: net.minecraft.client.gui.screens.LevelLoadingScreen@30f967da
[12:12:57] [Render thread/INFO] (fabric-client-gametest-api-v1) World loading finished: null screen: net.minecraft.client.gui.screens.LevelLoadingScreen@30f967da
[12:12:57] [Render thread/INFO] (fabric-client-gametest-api-v1) World loading finished: null screen: net.minecraft.client.gui.screens.LevelLoadingScreen@30f967da
[12:12:57] [Render thread/INFO] (fabric-client-gametest-api-v1) World loading finished: null screen: net.minecraft.client.gui.screens.LevelLoadingScreen@30f967da
[12:12:57] [Render thread/INFO] (fabric-client-gametest-api-v1) World loading finished: null screen: net.minecraft.client.gui.screens.LevelLoadingScreen@30f967da
[12:12:57] [Render thread/INFO] (fabric-client-gametest-api-v1) World loading finished: null screen: net.minecraft.client.gui.screens.LevelLoadingScreen@30f967da
[12:12:57] [Render thread/INFO] (fabric-client-gametest-api-v1) World loading finished: null screen: net.minecraft.client.gui.screens.LevelLoadingScreen@30f967da
[12:12:57] [Render thread/INFO] (fabric-client-gametest-api-v1) World loading finished: null screen: net.minecraft.client.gui.screens.LevelLoadingScreen@30f967da
[12:12:57] [Render thread/INFO] (fabric-client-gametest-api-v1) World loading finished: null screen: net.minecraft.client.gui.screens.LevelLoadingScreen@30f967da
[12:12:57] [Server thread/INFO] (Minecraft) Loading 49 chunks for player spawn...
[12:12:57] [Server thread/INFO] (Minecraft) Preparing spawn area: 16%
[12:12:58] [Render thread/INFO] (fabric-client-gametest-api-v1) World loading finished: null screen: net.minecraft.client.gui.screens.LevelLoadingScreen@30f967da
[12:12:58] [Server thread/INFO] (Minecraft) Preparing spawn area: 16%
[12:12:58] [Render thread/INFO] (fabric-client-gametest-api-v1) World loading finished: null screen: net.minecraft.client.gui.screens.LevelLoadingScreen@30f967da
[12:12:58] [Render thread/INFO] (fabric-client-gametest-api-v1) World loading finished: null screen: net.minecraft.client.gui.screens.LevelLoadingScreen@30f967da
[12:12:58] [Render thread/INFO] (fabric-client-gametest-api-v1) World loading finished: null screen: net.minecraft.client.gui.screens.LevelLoadingScreen@30f967da
[12:12:58] [Render thread/INFO] (fabric-client-gametest-api-v1) World loading finished: null screen: net.minecraft.client.gui.screens.LevelLoadingScreen@30f967da
[12:12:58] [Render thread/INFO] (fabric-client-gametest-api-v1) World loading finished: null screen: net.minecraft.client.gui.screens.LevelLoadingScreen@30f967da
[12:12:58] [Server thread/INFO] (Minecraft) Time elapsed: 1294 ms
[12:12:58] [Render thread/INFO] (fabric-client-gametest-api-v1) World loading finished: null screen: net.minecraft.client.gui.screens.LevelLoadingScreen@30f967da
[12:12:58] [Server thread/INFO] (Minecraft) Player0[local:E:24496fdd] logged in with entity id 24 at (196.1193280962868, 69.0, -69.23592797046915)
[12:12:58] [Server thread/INFO] (Minecraft) Player0 joined the game
[12:12:58] [Server thread/INFO] (Minecraft) Player0 has made the advancement [Stone Age]
[12:12:58] [Server thread/INFO] (Minecraft) Changing view distance to 5, from 10
[12:12:58] [Server thread/INFO] (Minecraft) Changing simulation distance to 12, from 0
[12:12:58] [Render thread/INFO] (fabric-client-gametest-api-v1) World loading finished: null screen: net.minecraft.client.gui.screens.LevelLoadingScreen@30f967da
[12:12:58] [Render thread/INFO] (Minecraft) [STDOUT]: Baritone world data dir: C:\Users\damia\Desktop\AI_Projects\Minecraft\Movement_And_Randomisation\build\run\clientGameTest\saves\builder-profile-81bc5c73-efc1-4e78-b392-d124cf2c5f64\.\baritone\minecraft\overworld_384
[12:12:58] [Render thread/INFO] (Minecraft) [STDOUT]: Cached world directory: C:\Users\damia\Desktop\AI_Projects\Minecraft\Movement_And_Randomisation\build\run\clientGameTest\saves\builder-profile-81bc5c73-efc1-4e78-b392-d124cf2c5f64\.\baritone\minecraft\overworld_384\cache
[12:12:58] [Render thread/INFO] (Minecraft) [STDOUT]: Would save waypoints to C:\Users\damia\Desktop\AI_Projects\Minecraft\Movement_And_Randomisation\build\run\clientGameTest\saves\builder-profile-81bc5c73-efc1-4e78-b392-d124cf2c5f64\.\baritone\minecraft\overworld_384\waypoints
[12:12:58] [Render thread/INFO] (Minecraft) [System] [CHAT] Player0 has made the advancement [Stone Age]
[12:12:58] [Render thread/INFO] (Minecraft) Loaded 45 advancements
[12:12:58] [Render thread/INFO] (fabric-client-gametest-api-v1) World loading finished: ClientLevel screen: net.minecraft.client.gui.screens.LevelLoadingScreen@30f967da
[12:12:58] [Render thread/INFO] (Minecraft) Resizing Dynamic Transforms UBO, capacity limit of 2 reached during a single frame. New capacity will be 4.
[12:12:58] [Render thread/INFO] (fabric-client-gametest-api-v1) World loading finished: ClientLevel screen: net.minecraft.client.gui.screens.LevelLoadingScreen@30f967da
[12:12:58] [Render thread/INFO] (Minecraft) Resizing Dynamic Transforms UBO, capacity limit of 4 reached during a single frame. New capacity will be 8.
[12:12:58] [Render thread/INFO] (fabric-client-gametest-api-v1) World loading finished: ClientLevel screen: net.minecraft.client.gui.screens.LevelLoadingScreen@30f967da
[12:12:59] [Render thread/INFO] (Minecraft) Resizing Dynamic Transforms UBO, capacity limit of 8 reached during a single frame. New capacity will be 16.
[12:12:59] [Render thread/INFO] (fabric-client-gametest-api-v1) World loading finished: ClientLevel screen: net.minecraft.client.gui.screens.LevelLoadingScreen@30f967da
[12:12:59] [Download-1/ERROR] (Minecraft) Failed to retrieve profile key pair

MinecraftClientHttpException[type=HTTP_ERROR, status=401, response=ErrorResponse[path=/player/certificates, error=null, errorMessage=null, details=null]]
	at knot//com.mojang.authlib.minecraft.client.MinecraftClient.buildHttpException(MinecraftClient.java:170)
	at knot//com.mojang.authlib.minecraft.client.MinecraftClient.readServiceResponse(MinecraftClient.java:147)
	at knot//com.mojang.authlib.minecraft.client.MinecraftClient.post(MinecraftClient.java:89)
	at knot//com.mojang.authlib.yggdrasil.YggdrasilUserApiService.getKeyPair(YggdrasilUserApiService.java:62)
	at knot//net.minecraft.client.multiplayer.AccountProfileKeyPairManager.fetchProfileKeyPair(AccountProfileKeyPairManager.java:128)
	at knot//net.minecraft.client.multiplayer.AccountProfileKeyPairManager.lambda$readOrFetchProfileKeyPair$0(AccountProfileKeyPairManager.java:77)
	at java.base/java.util.concurrent.CompletableFuture$AsyncSupply.run(CompletableFuture.java:1789)
	at java.base/java.util.concurrent.ThreadPoolExecutor.runWorker(ThreadPoolExecutor.java:1090)
	at java.base/java.util.concurrent.ThreadPoolExecutor$Worker.run(ThreadPoolExecutor.java:614)
	at java.base/java.lang.Thread.run(Thread.java:1474)
[12:12:59] [Render thread/INFO] (fabric-client-gametest-api-v1) World loading finished: ClientLevel screen: net.minecraft.client.gui.screens.LevelLoadingScreen@30f967da
[12:12:59] [Render thread/INFO] (fabric-client-gametest-api-v1) World loading finished: ClientLevel screen: net.minecraft.client.gui.screens.LevelLoadingScreen@30f967da
[12:12:59] [Render thread/INFO] (fabric-client-gametest-api-v1) World loading finished: ClientLevel screen: net.minecraft.client.gui.screens.LevelLoadingScreen@30f967da
[12:12:59] [Render thread/INFO] (Minecraft) Resizing Chunk Sections UBO, capacity limit of 2 reached during a single frame. New capacity will be 4.
[12:12:59] [Render thread/INFO] (fabric-client-gametest-api-v1) World loading finished: ClientLevel screen: null
[12:12:59] [Render thread/INFO] (Minecraft) Resizing Chunk Sections UBO, capacity limit of 4 reached during a single frame. New capacity will be 8.
[12:12:59] [Render thread/INFO] (movrand) BUILDER PROFILE start save=C:\Users\damia\Desktop\AI_Projects\Minecraft\Movement_And_Randomisation\build\run\clientGameTest\saves\builder-profile-81bc5c73-efc1-4e78-b392-d124cf2c5f64 position=(196.1193280962868, 69.0, -69.23592797046915) inventory=net.minecraft.world.entity.player.Inventory@778191e2 config=Other smp origin=195,69,-70 mirror=2
[12:12:59] [Render thread/INFO] (Minecraft) [System] [CHAT] §8[§bMovRand§8] §r§aMovement on
[12:12:59] [Render thread/INFO] (Minecraft) Resizing Chunk Sections UBO, capacity limit of 8 reached during a single frame. New capacity will be 16.
[12:12:59] [Render thread/INFO] (Minecraft) Resizing Chunk Sections UBO, capacity limit of 16 reached during a single frame. New capacity will be 32.
[12:12:59] [Render thread/INFO] (Minecraft) Resizing Chunk Sections UBO, capacity limit of 32 reached during a single frame. New capacity will be 64.
[12:13:00] [Render thread/INFO] (Minecraft) Resizing Chunk Sections UBO, capacity limit of 64 reached during a single frame. New capacity will be 128.
[12:13:03] [Render thread/INFO] (movrand) [builder] Waiting for neighbours, growth or redstone state at 191, 70, -68 Block{minecraft:chest}[facing=west,type=left,waterlogged=false]
[12:13:04] [Render thread/INFO] (movrand) BUILDER PROFILE tick=100 position=(190.4951874604786, 69.0, -66.80535544439134) target=191, 70, -67 Block{minecraft:chest}[facing=west,type=right,waterlogged=false] phase=BUILDING interactions=3 verified=0 status=Placing 191, 70, -67 wait=Waiting for server
[12:13:04] [Render thread/INFO] (movrand) [builder] Waiting for neighbours, growth or redstone state at 191, 70, -67 Block{minecraft:chest}[facing=west,type=right,waterlogged=false]
[12:13:07] [Render thread/INFO] (movrand) [builder] Waiting for neighbours, growth or redstone state at 189, 70, -66 Block{minecraft:chest}[facing=north,type=right,waterlogged=false]
[12:13:08] [Render thread/INFO] (movrand) [builder] Waiting for neighbours, growth or redstone state at 190, 70, -66 Block{minecraft:chest}[facing=north,type=left,waterlogged=false]
[12:13:09] [Render thread/INFO] (movrand) BUILDER PROFILE tick=200 position=(190.49861537890692, 68.0, -66.11509786125627) target=191, 70, -66 Block{minecraft:deepslate_brick_slab}[type=top,waterlogged=false] phase=BUILDING interactions=7 verified=0 status=Approaching 191, 70, -66 · Baritone: Traverse wait=Waiting for server
[12:13:13] [Render thread/INFO] (movrand) [builder] Waiting for neighbours, growth or redstone state at 192, 70, -66 Block{minecraft:chest}[facing=north,type=right,waterlogged=false]
[12:13:14] [Render thread/INFO] (movrand) [builder] Waiting for neighbours, growth or redstone state at 193, 70, -66 Block{minecraft:chest}[facing=north,type=left,waterlogged=false]
[12:13:14] [Render thread/INFO] (movrand) BUILDER PROFILE tick=300 position=(193.37710575071662, 69.0, -66.48757455108277) target=— phase=BUILDING interactions=10 verified=0 status=Waiting for neighbours, growth or redstone state at 193, 70, -66 Block{minecraft:chest}[facing=north,type=left,waterlogged=false] wait=Waiting for server
[12:13:16] [Render thread/INFO] (movrand) [builder] Waiting for neighbours, growth or redstone state at 191, 70, -65 Block{minecraft:chest}[facing=west,type=left,waterlogged=false]
[12:13:17] [Render thread/INFO] (movrand) [builder] Waiting for neighbours, growth or redstone state at 191, 70, -64 Block{minecraft:chest}[facing=west,type=right,waterlogged=false]
[12:13:19] [Render thread/INFO] (movrand) BUILDER PROFILE tick=400 position=(192.48680947832955, 70.24918707874468, -62.73519064430648) target=191, 71, -68 Block{minecraft:hopper}[enabled=true,facing=down] phase=BUILDING interactions=12 verified=0 status=Approaching 191, 71, -68 · Baritone: Ascend wait=Waiting for server
[12:13:24] [Render thread/INFO] (movrand) BUILDER PROFILE tick=500 position=(192.0551840697311, 70.875, -63.42110329837177) target=192, 71, -66 Block{minecraft:hopper}[enabled=true,facing=down] phase=BUILDING interactions=17 verified=0 status=Placing 192, 71, -66 wait=Waiting for server
[12:13:27] [Render thread/INFO] (movrand) [builder] No accessible placement angle/support at 191, 71, -64 Block{minecraft:hopper}[enabled=true,facing=down]
[12:13:28] [ForkJoinPool.commonPool-worker-1/INFO] (Minecraft) [STDOUT]: Saving region 0,0 to disk C:\Users\damia\Desktop\AI_Projects\Minecraft\Movement_And_Randomisation\build\run\clientGameTest\saves\builder-profile-81bc5c73-efc1-4e78-b392-d124cf2c5f64\.\baritone\minecraft\overworld_384\cache
[12:13:28] [pool-4-thread-2/INFO] (Minecraft) [STDOUT]: Saving region 0,-1 to disk C:\Users\damia\Desktop\AI_Projects\Minecraft\Movement_And_Randomisation\build\run\clientGameTest\saves\builder-profile-81bc5c73-efc1-4e78-b392-d124cf2c5f64\.\baritone\minecraft\overworld_384\cache
[12:13:28] [ForkJoinPool.commonPool-worker-1/INFO] (Minecraft) [STDOUT]: Saved region successfully
[12:13:28] [pool-4-thread-2/INFO] (Minecraft) [STDOUT]: Saved region successfully
[12:13:28] [pool-4-thread-2/INFO] (Minecraft) [STDOUT]: World save took 53ms
[12:13:29] [Render thread/INFO] (movrand) BUILDER PROFILE tick=600 position=(190.35257562077518, 69.72989329934836, -63.491461826942455) target=190, 71, -69 Block{minecraft:cobblestone} phase=BUILDING interactions=20 verified=0 status=Approaching 190, 71, -69 · Baritone: Fall wait=Waiting for server
[12:13:34] [Render thread/INFO] (movrand) BUILDER PROFILE tick=700 position=(191.53823389476602, 71.00133597911214, -68.50140003949733) target=190, 72, -69 Block{minecraft:cobblestone} phase=BUILDING interactions=21 verified=0 status=Placing 190, 72, -69 wait=Waiting for server
[12:13:39] [Render thread/INFO] (movrand) BUILDER PROFILE tick=800 position=(191.53823389476602, 70.0, -68.50140003949733) target=190, 72, -69 Block{minecraft:cobblestone} phase=BUILDING interactions=21 verified=0 status=Approaching 190, 72, -69 · Baritone: Pillar wait=Waiting for server
[12:13:44] [Render thread/INFO] (movrand) BUILDER PROFILE tick=900 position=(191.53823389476602, 71.02442408821369, -68.50140003949733) target=190, 72, -69 Block{minecraft:cobblestone} phase=BUILDING interactions=21 verified=0 status=Placing 190, 72, -69 wait=Waiting for server
[12:13:49] [Render thread/INFO] (movrand) BUILDER PROFILE tick=1000 position=(191.53823389476602, 71.16610926093821, -68.50140003949733) target=190, 72, -69 Block{minecraft:cobblestone} phase=BUILDING interactions=21 verified=0 status=Placing 190, 72, -69 wait=Waiting for server
[12:13:50] [Render thread/INFO] (movrand) [builder] Cannot reach or place 190, 72, -69 Block{minecraft:cobblestone} · Waiting for server
[12:13:54] [Render thread/INFO] (movrand) BUILDER PROFILE tick=1100 position=(191.60450874635498, 71.25220334025373, -68.5650049020189) target=189, 72, -68 Block{minecraft:cobblestone} phase=BUILDING interactions=22 verified=0 status=Placing 189, 72, -68 wait=Waiting for server
[12:13:59] [Render thread/INFO] (movrand) BUILDER PROFILE tick=1200 position=(191.59626043279815, 70.7531999805212, -68.55942724807682) target=189, 72, -68 Block{minecraft:cobblestone} phase=BUILDING interactions=22 verified=0 status=Approaching 189, 72, -68 · Baritone: Pillar wait=Waiting for server
[12:14:04] [Render thread/INFO] (movrand) BUILDER PROFILE tick=1300 position=(191.59626043279815, 70.1212968405392, -68.55942724807682) target=189, 72, -68 Block{minecraft:cobblestone} phase=BUILDING interactions=22 verified=0 status=Approaching 189, 72, -68 · Baritone: Pillar wait=Waiting for server
[12:14:09] [Render thread/INFO] (movrand) BUILDER PROFILE tick=1400 position=(191.59626043279815, 71.17675927506424, -68.55942724807682) target=189, 72, -68 Block{minecraft:cobblestone} phase=BUILDING interactions=22 verified=0 status=Placing 189, 72, -68 wait=Waiting for server
[12:14:10] [Render thread/INFO] (movrand) [builder] Cannot reach or place 189, 72, -68 Block{minecraft:cobblestone} · Waiting for server
[12:14:10] [Render thread/INFO] (movrand) [builder] No accessible placement angle/support at 190, 72, -68 Block{minecraft:deepslate_brick_slab}[type=top,waterlogged=false]
[12:14:14] [Render thread/INFO] (movrand) BUILDER PROFILE tick=1500 position=(191.59626043279815, 70.79673560066871, -68.55942724807682) target=191, 72, -68 Block{minecraft:powered_rail}[powered=false,shape=north_south,waterlogged=false] phase=BUILDING interactions=22 verified=0 status=Placing 191, 72, -68 wait=Waiting for server
[12:14:19] [Render thread/INFO] (movrand) BUILDER PROFILE tick=1600 position=(191.59626043279815, 71.24918707874468, -68.55942724807682) target=191, 72, -68 Block{minecraft:powered_rail}[powered=false,shape=north_south,waterlogged=false] phase=BUILDING interactions=22 verified=0 status=Placing 191, 72, -68 wait=Waiting for server
[12:14:24] [Render thread/INFO] (movrand) BUILDER PROFILE tick=1700 position=(191.59626043279815, 70.41999998688698, -68.55942724807682) target=191, 72, -68 Block{minecraft:powered_rail}[powered=false,shape=north_south,waterlogged=false] phase=BUILDING interactions=22 verified=0 status=Approaching 191, 72, -68 · Baritone: Pillar wait=Waiting for server
[12:14:29] [Render thread/INFO] (movrand) [builder] Cannot reach or place 191, 72, -68 Block{minecraft:powered_rail}[powered=false,shape=north_south,waterlogged=false] · Waiting for server
[12:14:29] [Render thread/INFO] (movrand) BUILDER PROFILE tick=1800 position=(191.59626043279815, 70.49520087700593, -68.55942724807682) target=192, 72, -68 Block{minecraft:deepslate_brick_slab}[type=top,waterlogged=false] phase=BUILDING interactions=22 verified=0 status=Cannot reach or place 191, 72, -68 Block{minecraft:powered_rail}[powered=false,shape=north_south,waterlogged=false] · Waiting for server wait=Waiting for server

> Task :runClientGameTest FAILED

[Incubating] Problems report is available at: file:///C:/Users/damia/Desktop/AI_Projects/Minecraft/Movement_And_Randomisation/build/reports/problems/problems-report.html

FAILURE: Build failed with an exception.

* What went wrong:
Execution failed for task ':runClientGameTest' (registered by plugin 'fabric-loom').
> Process 'command 'C:\Program Files\Eclipse Adoptium\jdk-25.0.4.7-hotspot\bin\java.exe'' finished with non-zero exit value -1 (NTSTATUS 0xFFFFFFFF)

* Try:
> Run with --stacktrace option to get the stack trace.
> Run with --info or --debug option to get more log output.
> Run with --scan to get full insights from a Build Scan (powered by Develocity).
> Get more help at https://help.gradle.org.

10 actionable tasks: 4 executed, 6 up-to-date
BUILD FAILED in 1m 57s
