
> Configure project :
Fabric Loom: 1.17.20

> Task :compileJava

Note: Some input files use or override a deprecated API.
> Task :verifyBaritone
Note: Recompile with -Xlint:deprecation for details.
> Task :processResources UP-TO-DATE
> Task :classes
> Task :compileGametestJava UP-TO-DATE
> Task :generateLog4jConfig UP-TO-DATE
> Task :generateDLIConfig UP-TO-DATE
> Task :configureLaunch UP-TO-DATE
> Task :downloadAssets UP-TO-DATE
> Task :configureClientLaunch UP-TO-DATE
> Task :deleteGameTestRunDir
> Task :processGametestResources UP-TO-DATE
> Task :gametestClasses UP-TO-DATE

> Task :runClientGameTest
[12:08:21] [main/INFO] (FabricLoader/GameProvider) Loading Minecraft 26.2 with Fabric Loader 0.19.3
[12:08:21] [main/INFO] (FabricLoader/Mappings) Mappings not present!
[12:08:22] [main/INFO] (FabricLoader) Loading 54 mods:
	- baritone 1.19.0
	   \-- dev_babbaj_nether-pathfinder 1.6
	- fabric-api 0.158.0+26.2
	- fabric-api-base 2.0.4+ece063239e
	- fabric-api-lookup-api-v1 2.0.17+11e1c9a39e
	- fabric-biome-api-v1 18.0.6+c7bd5b8e9e
	- fabric-block-api-v1 3.0.3+ec56b6019e
	- fabric-block-getter-api-v2 2.0.7+ec56b6019e
	- fabric-client-gametest-api-v1 6.0.0+515ac5339e
	- fabric-command-api-v2 3.1.0+00cb03469e
	- fabric-content-registries-v0 11.3.1+37b1aa249e
	- fabric-convention-tags-v2 4.7.0+1f023a9e9e
	- fabric-crash-report-info-v1 1.0.5+086d547a9e
	- fabric-creative-tab-api-v1 5.0.14+d871b99e9e
	- fabric-data-attachment-api-v1 2.2.18+515ac5339e
	- fabric-data-generation-api-v1 25.5.0+aed122aa9e
	- fabric-debug-api-v1 1.0.2+c792624d9e
	- fabric-dimensions-v1 5.1.11+515ac5339e
	- fabric-entity-events-v1 5.0.5+06488ac19e
	- fabric-events-interaction-v0 5.2.7+515ac5339e
	- fabric-game-rule-api-v1 4.0.8+46a6d00c9e
	- fabric-gametest-api-v1 4.0.21+4a7fa0819e
	- fabric-item-api-v1 14.5.0+c68f6cbe9e
	- fabric-key-mapping-api-v1 2.0.5+e2bdee789e
	- fabric-lifecycle-events-v1 4.1.3+4575b05f9e
	- fabric-loot-api-v3 3.0.17+06488ac19e
	- fabric-menu-api-v1 2.0.16+086d547a9e
	- fabric-message-api-v1 7.0.8+bb2ed3f79e
	- fabric-model-loading-api-v1 8.0.16+c80601bb9e
	- fabric-networking-api-v1 6.3.3+72073ef09e
	- fabric-object-builder-api-v1 24.1.0+6fcd5f039e
	- fabric-particles-v1 5.0.18+d1756aa99e
	- fabric-permission-api-v1 1.0.5+e442d8d09e
	- fabric-recipe-api-v1 9.0.20+11e1c9a39e
	- fabric-registry-sync-v0 7.1.0+c7bd5b8e9e
	- fabric-renderer-api-v1 14.1.3+2b0d8a229e
	- fabric-renderer-indigo 9.1.3+2b0d8a229e
	- fabric-rendering-fluids-v1 6.0.4+06488ac19e
	- fabric-rendering-v1 25.3.2+515ac5339e
	- fabric-resource-conditions-api-v1 6.1.0+10e9a28b9e
	- fabric-resource-loader-v0 3.3.20+4fc5413f9e
	- fabric-resource-loader-v1 2.0.13+9edec1269e
	- fabric-screen-api-v1 5.2.0+58e078ad9e
	- fabric-serialization-api-v1 2.0.4+11a26f319e
	- fabric-sound-api-v1 2.0.5+11a26f319e
	- fabric-tag-api-v1 2.1.4+515ac5339e
	- fabric-transfer-api-v1 8.0.12+11dbb7d79e
	- fabric-transitive-access-wideners-v1 8.1.4+67c847259e
	- fabricloader 0.19.3
	- java 25
	- minecraft 26.2
	- mixinextras 0.5.4
	- movrand 1.0.0
	- movrand-terrain-tests 1.0.0
[12:08:22] [main/INFO] (FabricLoader/Mixin) SpongePowered MIXIN Subsystem Version=0.8.7 Source=file:/C:/Users/damia/.gradle/caches/modules-2/files-2.1/net.fabricmc/sponge-mixin/0.17.3+mixin.0.8.7/41c4a3984a80f4679e759fb9f495587acc5cdac7/sponge-mixin-0.17.3+mixin.0.8.7.jar Service=Knot/Fabric Env=CLIENT
[12:08:22] [main/INFO] (FabricLoader/Mixin) Compatibility level set to JAVA_25
[12:08:23] [main/INFO] (FabricLoader/MixinExtras|Service) Initializing MixinExtras via com.llamalad7.mixinextras.service.MixinExtrasServiceImpl(version=0.5.4).
[12:08:24] [Datafixer Bootstrap #0/INFO] (Minecraft) 295 Datafixer optimizations took 293 milliseconds
[12:08:25] [main/ERROR] (HkeyPerformanceDataUtil) Unable to locate English counter names in registry Perflib 009. Counters may need to be rebuilt: 

com.sun.jna.platform.win32.Win32Exception: The parameter is incorrect.
	at knot//com.sun.jna.platform.win32.Advapi32Util.registryGetStringArray(Advapi32Util.java:921)
	at knot//com.sun.jna.platform.win32.Advapi32Util.registryGetStringArray(Advapi32Util.java:898)
	at knot//oshi.driver.windows.registry.HkeyPerformanceDataUtil.mapCounterIndicesFromRegistry(HkeyPerformanceDataUtil.java:274)
	at knot//oshi.driver.windows.registry.HkeyPerformanceDataUtil.<clinit>(HkeyPerformanceDataUtil.java:51)
	at knot//oshi.driver.windows.registry.ProcessPerformanceData.buildProcessMapFromRegistry(ProcessPerformanceData.java:45)
	at knot//oshi.software.os.windows.WindowsOperatingSystem.queryProcessMapFromRegistry(WindowsOperatingSystem.java:328)
	at knot//oshi.util.Memoizer$1.get(Memoizer.java:65)
	at knot//oshi.software.os.windows.WindowsOperatingSystem.processMapToList(WindowsOperatingSystem.java:298)
	at knot//oshi.software.os.windows.WindowsOperatingSystem.getProcess(WindowsOperatingSystem.java:292)
	at knot//oshi.software.os.OperatingSystem.getCurrentProcess(OperatingSystem.java:246)
	at knot//net.minecraft.SystemReport.lambda$putSoftware$0(SystemReport.java:116)
	at knot//net.minecraft.SystemReport.ignoreErrors(SystemReport.java:121)
	at knot//net.minecraft.SystemReport.putSoftware(SystemReport.java:116)
	at knot//net.minecraft.SystemReport.lambda$new$7(SystemReport.java:68)
	at knot//net.minecraft.SystemReport.ignoreErrors(SystemReport.java:121)
	at knot//net.minecraft.SystemReport.<init>(SystemReport.java:68)
	at knot//net.minecraft.CrashReport.<init>(CrashReport.java:35)
	at knot//net.minecraft.CrashReport.preload(CrashReport.java:252)
	at knot//net.minecraft.client.main.Main.main(Main.java:172)
	at net.fabricmc.loader.impl.game.minecraft.MinecraftGameProvider.launch(MinecraftGameProvider.java:514)
	at net.fabricmc.loader.impl.launch.knot.Knot.launch(Knot.java:72)
	at net.fabricmc.loader.impl.launch.knot.KnotClient.main(KnotClient.java:23)
	at net.fabricmc.devlaunchinjector.Main.main(Main.java:86)
[12:08:25] [main/WARN] (PerfCounterQuery) Unable to locate English counter names in registry Perflib 009. Assuming English counters. Error 0x80070057. See https://support.microsoft.com/en-us/help/300956/how-to-manually-rebuild-performance-counter-library-values
[12:08:25] [main/WARN] (Minecraft) Failed to get system info for Process Loads

java.lang.NullPointerException: Cannot invoke "oshi.software.os.OSProcess.getUserTime()" because "process" is null
	at knot//net.minecraft.SystemReport.lambda$putProcessDetails$0(SystemReport.java:190)
	at knot//net.minecraft.SystemReport.setDetail(SystemReport.java:96)
	at knot//net.minecraft.SystemReport.putProcessDetails(SystemReport.java:189)
	at knot//net.minecraft.SystemReport.lambda$putSoftware$0(SystemReport.java:116)
	at knot//net.minecraft.SystemReport.ignoreErrors(SystemReport.java:121)
	at knot//net.minecraft.SystemReport.putSoftware(SystemReport.java:116)
	at knot//net.minecraft.SystemReport.lambda$new$7(SystemReport.java:68)
	at knot//net.minecraft.SystemReport.ignoreErrors(SystemReport.java:121)
	at knot//net.minecraft.SystemReport.<init>(SystemReport.java:68)
	at knot//net.minecraft.CrashReport.<init>(CrashReport.java:35)
	at knot//net.minecraft.CrashReport.preload(CrashReport.java:252)
	at knot//net.minecraft.client.main.Main.main(Main.java:172)
	at net.fabricmc.loader.impl.game.minecraft.MinecraftGameProvider.launch(MinecraftGameProvider.java:514)
	at net.fabricmc.loader.impl.launch.knot.Knot.launch(Knot.java:72)
	at net.fabricmc.loader.impl.launch.knot.KnotClient.main(KnotClient.java:23)
	at net.fabricmc.devlaunchinjector.Main.main(Main.java:86)
[12:08:25] [main/WARN] (Minecraft) Failed to get system info for Process Virtual Size (MiB)

java.lang.NullPointerException: Cannot invoke "oshi.software.os.OSProcess.getVirtualSize()" because "process" is null
	at knot//net.minecraft.SystemReport.lambda$putProcessDetails$1(SystemReport.java:202)
	at knot//net.minecraft.SystemReport.setDetail(SystemReport.java:96)
	at knot//net.minecraft.SystemReport.putProcessDetails(SystemReport.java:202)
	at knot//net.minecraft.SystemReport.lambda$putSoftware$0(SystemReport.java:116)
	at knot//net.minecraft.SystemReport.ignoreErrors(SystemReport.java:121)
	at knot//net.minecraft.SystemReport.putSoftware(SystemReport.java:116)
	at knot//net.minecraft.SystemReport.lambda$new$7(SystemReport.java:68)
	at knot//net.minecraft.SystemReport.ignoreErrors(SystemReport.java:121)
	at knot//net.minecraft.SystemReport.<init>(SystemReport.java:68)
	at knot//net.minecraft.CrashReport.<init>(CrashReport.java:35)
	at knot//net.minecraft.CrashReport.preload(CrashReport.java:252)
	at knot//net.minecraft.client.main.Main.main(Main.java:172)
	at net.fabricmc.loader.impl.game.minecraft.MinecraftGameProvider.launch(MinecraftGameProvider.java:514)
	at net.fabricmc.loader.impl.launch.knot.Knot.launch(Knot.java:72)
	at net.fabricmc.loader.impl.launch.knot.KnotClient.main(KnotClient.java:23)
	at net.fabricmc.devlaunchinjector.Main.main(Main.java:86)
[12:08:25] [main/WARN] (Minecraft) Failed to get system info for Process Resident Size (MiB)

java.lang.NullPointerException: Cannot invoke "oshi.software.os.OSProcess.getResidentSetSize()" because "process" is null
	at knot//net.minecraft.SystemReport.lambda$putProcessDetails$2(SystemReport.java:203)
	at knot//net.minecraft.SystemReport.setDetail(SystemReport.java:96)
	at knot//net.minecraft.SystemReport.putProcessDetails(SystemReport.java:203)
	at knot//net.minecraft.SystemReport.lambda$putSoftware$0(SystemReport.java:116)
	at knot//net.minecraft.SystemReport.ignoreErrors(SystemReport.java:121)
	at knot//net.minecraft.SystemReport.putSoftware(SystemReport.java:116)
	at knot//net.minecraft.SystemReport.lambda$new$7(SystemReport.java:68)
	at knot//net.minecraft.SystemReport.ignoreErrors(SystemReport.java:121)
	at knot//net.minecraft.SystemReport.<init>(SystemReport.java:68)
	at knot//net.minecraft.CrashReport.<init>(CrashReport.java:35)
	at knot//net.minecraft.CrashReport.preload(CrashReport.java:252)
	at knot//net.minecraft.client.main.Main.main(Main.java:172)
	at net.fabricmc.loader.impl.game.minecraft.MinecraftGameProvider.launch(MinecraftGameProvider.java:514)
	at net.fabricmc.loader.impl.launch.knot.Knot.launch(Knot.java:72)
	at net.fabricmc.loader.impl.launch.knot.KnotClient.main(KnotClient.java:23)
	at net.fabricmc.devlaunchinjector.Main.main(Main.java:86)
[12:08:29] [Render thread/INFO] (Minecraft) Environment: Environment[sessionHost=https://sessionserver.mojang.com, servicesHost=https://api.minecraftservices.com, profilesHost=https://api.mojang.com, name=PROD]
[12:08:29] [Render thread/INFO] (Minecraft) Setting user: Player0
[12:08:30] [Render thread/INFO] (movrand) [movrand] loaded — open the menu with the key bound to key.movrand.open
[12:08:30] [Render thread/INFO] (Indigo) [Indigo] Registering Indigo renderer!
[12:08:30] [Render thread/ERROR] (Minecraft) Illegal option value 0 for Anisotropic Filtering
[12:08:30] [Render thread/INFO] (Minecraft) Backend library: LWJGL version 3.4.1-snapshot
[12:08:32] [Render thread/INFO] (Minecraft) Preferring discrete GPU: NVIDIA GeForce RTX 4050 Laptop GPU
[12:08:32] [Render thread/INFO] (Minecraft) Using graphics backend OpenGL, using drivers: 3.3.0 - Build 32.0.101.5972
[12:08:32] [Render thread/INFO] (Minecraft) Using graphics device: Intel(R) Graphics (Intel)
[12:08:32] [Render thread/INFO] (Minecraft) Using graphics device extensions: GL_ARB_multi_draw_indirect, GL_ARB_buffer_storage, GL_ARB_shader_draw_parameters, GL_ARB_base_instance, GL_KHR_debug, GL_ARB_draw_indirect, GL_ARB_clip_control, GL_ARB_vertex_attrib_binding, GL_ARB_direct_state_access, GL_EXT_texture_filter_anisotropic
[12:08:33] [Render thread/INFO] (Minecraft) Reloading ResourceManager: vanilla, fabric-api, fabric-api-base, fabric-api-lookup-api-v1, fabric-biome-api-v1, fabric-block-api-v1, fabric-block-getter-api-v2, fabric-client-gametest-api-v1, fabric-command-api-v2, fabric-content-registries-v0, fabric-convention-tags-v2, fabric-crash-report-info-v1, fabric-creative-tab-api-v1, fabric-data-attachment-api-v1, fabric-data-generation-api-v1, fabric-debug-api-v1, fabric-dimensions-v1, fabric-entity-events-v1, fabric-events-interaction-v0, fabric-game-rule-api-v1, fabric-gametest-api-v1, fabric-item-api-v1, fabric-key-mapping-api-v1, fabric-lifecycle-events-v1, fabric-loot-api-v3, fabric-menu-api-v1, fabric-message-api-v1, fabric-model-loading-api-v1, fabric-networking-api-v1, fabric-object-builder-api-v1, fabric-particles-v1, fabric-permission-api-v1, fabric-recipe-api-v1, fabric-registry-sync-v0, fabric-renderer-api-v1, fabric-renderer-indigo, fabric-rendering-fluids-v1, fabric-rendering-v1, fabric-resource-conditions-api-v1, fabric-resource-loader-v0, fabric-resource-loader-v1, fabric-screen-api-v1, fabric-serialization-api-v1, fabric-sound-api-v1, fabric-tag-api-v1, fabric-transfer-api-v1, fabric-transitive-access-wideners-v1, fabricloader, movrand
[12:08:33] [Download-2/INFO] (Minecraft) Could not authorize you against Realms server: java.lang.RuntimeException: Failed to parse into SignedJWT: FabricMC
[12:08:33] [Render thread/INFO] (Minecraft) [CHAT] [Baritone] Baritone settings file not found, resetting.
[12:08:33] [Worker-Main-7/INFO] (Minecraft) Found unifont_all_no_pua-17.0.01.hex, loading
[12:08:33] [Worker-Main-10/INFO] (Minecraft) Found unifont_pua-17.0.01.hex, loading
[12:08:33] [Worker-Main-8/INFO] (Minecraft) Found unifont_jp_patch-17.0.01.hex, loading
[12:08:33] [Render thread/INFO] (Minecraft) [STDOUT]: [nether-pathfinder] Created temp file at C:\Users\damia\AppData\Local\Temp\nether_pathfinder-x86_643658919462515723159.dll
[12:08:33] [Render thread/INFO] (Minecraft) [STDERR]: [nether-pathfinder] Failed to delete temp file
[12:08:33] [Render thread/INFO] (Minecraft) [STDOUT]: [nether-pathfinder] Loaded shared library
[12:08:34] [Render thread/INFO] (Minecraft) OpenAL initialized on device OpenAL Soft on Speakers (Realtek(R) Audio)
[12:08:34] [Render thread/INFO] (Minecraft) Sound engine started
[12:08:34] [Render thread/INFO] (Minecraft) Created: 512x256x0 minecraft:textures/atlas/particles.png-atlas
[12:08:34] [Render thread/INFO] (Minecraft) Created: 128x128x0 minecraft:textures/atlas/decorated_pot.png-atlas
[12:08:34] [Render thread/INFO] (Minecraft) Created: 2048x1024x0 minecraft:textures/atlas/armor_trims.png-atlas
[12:08:34] [Render thread/INFO] (Minecraft) Created: 512x256x0 minecraft:textures/atlas/paintings.png-atlas
[12:08:34] [Render thread/INFO] (Minecraft) Created: 1024x512x0 minecraft:textures/atlas/shield_patterns.png-atlas
[12:08:34] [Render thread/INFO] (Minecraft) Created: 2048x2048x4 minecraft:textures/atlas/blocks.png-atlas
[12:08:35] [Render thread/INFO] (Minecraft) Created: 512x512x0 minecraft:textures/atlas/chest.png-atlas
[12:08:35] [Render thread/INFO] (Minecraft) Created: 256x128x0 minecraft:textures/atlas/celestials.png-atlas
[12:08:35] [Render thread/INFO] (Minecraft) Created: 1024x512x0 minecraft:textures/atlas/banner_patterns.png-atlas
[12:08:35] [Render thread/INFO] (Minecraft) Created: 1024x512x0 minecraft:textures/atlas/items.png-atlas
[12:08:35] [Render thread/INFO] (Minecraft) Created: 1024x1024x0 minecraft:textures/atlas/gui.png-atlas
[12:08:35] [Render thread/INFO] (Minecraft) Created: 128x64x0 minecraft:textures/atlas/map_decorations.png-atlas
[12:08:35] [Render thread/INFO] (Minecraft) Created: 512x512x0 minecraft:textures/atlas/shulker_boxes.png-atlas
[12:08:35] [Download-2/INFO] (Minecraft) Could not authorize you against Realms server: java.lang.RuntimeException: Failed to parse into SignedJWT: FabricMC
[12:08:38] [Render thread/INFO] (fabric-client-gametest-api-v1) World loading finished: null screen: net.minecraft.client.gui.screens.GenericMessageScreen@5a3b266e
[12:08:38] [Render thread/INFO] (Minecraft) Found new data pack fabric-gametest-api-v1, loading it automatically
[12:08:39] [Render thread/INFO] (Minecraft) Loaded 1585 recipes
[12:08:39] [Render thread/INFO] (Minecraft) Loaded 1688 advancements
[12:08:39] [Render thread/INFO] (BiomeModificationImpl) Applied 0 biome modifications to 0 of 66 new biomes in 2.008 ms
[12:08:39] [Server thread/INFO] (Minecraft) Starting integrated minecraft server version 26.2
[12:08:39] [Server thread/INFO] (Minecraft) Generating keypair
[12:08:40] [Server thread/INFO] (Minecraft) Loading 0 persistent chunks...
[12:08:40] [Server thread/INFO] (Minecraft) Preparing spawn area: 16%
[12:08:40] [Server thread/INFO] (Minecraft) Saving chunks for level 'ServerLevel[base maker test]'/minecraft:overworld
[12:08:40] [Server thread/INFO] (Minecraft) Saving chunks for level 'ServerLevel[base maker test]'/minecraft:the_end
[12:08:40] [Server thread/INFO] (Minecraft) Saving chunks for level 'ServerLevel[base maker test]'/minecraft:the_nether
[12:08:40] [Server thread/INFO] (Minecraft) ThreadedAnvilChunkStorage (world): All chunks are saved
[12:08:40] [Server thread/INFO] (Minecraft) ThreadedAnvilChunkStorage (DIM1): All chunks are saved
[12:08:40] [Server thread/INFO] (Minecraft) ThreadedAnvilChunkStorage (DIM-1): All chunks are saved
[12:08:40] [Server thread/INFO] (Minecraft) ThreadedAnvilChunkStorage: All dimensions are saved
[12:08:40] [Render thread/INFO] (fabric-client-gametest-api-v1) World loading finished: null screen: net.minecraft.client.gui.screens.LevelLoadingScreen@705970e9
[12:08:40] [Render thread/INFO] (fabric-client-gametest-api-v1) World loading finished: null screen: net.minecraft.client.gui.screens.LevelLoadingScreen@705970e9
[12:08:40] [Render thread/INFO] (fabric-client-gametest-api-v1) World loading finished: null screen: net.minecraft.client.gui.screens.LevelLoadingScreen@705970e9
[12:08:40] [Render thread/INFO] (fabric-client-gametest-api-v1) World loading finished: null screen: net.minecraft.client.gui.screens.LevelLoadingScreen@705970e9
[12:08:40] [Render thread/INFO] (fabric-client-gametest-api-v1) World loading finished: null screen: net.minecraft.client.gui.screens.LevelLoadingScreen@705970e9
[12:08:40] [Render thread/INFO] (fabric-client-gametest-api-v1) World loading finished: null screen: net.minecraft.client.gui.screens.LevelLoadingScreen@705970e9
[12:08:40] [Render thread/INFO] (fabric-client-gametest-api-v1) World loading finished: null screen: net.minecraft.client.gui.screens.LevelLoadingScreen@705970e9
[12:08:40] [Render thread/INFO] (fabric-client-gametest-api-v1) World loading finished: null screen: net.minecraft.client.gui.screens.LevelLoadingScreen@705970e9
[12:08:40] [Render thread/INFO] (fabric-client-gametest-api-v1) World loading finished: null screen: net.minecraft.client.gui.screens.LevelLoadingScreen@705970e9
[12:08:40] [Render thread/INFO] (fabric-client-gametest-api-v1) World loading finished: null screen: net.minecraft.client.gui.screens.LevelLoadingScreen@705970e9
[12:08:40] [Server thread/INFO] (Minecraft) Loading 49 chunks for player spawn...
[12:08:40] [Server thread/INFO] (Minecraft) Preparing spawn area: 16%
[12:08:41] [Render thread/INFO] (fabric-client-gametest-api-v1) World loading finished: null screen: net.minecraft.client.gui.screens.LevelLoadingScreen@705970e9
[12:08:41] [Render thread/INFO] (fabric-client-gametest-api-v1) World loading finished: null screen: net.minecraft.client.gui.screens.LevelLoadingScreen@705970e9
[12:08:41] [Server thread/INFO] (Minecraft) Preparing spawn area: 16%
[12:08:41] [Render thread/INFO] (fabric-client-gametest-api-v1) World loading finished: null screen: net.minecraft.client.gui.screens.LevelLoadingScreen@705970e9
[12:08:41] [Render thread/INFO] (fabric-client-gametest-api-v1) World loading finished: null screen: net.minecraft.client.gui.screens.LevelLoadingScreen@705970e9
[12:08:41] [Render thread/INFO] (fabric-client-gametest-api-v1) World loading finished: null screen: net.minecraft.client.gui.screens.LevelLoadingScreen@705970e9
[12:08:41] [Render thread/INFO] (fabric-client-gametest-api-v1) World loading finished: null screen: net.minecraft.client.gui.screens.LevelLoadingScreen@705970e9
[12:08:41] [Server thread/INFO] (Minecraft) Time elapsed: 1229 ms
[12:08:41] [Render thread/INFO] (fabric-client-gametest-api-v1) World loading finished: null screen: net.minecraft.client.gui.screens.LevelLoadingScreen@705970e9
[12:08:41] [Server thread/INFO] (Minecraft) Player0[local:E:e25966ed] logged in with entity id 24 at (196.1193280962868, 69.0, -69.23592797046915)
[12:08:41] [Server thread/INFO] (Minecraft) Player0 joined the game
[12:08:41] [Server thread/INFO] (Minecraft) Player0 has made the advancement [Stone Age]
[12:08:41] [Server thread/INFO] (Minecraft) Changing view distance to 5, from 10
[12:08:41] [Server thread/INFO] (Minecraft) Changing simulation distance to 12, from 0
[12:08:41] [Render thread/INFO] (fabric-client-gametest-api-v1) World loading finished: null screen: net.minecraft.client.gui.screens.LevelLoadingScreen@705970e9
[12:08:41] [Render thread/INFO] (Minecraft) [STDOUT]: Baritone world data dir: C:\Users\damia\Desktop\AI_Projects\Minecraft\Movement_And_Randomisation\build\run\clientGameTest\saves\builder-profile-95a38ea8-c255-49be-a81c-9a73ffddec5c\.\baritone\minecraft\overworld_384
[12:08:41] [Render thread/INFO] (Minecraft) [STDOUT]: Cached world directory: C:\Users\damia\Desktop\AI_Projects\Minecraft\Movement_And_Randomisation\build\run\clientGameTest\saves\builder-profile-95a38ea8-c255-49be-a81c-9a73ffddec5c\.\baritone\minecraft\overworld_384\cache
[12:08:41] [Render thread/INFO] (Minecraft) [STDOUT]: Would save waypoints to C:\Users\damia\Desktop\AI_Projects\Minecraft\Movement_And_Randomisation\build\run\clientGameTest\saves\builder-profile-95a38ea8-c255-49be-a81c-9a73ffddec5c\.\baritone\minecraft\overworld_384\waypoints
[12:08:41] [Render thread/INFO] (Minecraft) [System] [CHAT] Player0 has made the advancement [Stone Age]
[12:08:41] [Render thread/INFO] (Minecraft) Loaded 45 advancements
[12:08:41] [Render thread/INFO] (fabric-client-gametest-api-v1) World loading finished: ClientLevel screen: net.minecraft.client.gui.screens.LevelLoadingScreen@705970e9
[12:08:41] [Download-2/ERROR] (Minecraft) Failed to retrieve profile key pair

MinecraftClientHttpException[type=HTTP_ERROR, status=401, response=ErrorResponse[path=/player/certificates, error=null, errorMessage=null, details=null]]
	at knot//com.mojang.authlib.minecraft.client.MinecraftClient.buildHttpException(MinecraftClient.java:170)
	at knot//com.mojang.authlib.minecraft.client.MinecraftClient.readServiceResponse(MinecraftClient.java:147)
	at knot//com.mojang.authlib.minecraft.client.MinecraftClient.post(MinecraftClient.java:89)
	at knot//com.mojang.authlib.yggdrasil.YggdrasilUserApiService.getKeyPair(YggdrasilUserApiService.java:62)
	at knot//net.minecraft.client.multiplayer.AccountProfileKeyPairManager.fetchProfileKeyPair(AccountProfileKeyPairManager.java:128)
	at knot//net.minecraft.client.multiplayer.AccountProfileKeyPairManager.lambda$readOrFetchProfileKeyPair$0(AccountProfileKeyPairManager.java:77)
	at java.base/java.util.concurrent.CompletableFuture$AsyncSupply.run(CompletableFuture.java:1789)
	at java.base/java.util.concurrent.ThreadPoolExecutor.runWorker(ThreadPoolExecutor.java:1090)
	at java.base/java.util.concurrent.ThreadPoolExecutor$Worker.run(ThreadPoolExecutor.java:614)
	at java.base/java.lang.Thread.run(Thread.java:1474)
[12:08:41] [Render thread/INFO] (Minecraft) Resizing Dynamic Transforms UBO, capacity limit of 2 reached during a single frame. New capacity will be 4.
[12:08:41] [Render thread/INFO] (fabric-client-gametest-api-v1) World loading finished: ClientLevel screen: net.minecraft.client.gui.screens.LevelLoadingScreen@705970e9
[12:08:41] [Render thread/INFO] (Minecraft) Resizing Dynamic Transforms UBO, capacity limit of 4 reached during a single frame. New capacity will be 8.
[12:08:41] [Render thread/INFO] (Minecraft) Resizing Dynamic Transforms UBO, capacity limit of 8 reached during a single frame. New capacity will be 16.
[12:08:41] [Render thread/INFO] (fabric-client-gametest-api-v1) World loading finished: ClientLevel screen: net.minecraft.client.gui.screens.LevelLoadingScreen@705970e9
[12:08:41] [Render thread/INFO] (fabric-client-gametest-api-v1) World loading finished: ClientLevel screen: net.minecraft.client.gui.screens.LevelLoadingScreen@705970e9
[12:08:41] [Render thread/INFO] (Minecraft) Resizing Chunk Sections UBO, capacity limit of 2 reached during a single frame. New capacity will be 4.
[12:08:41] [Render thread/INFO] (fabric-client-gametest-api-v1) World loading finished: ClientLevel screen: net.minecraft.client.gui.screens.LevelLoadingScreen@705970e9
[12:08:41] [Render thread/INFO] (Minecraft) Resizing Chunk Sections UBO, capacity limit of 4 reached during a single frame. New capacity will be 8.
[12:08:42] [Render thread/INFO] (fabric-client-gametest-api-v1) World loading finished: ClientLevel screen: null
[12:08:42] [Render thread/INFO] (Minecraft) Resizing Chunk Sections UBO, capacity limit of 8 reached during a single frame. New capacity will be 16.
[12:08:42] [Render thread/INFO] (movrand) BUILDER PROFILE start save=C:\Users\damia\Desktop\AI_Projects\Minecraft\Movement_And_Randomisation\build\run\clientGameTest\saves\builder-profile-95a38ea8-c255-49be-a81c-9a73ffddec5c position=(196.1193280962868, 69.0, -69.23592797046915) inventory=net.minecraft.world.entity.player.Inventory@306015d4 config=Other smp origin=195,69,-70 mirror=2
[12:08:42] [Render thread/INFO] (Minecraft) [System] [CHAT] §8[§bMovRand§8] §r§aMovement on
[12:08:42] [Render thread/INFO] (Minecraft) Resizing Chunk Sections UBO, capacity limit of 16 reached during a single frame. New capacity will be 32.
[12:08:42] [Render thread/INFO] (Minecraft) Resizing Chunk Sections UBO, capacity limit of 32 reached during a single frame. New capacity will be 64.
[12:08:43] [Render thread/INFO] (Minecraft) Resizing Chunk Sections UBO, capacity limit of 64 reached during a single frame. New capacity will be 128.
[12:08:47] [Render thread/INFO] (movrand) BUILDER PROFILE tick=100 position=(190.50507452129716, 69.0, -66.70156145851482) target=191, 70, -67 Block{minecraft:chest}[facing=west,type=right,waterlogged=false] phase=BUILDING interactions=2 verified=0 status=Placing 191, 70, -67 wait=Settling aim 2
[12:08:52] [Render thread/INFO] (movrand) BUILDER PROFILE tick=200 position=(190.50052068508893, 69.0, -67.48622578154398) target=190, 70, -67 Block{minecraft:cobblestone} phase=BUILDING interactions=3 verified=0 status=Placing 190, 70, -67 wait=Crosshair on 191, 70, -68 west, needs 191, 70, -67 west
[12:08:57] [Render thread/INFO] (movrand) BUILDER PROFILE tick=300 position=(190.56119852057782, 68.7531999805212, -64.69937765086182) target=192, 70, -66 Block{minecraft:chest}[facing=north,type=right,waterlogged=false] phase=BUILDING interactions=5 verified=0 status=Approaching 192, 70, -66 · Baritone: Ascend wait=Waiting for server
[12:09:02] [Render thread/INFO] (movrand) BUILDER PROFILE tick=400 position=(190.60361779373662, 68.0, -64.50368604386017) target=191, 70, -65 Block{minecraft:chest}[facing=west,type=left,waterlogged=false] phase=BUILDING interactions=8 verified=0 status=Placing 191, 70, -65 wait=Waiting for server
[12:09:04] [pool-4-thread-4/INFO] (Minecraft) [STDOUT]: 862884 movements considered
[12:09:04] [pool-4-thread-4/INFO] (Minecraft) [STDOUT]: Open set size: 788
[12:09:04] [pool-4-thread-4/INFO] (Minecraft) [STDOUT]: PathNode map size: 40018
[12:09:04] [pool-4-thread-4/INFO] (Minecraft) [STDOUT]: 84004 nodes per second
[12:09:05] [pool-4-thread-4/INFO] (Minecraft) [STDOUT]: 862884 movements considered
[12:09:05] [pool-4-thread-4/INFO] (Minecraft) [STDOUT]: Open set size: 788
[12:09:05] [pool-4-thread-4/INFO] (Minecraft) [STDOUT]: PathNode map size: 40018
[12:09:05] [pool-4-thread-4/INFO] (Minecraft) [STDOUT]: 159471 nodes per second
[12:09:05] [pool-4-thread-4/INFO] (Minecraft) [STDOUT]: 862884 movements considered
[12:09:05] [pool-4-thread-4/INFO] (Minecraft) [STDOUT]: Open set size: 788
[12:09:05] [pool-4-thread-4/INFO] (Minecraft) [STDOUT]: PathNode map size: 40018
[12:09:05] [pool-4-thread-4/INFO] (Minecraft) [STDOUT]: 177511 nodes per second
[12:09:06] [pool-4-thread-4/INFO] (Minecraft) [STDOUT]: 862979 movements considered
[12:09:06] [pool-4-thread-4/INFO] (Minecraft) [STDOUT]: Open set size: 785
[12:09:06] [pool-4-thread-4/INFO] (Minecraft) [STDOUT]: PathNode map size: 40019
[12:09:06] [pool-4-thread-4/INFO] (Minecraft) [STDOUT]: 176729 nodes per second
[12:09:06] [pool-4-thread-4/INFO] (Minecraft) [STDOUT]: 862979 movements considered
[12:09:06] [pool-4-thread-4/INFO] (Minecraft) [STDOUT]: Open set size: 785
[12:09:06] [pool-4-thread-4/INFO] (Minecraft) [STDOUT]: PathNode map size: 40019
[12:09:06] [pool-4-thread-4/INFO] (Minecraft) [STDOUT]: 175937 nodes per second
[12:09:07] [Render thread/INFO] (movrand) BUILDER PROFILE tick=500 position=(190.51787948411044, 68.0, -63.670322516881605) target=191, 71, -67 Block{minecraft:hopper}[enabled=true,facing=down] phase=BUILDING interactions=9 verified=0 status=Approaching 191, 71, -67 · Baritone: planning wait=Waiting for server
[12:09:07] [pool-4-thread-4/INFO] (Minecraft) [STDOUT]: 862979 movements considered
[12:09:07] [pool-4-thread-4/INFO] (Minecraft) [STDOUT]: Open set size: 785
[12:09:07] [pool-4-thread-4/INFO] (Minecraft) [STDOUT]: PathNode map size: 40019
[12:09:07] [pool-4-thread-4/INFO] (Minecraft) [STDOUT]: 176729 nodes per second
[12:09:08] [pool-4-thread-4/INFO] (Minecraft) [STDOUT]: 855081 movements considered
[12:09:08] [pool-4-thread-4/INFO] (Minecraft) [STDOUT]: Open set size: 789
[12:09:08] [pool-4-thread-4/INFO] (Minecraft) [STDOUT]: PathNode map size: 39663
[12:09:08] [pool-4-thread-4/INFO] (Minecraft) [STDOUT]: 177506 nodes per second
[12:09:08] [pool-4-thread-4/INFO] (Minecraft) [STDOUT]: 855081 movements considered
[12:09:08] [pool-4-thread-4/INFO] (Minecraft) [STDOUT]: Open set size: 789
[12:09:08] [pool-4-thread-4/INFO] (Minecraft) [STDOUT]: PathNode map size: 39663
[12:09:08] [pool-4-thread-4/INFO] (Minecraft) [STDOUT]: 175900 nodes per second
[12:09:09] [pool-4-thread-4/INFO] (Minecraft) [STDOUT]: 855081 movements considered
[12:09:09] [pool-4-thread-4/INFO] (Minecraft) [STDOUT]: Open set size: 789
[12:09:09] [pool-4-thread-4/INFO] (Minecraft) [STDOUT]: PathNode map size: 39663
[12:09:09] [pool-4-thread-4/INFO] (Minecraft) [STDOUT]: 178321 nodes per second
[12:09:09] [pool-4-thread-4/INFO] (Minecraft) [STDOUT]: 847132 movements considered
[12:09:09] [pool-4-thread-4/INFO] (Minecraft) [STDOUT]: Open set size: 812
[12:09:09] [pool-4-thread-4/INFO] (Minecraft) [STDOUT]: PathNode map size: 39324
[12:09:09] [pool-4-thread-4/INFO] (Minecraft) [STDOUT]: 176660 nodes per second
[12:09:10] [pool-4-thread-4/INFO] (Minecraft) [STDOUT]: 847132 movements considered
[12:09:10] [pool-4-thread-4/INFO] (Minecraft) [STDOUT]: Open set size: 812
[12:09:10] [pool-4-thread-4/INFO] (Minecraft) [STDOUT]: PathNode map size: 39324
[12:09:10] [pool-4-thread-4/INFO] (Minecraft) [STDOUT]: 178296 nodes per second
[12:09:10] [pool-4-thread-4/INFO] (Minecraft) [STDOUT]: 847132 movements considered
[12:09:10] [pool-4-thread-4/INFO] (Minecraft) [STDOUT]: Open set size: 812
[12:09:10] [pool-4-thread-4/INFO] (Minecraft) [STDOUT]: PathNode map size: 39324
[12:09:10] [pool-4-thread-4/INFO] (Minecraft) [STDOUT]: 179125 nodes per second
[12:09:11] [pool-4-thread-4/INFO] (Minecraft) [STDOUT]: 863094 movements considered
[12:09:11] [pool-4-thread-4/INFO] (Minecraft) [STDOUT]: Open set size: 786
[12:09:11] [pool-4-thread-4/INFO] (Minecraft) [STDOUT]: PathNode map size: 40025
[12:09:11] [pool-4-thread-4/INFO] (Minecraft) [STDOUT]: 133921 nodes per second
[12:09:11] [ForkJoinPool.commonPool-worker-1/INFO] (Minecraft) [STDOUT]: Saving region 0,0 to disk C:\Users\damia\Desktop\AI_Projects\Minecraft\Movement_And_Randomisation\build\run\clientGameTest\saves\builder-profile-95a38ea8-c255-49be-a81c-9a73ffddec5c\.\baritone\minecraft\overworld_384\cache
[12:09:11] [pool-4-thread-2/INFO] (Minecraft) [STDOUT]: Saving region 0,-1 to disk C:\Users\damia\Desktop\AI_Projects\Minecraft\Movement_And_Randomisation\build\run\clientGameTest\saves\builder-profile-95a38ea8-c255-49be-a81c-9a73ffddec5c\.\baritone\minecraft\overworld_384\cache
[12:09:11] [ForkJoinPool.commonPool-worker-1/INFO] (Minecraft) [STDOUT]: Saved region successfully
[12:09:11] [pool-4-thread-2/INFO] (Minecraft) [STDOUT]: Saved region successfully
[12:09:11] [pool-4-thread-2/INFO] (Minecraft) [STDOUT]: World save took 51ms
[12:09:12] [Render thread/INFO] (movrand) BUILDER PROFILE tick=600 position=(190.51787948411044, 68.0, -63.670322516881605) target=191, 71, -65 Block{minecraft:hopper}[enabled=true,facing=down] phase=BUILDING interactions=9 verified=0 status=Approaching 191, 71, -65 · Baritone: planning wait=Waiting for server
[12:09:12] [pool-4-thread-4/INFO] (Minecraft) [STDOUT]: 863094 movements considered
[12:09:12] [pool-4-thread-4/INFO] (Minecraft) [STDOUT]: Open set size: 786
[12:09:12] [pool-4-thread-4/INFO] (Minecraft) [STDOUT]: PathNode map size: 40025
[12:09:12] [pool-4-thread-4/INFO] (Minecraft) [STDOUT]: 104082 nodes per second
[12:09:12] [pool-4-thread-4/INFO] (Minecraft) [STDOUT]: 863094 movements considered
[12:09:12] [pool-4-thread-4/INFO] (Minecraft) [STDOUT]: Open set size: 786
[12:09:12] [pool-4-thread-4/INFO] (Minecraft) [STDOUT]: PathNode map size: 40025
[12:09:12] [pool-4-thread-4/INFO] (Minecraft) [STDOUT]: 164869 nodes per second
[12:09:13] [pool-4-thread-4/INFO] (Minecraft) [STDOUT]: 863010 movements considered
[12:09:13] [pool-4-thread-4/INFO] (Minecraft) [STDOUT]: Open set size: 804
[12:09:13] [pool-4-thread-4/INFO] (Minecraft) [STDOUT]: PathNode map size: 40039
[12:09:13] [pool-4-thread-4/INFO] (Minecraft) [STDOUT]: 176734 nodes per second
[12:09:13] [pool-4-thread-4/INFO] (Minecraft) [STDOUT]: 863010 movements considered
[12:09:13] [pool-4-thread-4/INFO] (Minecraft) [STDOUT]: Open set size: 804
[12:09:13] [pool-4-thread-4/INFO] (Minecraft) [STDOUT]: PathNode map size: 40039
[12:09:13] [pool-4-thread-4/INFO] (Minecraft) [STDOUT]: 175156 nodes per second
[12:09:14] [pool-4-thread-4/INFO] (Minecraft) [STDOUT]: 863010 movements considered
[12:09:14] [pool-4-thread-4/INFO] (Minecraft) [STDOUT]: Open set size: 804
[12:09:14] [pool-4-thread-4/INFO] (Minecraft) [STDOUT]: PathNode map size: 40039
[12:09:14] [pool-4-thread-4/INFO] (Minecraft) [STDOUT]: 176734 nodes per second
[12:09:17] [Render thread/INFO] (movrand) BUILDER PROFILE tick=700 position=(190.51787948411044, 68.0, -63.670322516881605) target=190, 72, -68 Block{minecraft:deepslate_brick_slab}[type=top,waterlogged=false] phase=BUILDING interactions=9 verified=0 status=No accessible placement angle/support at 189, 72, -68 Block{minecraft:cobblestone} wait=Waiting for server
[12:09:22] [Render thread/INFO] (movrand) BUILDER PROFILE tick=800 position=(190.51787948411044, 68.0, -63.670322516881605) target=190, 71, -67 Block{minecraft:cobblestone} phase=BUILDING interactions=9 verified=0 status=Approaching 190, 71, -67 · Baritone: planning wait=Waiting for server
[12:09:22] [pool-4-thread-4/INFO] (Minecraft) [STDOUT]: 869016 movements considered
[12:09:22] [pool-4-thread-4/INFO] (Minecraft) [STDOUT]: Open set size: 787
[12:09:22] [pool-4-thread-4/INFO] (Minecraft) [STDOUT]: PathNode map size: 40297
[12:09:22] [pool-4-thread-4/INFO] (Minecraft) [STDOUT]: 177972 nodes per second
[12:09:22] [pool-4-thread-4/INFO] (Minecraft) [STDOUT]: 869016 movements considered
[12:09:22] [pool-4-thread-4/INFO] (Minecraft) [STDOUT]: Open set size: 787
[12:09:22] [pool-4-thread-4/INFO] (Minecraft) [STDOUT]: PathNode map size: 40297
[12:09:22] [pool-4-thread-4/INFO] (Minecraft) [STDOUT]: 176383 nodes per second
[12:09:23] [pool-4-thread-4/INFO] (Minecraft) [STDOUT]: 869016 movements considered
[12:09:23] [pool-4-thread-4/INFO] (Minecraft) [STDOUT]: Open set size: 787
[12:09:23] [pool-4-thread-4/INFO] (Minecraft) [STDOUT]: PathNode map size: 40297
[12:09:23] [pool-4-thread-4/INFO] (Minecraft) [STDOUT]: 178778 nodes per second
[12:09:27] [Render thread/INFO] (movrand) BUILDER PROFILE tick=900 position=(190.51787948411044, 68.0, -63.670322516881605) target=189, 72, -66 Block{minecraft:powered_rail}[powered=false,shape=east_west,waterlogged=false] phase=BUILDING interactions=9 verified=0 status=No accessible placement angle/support at 193, 72, -67 Block{minecraft:deepslate_brick_slab}[type=top,waterlogged=false] wait=Waiting for server
[12:09:28] [pool-4-thread-4/INFO] (Minecraft) [STDOUT]: 863421 movements considered
[12:09:28] [pool-4-thread-4/INFO] (Minecraft) [STDOUT]: Open set size: 778
[12:09:28] [pool-4-thread-4/INFO] (Minecraft) [STDOUT]: PathNode map size: 40032
[12:09:28] [pool-4-thread-4/INFO] (Minecraft) [STDOUT]: 174462 nodes per second
[12:09:28] [pool-4-thread-4/INFO] (Minecraft) [STDOUT]: 863421 movements considered
[12:09:28] [pool-4-thread-4/INFO] (Minecraft) [STDOUT]: Open set size: 778
[12:09:28] [pool-4-thread-4/INFO] (Minecraft) [STDOUT]: PathNode map size: 40032
[12:09:28] [pool-4-thread-4/INFO] (Minecraft) [STDOUT]: 179242 nodes per second
[12:09:29] [pool-4-thread-4/INFO] (Minecraft) [STDOUT]: 863421 movements considered
[12:09:29] [pool-4-thread-4/INFO] (Minecraft) [STDOUT]: Open set size: 778
[12:09:29] [pool-4-thread-4/INFO] (Minecraft) [STDOUT]: PathNode map size: 40032
[12:09:29] [pool-4-thread-4/INFO] (Minecraft) [STDOUT]: 186037 nodes per second
[12:09:32] [Render thread/INFO] (movrand) BUILDER PROFILE tick=1000 position=(190.51787948411044, 68.0, -63.670322516881605) target=188, 72, -65 Block{minecraft:cobblestone} phase=BUILDING interactions=9 verified=0 status=Approaching 189, 72, -65 · no safe working position in loaded terrain wait=Waiting for server
[12:09:37] [Render thread/INFO] (movrand) BUILDER PROFILE tick=1100 position=(190.51787948411044, 68.0, -63.670322516881605) target=— phase=BUILDING interactions=9 verified=0 status=No accessible placement angle/support at 193, 72, -65 Block{minecraft:deepslate_brick_slab}[type=top,waterlogged=false] wait=Waiting for server
[12:09:42] [Render thread/INFO] (movrand) BUILDER PROFILE tick=1200 position=(190.51787948411044, 68.0, -63.670322516881605) target=190, 73, -68 Block{minecraft:deepslate_brick_slab}[type=top,waterlogged=true] phase=BUILDING interactions=9 verified=0 status=No accessible placement angle/support at 189, 73, -68 Block{minecraft:white_stained_glass} wait=Waiting for server
[12:09:47] [Render thread/INFO] (movrand) BUILDER PROFILE tick=1300 position=(190.51787948411044, 68.0, -63.670322516881605) target=190, 73, -62 Block{minecraft:cobblestone} phase=BUILDING interactions=9 verified=0 status=Approaching 190, 73, -63 · no safe working position in loaded terrain wait=Waiting for server
[12:09:52] [Render thread/INFO] (movrand) BUILDER PROFILE tick=1400 position=(190.51787948411044, 68.0, -63.670322516881605) target=189, 75, -67 Block{minecraft:cobblestone} phase=BUILDING interactions=9 verified=0 status=Approaching 189, 74, -67 · no safe working position in loaded terrain wait=Waiting for server
[12:09:57] [Render thread/INFO] (movrand) BUILDER PROFILE tick=1500 position=(190.51787948411044, 68.0, -63.670322516881605) target=194, 75, -65 Block{minecraft:cobblestone} phase=BUILDING interactions=9 verified=0 status=Approaching 194, 74, -65 · no safe working position in loaded terrain wait=Waiting for server
[12:10:02] [Render thread/INFO] (movrand) BUILDER PROFILE tick=1600 position=(190.51787948411044, 68.0, -63.670322516881605) target=191, 76, -68 Block{minecraft:deepslate_bricks} phase=BUILDING interactions=9 verified=0 status=No accessible placement angle/support at 191, 75, -64 Block{minecraft:piston}[extended=false,facing=down] wait=Waiting for server
[12:10:07] [Render thread/INFO] (movrand) BUILDER PROFILE tick=1700 position=(190.51787948411044, 68.0, -63.670322516881605) target=189, 76, -66 Block{minecraft:deepslate_bricks} phase=BUILDING interactions=9 verified=0 status=No accessible placement angle/support at 193, 76, -67 Block{minecraft:deepslate_brick_slab}[type=top,waterlogged=false] wait=Waiting for server
[12:10:12] [Render thread/INFO] (movrand) BUILDER PROFILE tick=1800 position=(190.51787948411044, 68.0, -63.670322516881605) target=193, 76, -65 Block{minecraft:deepslate_brick_slab}[type=top,waterlogged=false] phase=BUILDING interactions=9 verified=0 status=No accessible placement angle/support at 192, 76, -65 Block{minecraft:deepslate_bricks} wait=Waiting for server
[12:10:17] [Render thread/INFO] (movrand) BUILDER PROFILE tick=1900 position=(190.51787948411044, 68.0, -63.670322516881605) target=192, 78, -68 Block{minecraft:cobblestone} phase=BUILDING interactions=9 verified=0 status=Approaching 192, 78, -67 · no safe working position in loaded terrain wait=Waiting for server
[12:10:22] [Render thread/INFO] (movrand) BUILDER PROFILE tick=2000 position=(190.51787948411044, 68.0, -63.670322516881605) target=191, 78, -66 Block{minecraft:chest}[facing=south,type=single,waterlogged=false] phase=BUILDING interactions=9 verified=0 status=No accessible placement angle/support at 190, 78, -66 Block{minecraft:cobblestone} wait=Waiting for server
[12:10:27] [Render thread/INFO] (movrand) BUILDER PROFILE tick=2100 position=(190.51787948411044, 68.0, -63.670322516881605) target=194, 78, -64 Block{minecraft:cobblestone} phase=BUILDING interactions=9 verified=0 status=Approaching 193, 78, -64 · no safe working position in loaded terrain wait=Waiting for server
[12:10:32] [Render thread/INFO] (movrand) BUILDER PROFILE tick=2200 position=(190.51787948411044, 68.0, -63.670322516881605) target=189, 70, -66 Block{minecraft:chest}[facing=north,type=right,waterlogged=false] phase=BUILDING interactions=9 verified=721 status=Waiting for neighbours, growth or redstone state at 191, 70, -67 Block{minecraft:chest}[facing=west,type=right,waterlogged=false] wait=Waiting for server
[12:10:34] [pool-4-thread-4/INFO] (Minecraft) [STDOUT]: 858269 movements considered
[12:10:34] [pool-4-thread-4/INFO] (Minecraft) [STDOUT]: Open set size: 846
[12:10:34] [pool-4-thread-4/INFO] (Minecraft) [STDOUT]: PathNode map size: 39866
[12:10:34] [pool-4-thread-4/INFO] (Minecraft) [STDOUT]: 166042 nodes per second
[12:10:35] [pool-4-thread-4/INFO] (Minecraft) [STDOUT]: 858269 movements considered
[12:10:35] [pool-4-thread-4/INFO] (Minecraft) [STDOUT]: Open set size: 846
[12:10:35] [pool-4-thread-4/INFO] (Minecraft) [STDOUT]: PathNode map size: 39866
[12:10:35] [pool-4-thread-4/INFO] (Minecraft) [STDOUT]: 176561 nodes per second
[12:10:35] [pool-4-thread-4/INFO] (Minecraft) [STDOUT]: 858269 movements considered
[12:10:35] [pool-4-thread-4/INFO] (Minecraft) [STDOUT]: Open set size: 846
[12:10:35] [pool-4-thread-4/INFO] (Minecraft) [STDOUT]: PathNode map size: 39866
[12:10:35] [pool-4-thread-4/INFO] (Minecraft) [STDOUT]: 184928 nodes per second
[12:10:36] [pool-4-thread-4/INFO] (Minecraft) [STDOUT]: 864810 movements considered
[12:10:36] [pool-4-thread-4/INFO] (Minecraft) [STDOUT]: Open set size: 836
[12:10:36] [pool-4-thread-4/INFO] (Minecraft) [STDOUT]: PathNode map size: 40154
[12:10:36] [pool-4-thread-4/INFO] (Minecraft) [STDOUT]: 185462 nodes per second
[12:10:36] [pool-4-thread-4/INFO] (Minecraft) [STDOUT]: 864810 movements considered
[12:10:36] [pool-4-thread-4/INFO] (Minecraft) [STDOUT]: Open set size: 836
[12:10:36] [pool-4-thread-4/INFO] (Minecraft) [STDOUT]: PathNode map size: 40154
[12:10:36] [pool-4-thread-4/INFO] (Minecraft) [STDOUT]: 184591 nodes per second
[12:10:37] [Render thread/INFO] (movrand) BUILDER PROFILE tick=2300 position=(190.49859109058602, 68.0, -66.1908228314292) target=191, 71, -67 Block{minecraft:hopper}[enabled=true,facing=down] phase=BUILDING interactions=10 verified=721 status=Approaching 191, 71, -67 · Baritone: planning wait=Waiting for server
[12:10:37] [pool-4-thread-4/INFO] (Minecraft) [STDOUT]: 864810 movements considered
[12:10:37] [pool-4-thread-4/INFO] (Minecraft) [STDOUT]: Open set size: 836
[12:10:37] [pool-4-thread-4/INFO] (Minecraft) [STDOUT]: PathNode map size: 40154
[12:10:37] [pool-4-thread-4/INFO] (Minecraft) [STDOUT]: 185462 nodes per second
[12:10:37] [pool-4-thread-4/INFO] (Minecraft) [STDOUT]: 872393 movements considered
[12:10:37] [pool-4-thread-4/INFO] (Minecraft) [STDOUT]: Open set size: 822
[12:10:37] [pool-4-thread-4/INFO] (Minecraft) [STDOUT]: PathNode map size: 40486
[12:10:37] [pool-4-thread-4/INFO] (Minecraft) [STDOUT]: 182783 nodes per second
[12:10:38] [pool-4-thread-4/INFO] (Minecraft) [STDOUT]: 872393 movements considered
[12:10:38] [pool-4-thread-4/INFO] (Minecraft) [STDOUT]: Open set size: 822
[12:10:38] [pool-4-thread-4/INFO] (Minecraft) [STDOUT]: PathNode map size: 40486
[12:10:38] [pool-4-thread-4/INFO] (Minecraft) [STDOUT]: 184483 nodes per second
[12:10:39] [pool-4-thread-4/INFO] (Minecraft) [STDOUT]: 872393 movements considered
[12:10:39] [pool-4-thread-4/INFO] (Minecraft) [STDOUT]: Open set size: 822
[12:10:39] [pool-4-thread-4/INFO] (Minecraft) [STDOUT]: PathNode map size: 40486
[12:10:39] [pool-4-thread-4/INFO] (Minecraft) [STDOUT]: 182783 nodes per second
[12:10:39] [pool-4-thread-4/INFO] (Minecraft) [STDOUT]: 867490 movements considered
[12:10:39] [pool-4-thread-4/INFO] (Minecraft) [STDOUT]: Open set size: 819
[12:10:39] [pool-4-thread-4/INFO] (Minecraft) [STDOUT]: PathNode map size: 40259
[12:10:39] [pool-4-thread-4/INFO] (Minecraft) [STDOUT]: 180091 nodes per second
[12:10:40] [pool-4-thread-4/INFO] (Minecraft) [STDOUT]: 867490 movements considered
[12:10:40] [pool-4-thread-4/INFO] (Minecraft) [STDOUT]: Open set size: 819
[12:10:40] [pool-4-thread-4/INFO] (Minecraft) [STDOUT]: PathNode map size: 40259
[12:10:40] [pool-4-thread-4/INFO] (Minecraft) [STDOUT]: 185164 nodes per second
[12:10:40] [pool-4-thread-4/INFO] (Minecraft) [STDOUT]: 867490 movements considered
[12:10:40] [pool-4-thread-4/INFO] (Minecraft) [STDOUT]: Open set size: 819
[12:10:40] [pool-4-thread-4/INFO] (Minecraft) [STDOUT]: PathNode map size: 40259
[12:10:40] [pool-4-thread-4/INFO] (Minecraft) [STDOUT]: 181751 nodes per second
[12:10:41] [pool-4-thread-4/INFO] (Minecraft) [STDOUT]: 863032 movements considered
[12:10:41] [pool-4-thread-4/INFO] (Minecraft) [STDOUT]: Open set size: 817
[12:10:41] [pool-4-thread-4/INFO] (Minecraft) [STDOUT]: PathNode map size: 40054
[12:10:41] [pool-4-thread-4/INFO] (Minecraft) [STDOUT]: 187736 nodes per second
[12:10:41] [pool-4-thread-4/INFO] (Minecraft) [STDOUT]: 863032 movements considered
[12:10:41] [pool-4-thread-4/INFO] (Minecraft) [STDOUT]: Open set size: 817
[12:10:41] [pool-4-thread-4/INFO] (Minecraft) [STDOUT]: PathNode map size: 40054
[12:10:41] [pool-4-thread-4/INFO] (Minecraft) [STDOUT]: 181652 nodes per second
[12:10:42] [Render thread/INFO] (movrand) BUILDER PROFILE tick=2400 position=(190.49859109058602, 68.0, -66.1908228314292) target=193, 71, -66 Block{minecraft:hopper}[enabled=true,facing=down] phase=BUILDING interactions=10 verified=721 status=Approaching 193, 71, -66 · Baritone: planning wait=Waiting for server
[12:10:42] [pool-4-thread-4/INFO] (Minecraft) [STDOUT]: 863032 movements considered
[12:10:42] [pool-4-thread-4/INFO] (Minecraft) [STDOUT]: Open set size: 817
[12:10:42] [pool-4-thread-4/INFO] (Minecraft) [STDOUT]: PathNode map size: 40054
[12:10:42] [pool-4-thread-4/INFO] (Minecraft) [STDOUT]: 182497 nodes per second
[12:10:43] [pool-4-thread-4/INFO] (Minecraft) [STDOUT]: 874919 movements considered
[12:10:43] [pool-4-thread-4/INFO] (Minecraft) [STDOUT]: Open set size: 810
[12:10:43] [pool-4-thread-4/INFO] (Minecraft) [STDOUT]: PathNode map size: 40589
[12:10:43] [pool-4-thread-4/INFO] (Minecraft) [STDOUT]: 179995 nodes per second
[12:10:43] [pool-4-thread-4/INFO] (Minecraft) [STDOUT]: 874919 movements considered
[12:10:43] [pool-4-thread-4/INFO] (Minecraft) [STDOUT]: Open set size: 810
[12:10:43] [pool-4-thread-4/INFO] (Minecraft) [STDOUT]: PathNode map size: 40589
[12:10:43] [pool-4-thread-4/INFO] (Minecraft) [STDOUT]: 178381 nodes per second
[12:10:44] [pool-4-thread-4/INFO] (Minecraft) [STDOUT]: 874919 movements considered
[12:10:44] [pool-4-thread-4/INFO] (Minecraft) [STDOUT]: Open set size: 810
[12:10:44] [pool-4-thread-4/INFO] (Minecraft) [STDOUT]: PathNode map size: 40589
[12:10:44] [pool-4-thread-4/INFO] (Minecraft) [STDOUT]: 185018 nodes per second
[12:10:44] [pool-4-thread-4/INFO] (Minecraft) [STDOUT]: 878168 movements considered
[12:10:44] [pool-4-thread-4/INFO] (Minecraft) [STDOUT]: Open set size: 808
[12:10:44] [pool-4-thread-4/INFO] (Minecraft) [STDOUT]: PathNode map size: 40735
[12:10:44] [pool-4-thread-4/INFO] (Minecraft) [STDOUT]: 184847 nodes per second
[12:10:45] [pool-4-thread-4/INFO] (Minecraft) [STDOUT]: 878168 movements considered
[12:10:45] [pool-4-thread-4/INFO] (Minecraft) [STDOUT]: Open set size: 808
[12:10:45] [pool-4-thread-4/INFO] (Minecraft) [STDOUT]: PathNode map size: 40735
[12:10:45] [pool-4-thread-4/INFO] (Minecraft) [STDOUT]: 185706 nodes per second
[12:10:45] [pool-4-thread-4/INFO] (Minecraft) [STDOUT]: 878168 movements considered
[12:10:45] [pool-4-thread-4/INFO] (Minecraft) [STDOUT]: Open set size: 808
[12:10:45] [pool-4-thread-4/INFO] (Minecraft) [STDOUT]: PathNode map size: 40735
[12:10:45] [pool-4-thread-4/INFO] (Minecraft) [STDOUT]: 185706 nodes per second
[12:10:47] [Render thread/INFO] (movrand) BUILDER PROFILE tick=2500 position=(190.49859109058602, 68.0, -66.1908228314292) target=192, 72, -68 Block{minecraft:deepslate_brick_slab}[type=top,waterlogged=false] phase=BUILDING interactions=10 verified=721 status=No accessible placement angle/support at 191, 72, -68 Block{minecraft:powered_rail}[powered=false,shape=north_south,waterlogged=false] wait=Waiting for server
[12:10:52] [Render thread/INFO] (movrand) BUILDER PROFILE tick=2600 position=(190.49859109058602, 68.0, -66.1908228314292) target=— phase=BUILDING interactions=10 verified=721 status=No accessible placement angle/support at 190, 73, -66 Block{minecraft:tube_coral_block} wait=Waiting for server
[12:10:57] [Render thread/INFO] (movrand) BUILDER PROFILE tick=2700 position=(190.49859109058602, 68.0, -66.1908228314292) target=189, 76, -66 Block{minecraft:deepslate_bricks} phase=BUILDING interactions=10 verified=721 status=No accessible placement angle/support at 193, 76, -67 Block{minecraft:deepslate_brick_slab}[type=top,waterlogged=false] wait=Waiting for server
[12:11:02] [Render thread/INFO] (movrand) BUILDER PROFILE tick=2800 position=(190.49859109058602, 68.0, -66.1908228314292) target=192, 78, -65 Block{minecraft:deepslate_brick_slab}[type=top,waterlogged=false] phase=BUILDING interactions=10 verified=721 status=No accessible placement angle/support at 193, 78, -66 Block{minecraft:observer}[facing=up,powered=false] wait=Waiting for server
[12:11:06] [pool-4-thread-4/INFO] (Minecraft) [STDOUT]: 855634 movements considered
[12:11:06] [pool-4-thread-4/INFO] (Minecraft) [STDOUT]: Open set size: 857
[12:11:06] [pool-4-thread-4/INFO] (Minecraft) [STDOUT]: PathNode map size: 39757
[12:11:06] [pool-4-thread-4/INFO] (Minecraft) [STDOUT]: 182629 nodes per second
[12:11:06] [pool-4-thread-4/INFO] (Minecraft) [STDOUT]: 855634 movements considered
[12:11:06] [pool-4-thread-4/INFO] (Minecraft) [STDOUT]: Open set size: 857
[12:11:06] [pool-4-thread-4/INFO] (Minecraft) [STDOUT]: PathNode map size: 39757
[12:11:06] [pool-4-thread-4/INFO] (Minecraft) [STDOUT]: 185238 nodes per second
[12:11:07] [Render thread/INFO] (movrand) BUILDER PROFILE tick=2900 position=(189.69840168147368, 68.0, -66.43890093463928) target=191, 71, -68 Block{minecraft:hopper}[enabled=true,facing=down] phase=BUILDING interactions=11 verified=722 status=Approaching 191, 71, -68 · Baritone: planning wait=Waiting for server
[12:11:07] [pool-4-thread-4/INFO] (Minecraft) [STDOUT]: 855634 movements considered
[12:11:07] [pool-4-thread-4/INFO] (Minecraft) [STDOUT]: Open set size: 857
[12:11:07] [pool-4-thread-4/INFO] (Minecraft) [STDOUT]: PathNode map size: 39757
[12:11:07] [pool-4-thread-4/INFO] (Minecraft) [STDOUT]: 185238 nodes per second
[12:11:07] [pool-4-thread-4/INFO] (Minecraft) [STDOUT]: 862619 movements considered
[12:11:07] [pool-4-thread-4/INFO] (Minecraft) [STDOUT]: Open set size: 845
[12:11:07] [pool-4-thread-4/INFO] (Minecraft) [STDOUT]: PathNode map size: 40063
[12:11:07] [pool-4-thread-4/INFO] (Minecraft) [STDOUT]: 181564 nodes per second
[12:11:08] [pool-4-thread-4/INFO] (Minecraft) [STDOUT]: 862619 movements considered
[12:11:08] [pool-4-thread-4/INFO] (Minecraft) [STDOUT]: Open set size: 845
[12:11:08] [pool-4-thread-4/INFO] (Minecraft) [STDOUT]: PathNode map size: 40063
[12:11:08] [pool-4-thread-4/INFO] (Minecraft) [STDOUT]: 185867 nodes per second
[12:11:09] [pool-4-thread-4/INFO] (Minecraft) [STDOUT]: 862619 movements considered
[12:11:09] [pool-4-thread-4/INFO] (Minecraft) [STDOUT]: Open set size: 845
[12:11:09] [pool-4-thread-4/INFO] (Minecraft) [STDOUT]: PathNode map size: 40063
[12:11:09] [pool-4-thread-4/INFO] (Minecraft) [STDOUT]: 186752 nodes per second
[12:11:09] [pool-4-thread-4/INFO] (Minecraft) [STDOUT]: 870287 movements considered
[12:11:09] [pool-4-thread-4/INFO] (Minecraft) [STDOUT]: Open set size: 839
[12:11:09] [pool-4-thread-4/INFO] (Minecraft) [STDOUT]: PathNode map size: 40407
[12:11:09] [pool-4-thread-4/INFO] (Minecraft) [STDOUT]: 188419 nodes per second
[12:11:10] [pool-4-thread-4/INFO] (Minecraft) [STDOUT]: 870287 movements considered
[12:11:10] [pool-4-thread-4/INFO] (Minecraft) [STDOUT]: Open set size: 839
[12:11:10] [pool-4-thread-4/INFO] (Minecraft) [STDOUT]: PathNode map size: 40407
[12:11:10] [pool-4-thread-4/INFO] (Minecraft) [STDOUT]: 184897 nodes per second
[12:11:10] [pool-4-thread-4/INFO] (Minecraft) [STDOUT]: 870287 movements considered
[12:11:10] [pool-4-thread-4/INFO] (Minecraft) [STDOUT]: Open set size: 839
[12:11:10] [pool-4-thread-4/INFO] (Minecraft) [STDOUT]: PathNode map size: 40407
[12:11:10] [pool-4-thread-4/INFO] (Minecraft) [STDOUT]: 182341 nodes per second
[12:11:11] [pool-4-thread-4/INFO] (Minecraft) [STDOUT]: 870466 movements considered
[12:11:11] [pool-4-thread-4/INFO] (Minecraft) [STDOUT]: Open set size: 827
[12:11:11] [pool-4-thread-4/INFO] (Minecraft) [STDOUT]: PathNode map size: 40403
[12:11:11] [pool-4-thread-4/INFO] (Minecraft) [STDOUT]: 178270 nodes per second
[12:11:11] [pool-4-thread-4/INFO] (Minecraft) [STDOUT]: 870466 movements considered
[12:11:11] [pool-4-thread-4/INFO] (Minecraft) [STDOUT]: Open set size: 827
[12:11:11] [pool-4-thread-4/INFO] (Minecraft) [STDOUT]: PathNode map size: 40403
[12:11:11] [pool-4-thread-4/INFO] (Minecraft) [STDOUT]: 180712 nodes per second
[12:11:12] [Render thread/INFO] (movrand) BUILDER PROFILE tick=3000 position=(189.69840168147368, 68.0, -66.43890093463928) target=190, 71, -66 Block{minecraft:hopper}[enabled=true,facing=down] phase=BUILDING interactions=11 verified=722 status=Approaching 190, 71, -66 · Baritone: planning wait=Waiting for server
[12:11:12] [pool-4-thread-4/INFO] (Minecraft) [STDOUT]: 870466 movements considered
[12:11:12] [pool-4-thread-4/INFO] (Minecraft) [STDOUT]: Open set size: 827
[12:11:12] [pool-4-thread-4/INFO] (Minecraft) [STDOUT]: PathNode map size: 40403
[12:11:12] [pool-4-thread-4/INFO] (Minecraft) [STDOUT]: 179076 nodes per second
[12:11:13] [pool-4-thread-4/INFO] (Minecraft) [STDOUT]: 868062 movements considered
[12:11:13] [pool-4-thread-4/INFO] (Minecraft) [STDOUT]: Open set size: 823
[12:11:13] [pool-4-thread-4/INFO] (Minecraft) [STDOUT]: PathNode map size: 40289
[12:11:13] [pool-4-thread-4/INFO] (Minecraft) [STDOUT]: 183562 nodes per second
[12:11:13] [pool-4-thread-4/INFO] (Minecraft) [STDOUT]: 868062 movements considered
[12:11:13] [pool-4-thread-4/INFO] (Minecraft) [STDOUT]: Open set size: 823
[12:11:13] [pool-4-thread-4/INFO] (Minecraft) [STDOUT]: PathNode map size: 40289
[12:11:13] [pool-4-thread-4/INFO] (Minecraft) [STDOUT]: 185286 nodes per second
[12:11:14] [pool-4-thread-4/INFO] (Minecraft) [STDOUT]: 868062 movements considered
[12:11:14] [pool-4-thread-4/INFO] (Minecraft) [STDOUT]: Open set size: 823
[12:11:14] [pool-4-thread-4/INFO] (Minecraft) [STDOUT]: PathNode map size: 40289
[12:11:14] [pool-4-thread-4/INFO] (Minecraft) [STDOUT]: 184420 nodes per second
[12:11:14] [pool-4-thread-4/INFO] (Minecraft) [STDOUT]: 864328 movements considered
[12:11:14] [pool-4-thread-4/INFO] (Minecraft) [STDOUT]: Open set size: 818
[12:11:14] [pool-4-thread-4/INFO] (Minecraft) [STDOUT]: PathNode map size: 40114
[12:11:14] [pool-4-thread-4/INFO] (Minecraft) [STDOUT]: 183626 nodes per second
[12:11:15] [pool-4-thread-4/INFO] (Minecraft) [STDOUT]: 864328 movements considered
[12:11:15] [pool-4-thread-4/INFO] (Minecraft) [STDOUT]: Open set size: 818
[12:11:15] [pool-4-thread-4/INFO] (Minecraft) [STDOUT]: PathNode map size: 40114
[12:11:15] [pool-4-thread-4/INFO] (Minecraft) [STDOUT]: 180256 nodes per second
[12:11:15] [pool-4-thread-4/INFO] (Minecraft) [STDOUT]: 864328 movements considered
[12:11:15] [pool-4-thread-4/INFO] (Minecraft) [STDOUT]: Open set size: 818
[12:11:15] [pool-4-thread-4/INFO] (Minecraft) [STDOUT]: PathNode map size: 40114
[12:11:15] [pool-4-thread-4/INFO] (Minecraft) [STDOUT]: 186236 nodes per second
[12:11:16] [pool-4-thread-4/INFO] (Minecraft) [STDOUT]: 875401 movements considered
[12:11:16] [pool-4-thread-4/INFO] (Minecraft) [STDOUT]: Open set size: 806
[12:11:16] [pool-4-thread-4/INFO] (Minecraft) [STDOUT]: PathNode map size: 40607
[12:11:16] [pool-4-thread-4/INFO] (Minecraft) [STDOUT]: 180095 nodes per second
[12:11:17] [pool-4-thread-4/INFO] (Minecraft) [STDOUT]: 875401 movements considered
[12:11:17] [pool-4-thread-4/INFO] (Minecraft) [STDOUT]: Open set size: 806
[12:11:17] [pool-4-thread-4/INFO] (Minecraft) [STDOUT]: PathNode map size: 40607
[12:11:17] [pool-4-thread-4/INFO] (Minecraft) [STDOUT]: 185120 nodes per second
[12:11:17] [Render thread/INFO] (movrand) BUILDER PROFILE tick=3100 position=(189.69840168147368, 68.0, -66.43890093463928) target=191, 71, -65 Block{minecraft:hopper}[enabled=true,facing=down] phase=BUILDING interactions=11 verified=722 status=Approaching 191, 71, -65 · Baritone: planning wait=Waiting for server
[12:11:17] [pool-4-thread-4/INFO] (Minecraft) [STDOUT]: 875401 movements considered
[12:11:17] [pool-4-thread-4/INFO] (Minecraft) [STDOUT]: Open set size: 806
[12:11:17] [pool-4-thread-4/INFO] (Minecraft) [STDOUT]: PathNode map size: 40607
[12:11:17] [pool-4-thread-4/INFO] (Minecraft) [STDOUT]: 192275 nodes per second
[12:11:18] [pool-4-thread-4/INFO] (Minecraft) [STDOUT]: 878890 movements considered
[12:11:18] [pool-4-thread-4/INFO] (Minecraft) [STDOUT]: Open set size: 810
[12:11:18] [pool-4-thread-4/INFO] (Minecraft) [STDOUT]: PathNode map size: 40770
[12:11:18] [pool-4-thread-4/INFO] (Minecraft) [STDOUT]: 184147 nodes per second
[12:11:18] [pool-4-thread-4/INFO] (Minecraft) [STDOUT]: 878890 movements considered
[12:11:18] [pool-4-thread-4/INFO] (Minecraft) [STDOUT]: Open set size: 810
[12:11:18] [pool-4-thread-4/INFO] (Minecraft) [STDOUT]: PathNode map size: 40770
[12:11:18] [pool-4-thread-4/INFO] (Minecraft) [STDOUT]: 185860 nodes per second
[12:11:19] [pool-4-thread-4/INFO] (Minecraft) [STDOUT]: 878890 movements considered
[12:11:19] [pool-4-thread-4/INFO] (Minecraft) [STDOUT]: Open set size: 810
[12:11:19] [pool-4-thread-4/INFO] (Minecraft) [STDOUT]: PathNode map size: 40770
[12:11:19] [pool-4-thread-4/INFO] (Minecraft) [STDOUT]: 183302 nodes per second
[12:11:22] [Render thread/INFO] (movrand) BUILDER PROFILE tick=3200 position=(189.69840168147368, 68.0, -66.43890093463928) target=191, 72, -66 Block{minecraft:iron_trapdoor}[facing=east,half=top,open=false,powered=false,waterlogged=false] phase=BUILDING interactions=11 verified=722 status=No accessible placement angle/support at 190, 72, -66 Block{minecraft:powered_rail}[powered=false,shape=east_west,waterlogged=false] wait=Waiting for server
[12:11:27] [Render thread/INFO] (movrand) BUILDER PROFILE tick=3300 position=(189.69840168147368, 68.0, -66.43890093463928) target=— phase=BUILDING interactions=11 verified=722 status=No accessible placement angle/support at 191, 74, -68 Block{minecraft:water}[level=0] wait=Waiting for server
[12:11:32] [Render thread/INFO] (movrand) BUILDER PROFILE tick=3400 position=(189.69840168147368, 68.0, -66.43890093463928) target=— phase=BUILDING interactions=11 verified=722 status=No accessible placement angle/support at 193, 76, -65 Block{minecraft:deepslate_brick_slab}[type=top,waterlogged=false] wait=Waiting for server
[12:11:37] [Render thread/INFO] (movrand) BUILDER PROFILE tick=3500 position=(189.69840168147368, 68.0, -66.43890093463928) target=— phase=VERIFYING interactions=11 verified=722 status=Verifying 891 / 891 wait=Waiting for server
[12:11:38] [pool-4-thread-4/INFO] (Minecraft) [STDOUT]: 855634 movements considered
[12:11:38] [pool-4-thread-4/INFO] (Minecraft) [STDOUT]: Open set size: 857
[12:11:38] [pool-4-thread-4/INFO] (Minecraft) [STDOUT]: PathNode map size: 39757
[12:11:38] [pool-4-thread-4/INFO] (Minecraft) [STDOUT]: 179262 nodes per second
[12:11:39] [pool-4-thread-4/INFO] (Minecraft) [STDOUT]: 855634 movements considered
[12:11:39] [pool-4-thread-4/INFO] (Minecraft) [STDOUT]: Open set size: 857
[12:11:39] [pool-4-thread-4/INFO] (Minecraft) [STDOUT]: PathNode map size: 39757
[12:11:39] [pool-4-thread-4/INFO] (Minecraft) [STDOUT]: 180930 nodes per second
[12:11:39] [pool-4-thread-4/INFO] (Minecraft) [STDOUT]: 855634 movements considered
[12:11:39] [pool-4-thread-4/INFO] (Minecraft) [STDOUT]: Open set size: 857
[12:11:39] [pool-4-thread-4/INFO] (Minecraft) [STDOUT]: PathNode map size: 39757
[12:11:39] [pool-4-thread-4/INFO] (Minecraft) [STDOUT]: 184360 nodes per second
[12:11:40] [pool-4-thread-4/INFO] (Minecraft) [STDOUT]: 862619 movements considered
[12:11:40] [pool-4-thread-4/INFO] (Minecraft) [STDOUT]: Open set size: 845
[12:11:40] [pool-4-thread-4/INFO] (Minecraft) [STDOUT]: PathNode map size: 40063
[12:11:40] [pool-4-thread-4/INFO] (Minecraft) [STDOUT]: 184990 nodes per second
[12:11:40] [pool-4-thread-4/INFO] (Minecraft) [STDOUT]: 862619 movements considered
[12:11:40] [pool-4-thread-4/INFO] (Minecraft) [STDOUT]: Open set size: 845
[12:11:40] [pool-4-thread-4/INFO] (Minecraft) [STDOUT]: PathNode map size: 40063
[12:11:40] [pool-4-thread-4/INFO] (Minecraft) [STDOUT]: 184122 nodes per second
[12:11:41] [pool-4-thread-4/INFO] (Minecraft) [STDOUT]: 862619 movements considered
[12:11:41] [pool-4-thread-4/INFO] (Minecraft) [STDOUT]: Open set size: 845
[12:11:41] [pool-4-thread-4/INFO] (Minecraft) [STDOUT]: PathNode map size: 40063
[12:11:41] [pool-4-thread-4/INFO] (Minecraft) [STDOUT]: 183261 nodes per second
[12:11:41] [pool-4-thread-4/INFO] (Minecraft) [STDOUT]: 870287 movements considered
[12:11:41] [pool-4-thread-4/INFO] (Minecraft) [STDOUT]: Open set size: 839
[12:11:41] [pool-4-thread-4/INFO] (Minecraft) [STDOUT]: PathNode map size: 40407
[12:11:41] [pool-4-thread-4/INFO] (Minecraft) [STDOUT]: 187526 nodes per second
[12:11:42] [Render thread/INFO] (movrand) BUILDER PROFILE tick=3600 position=(189.69840168147368, 68.0, -66.43890093463928) target=189, 71, -66 Block{minecraft:hopper}[enabled=true,facing=down] phase=BUILDING interactions=11 verified=722 status=Approaching 189, 71, -66 · Baritone: planning wait=Waiting for server
[12:11:42] [pool-4-thread-4/INFO] (Minecraft) [STDOUT]: 870287 movements considered
[12:11:42] [pool-4-thread-4/INFO] (Minecraft) [STDOUT]: Open set size: 839
[12:11:42] [pool-4-thread-4/INFO] (Minecraft) [STDOUT]: PathNode map size: 40407
[12:11:42] [pool-4-thread-4/INFO] (Minecraft) [STDOUT]: 183185 nodes per second
[12:11:43] [pool-4-thread-4/INFO] (Minecraft) [STDOUT]: 870287 movements considered
[12:11:43] [pool-4-thread-4/INFO] (Minecraft) [STDOUT]: Open set size: 839
[12:11:43] [pool-4-thread-4/INFO] (Minecraft) [STDOUT]: PathNode map size: 40407
[12:11:43] [pool-4-thread-4/INFO] (Minecraft) [STDOUT]: 184897 nodes per second
[12:11:43] [pool-4-thread-4/INFO] (Minecraft) [STDOUT]: 870466 movements considered
[12:11:43] [pool-4-thread-4/INFO] (Minecraft) [STDOUT]: Open set size: 827
[12:11:43] [pool-4-thread-4/INFO] (Minecraft) [STDOUT]: PathNode map size: 40403
[12:11:43] [pool-4-thread-4/INFO] (Minecraft) [STDOUT]: 190269 nodes per second
[12:11:44] [pool-4-thread-4/INFO] (Minecraft) [STDOUT]: 870466 movements considered
[12:11:44] [pool-4-thread-4/INFO] (Minecraft) [STDOUT]: Open set size: 827
[12:11:44] [pool-4-thread-4/INFO] (Minecraft) [STDOUT]: PathNode map size: 40403
[12:11:44] [pool-4-thread-4/INFO] (Minecraft) [STDOUT]: 185802 nodes per second
[12:11:44] [pool-4-thread-4/INFO] (Minecraft) [STDOUT]: 870466 movements considered
[12:11:44] [pool-4-thread-4/INFO] (Minecraft) [STDOUT]: Open set size: 827
[12:11:44] [pool-4-thread-4/INFO] (Minecraft) [STDOUT]: PathNode map size: 40403
[12:11:44] [pool-4-thread-4/INFO] (Minecraft) [STDOUT]: 184074 nodes per second
[12:11:45] [pool-4-thread-4/INFO] (Minecraft) [STDOUT]: 868062 movements considered
[12:11:45] [pool-4-thread-4/INFO] (Minecraft) [STDOUT]: Open set size: 823
[12:11:45] [pool-4-thread-4/INFO] (Minecraft) [STDOUT]: PathNode map size: 40289
[12:11:45] [pool-4-thread-4/INFO] (Minecraft) [STDOUT]: 184420 nodes per second
[12:11:45] [pool-4-thread-4/INFO] (Minecraft) [STDOUT]: 868062 movements considered
[12:11:45] [pool-4-thread-4/INFO] (Minecraft) [STDOUT]: Open set size: 823
[12:11:45] [pool-4-thread-4/INFO] (Minecraft) [STDOUT]: PathNode map size: 40289
[12:11:45] [pool-4-thread-4/INFO] (Minecraft) [STDOUT]: 184420 nodes per second
[12:11:46] [pool-4-thread-4/INFO] (Minecraft) [STDOUT]: 868062 movements considered
[12:11:46] [pool-4-thread-4/INFO] (Minecraft) [STDOUT]: Open set size: 823
[12:11:46] [pool-4-thread-4/INFO] (Minecraft) [STDOUT]: PathNode map size: 40289
[12:11:46] [pool-4-thread-4/INFO] (Minecraft) [STDOUT]: 181870 nodes per second
[12:11:47] [Render thread/INFO] (movrand) BUILDER PROFILE tick=3700 position=(189.69840168147368, 68.0, -66.43890093463928) target=193, 71, -66 Block{minecraft:hopper}[enabled=true,facing=down] phase=BUILDING interactions=11 verified=722 status=Approaching 193, 71, -66 · Baritone: planning wait=Waiting for server
[12:11:47] [pool-4-thread-4/INFO] (Minecraft) [STDOUT]: 864328 movements considered
[12:11:47] [pool-4-thread-4/INFO] (Minecraft) [STDOUT]: Open set size: 818
[12:11:47] [pool-4-thread-4/INFO] (Minecraft) [STDOUT]: PathNode map size: 40114
[12:11:47] [pool-4-thread-4/INFO] (Minecraft) [STDOUT]: 182772 nodes per second
[12:11:47] [pool-4-thread-4/INFO] (Minecraft) [STDOUT]: 864328 movements considered
[12:11:47] [pool-4-thread-4/INFO] (Minecraft) [STDOUT]: Open set size: 818
[12:11:47] [pool-4-thread-4/INFO] (Minecraft) [STDOUT]: PathNode map size: 40114
[12:11:47] [pool-4-thread-4/INFO] (Minecraft) [STDOUT]: 188019 nodes per second
[12:11:48] [pool-4-thread-4/INFO] (Minecraft) [STDOUT]: 864328 movements considered
[12:11:48] [pool-4-thread-4/INFO] (Minecraft) [STDOUT]: Open set size: 818
[12:11:48] [pool-4-thread-4/INFO] (Minecraft) [STDOUT]: PathNode map size: 40114
[12:11:48] [pool-4-thread-4/INFO] (Minecraft) [STDOUT]: 188019 nodes per second
[12:11:48] [pool-4-thread-4/INFO] (Minecraft) [STDOUT]: 875401 movements considered
[12:11:48] [pool-4-thread-4/INFO] (Minecraft) [STDOUT]: Open set size: 806
[12:11:48] [pool-4-thread-4/INFO] (Minecraft) [STDOUT]: PathNode map size: 40607
[12:11:48] [pool-4-thread-4/INFO] (Minecraft) [STDOUT]: 182573 nodes per second
[12:11:49] [pool-4-thread-4/INFO] (Minecraft) [STDOUT]: 875401 movements considered
[12:11:49] [pool-4-thread-4/INFO] (Minecraft) [STDOUT]: Open set size: 806
[12:11:49] [pool-4-thread-4/INFO] (Minecraft) [STDOUT]: PathNode map size: 40607
[12:11:49] [pool-4-thread-4/INFO] (Minecraft) [STDOUT]: 184263 nodes per second
[12:11:49] [pool-4-thread-4/INFO] (Minecraft) [STDOUT]: 875401 movements considered
[12:11:49] [pool-4-thread-4/INFO] (Minecraft) [STDOUT]: Open set size: 806
[12:11:49] [pool-4-thread-4/INFO] (Minecraft) [STDOUT]: PathNode map size: 40607
[12:11:49] [pool-4-thread-4/INFO] (Minecraft) [STDOUT]: 183414 nodes per second
[12:11:50] [pool-4-thread-4/INFO] (Minecraft) [STDOUT]: 878890 movements considered
[12:11:50] [pool-4-thread-4/INFO] (Minecraft) [STDOUT]: Open set size: 810
[12:11:50] [pool-4-thread-4/INFO] (Minecraft) [STDOUT]: PathNode map size: 40770
[12:11:50] [pool-4-thread-4/INFO] (Minecraft) [STDOUT]: 182465 nodes per second
[12:11:51] [pool-4-thread-4/INFO] (Minecraft) [STDOUT]: 878890 movements considered
[12:11:51] [pool-4-thread-4/INFO] (Minecraft) [STDOUT]: Open set size: 810
[12:11:51] [pool-4-thread-4/INFO] (Minecraft) [STDOUT]: PathNode map size: 40770
[12:11:51] [pool-4-thread-4/INFO] (Minecraft) [STDOUT]: 181636 nodes per second
[12:11:51] [pool-4-thread-4/INFO] (Minecraft) [STDOUT]: 878890 movements considered
[12:11:51] [pool-4-thread-4/INFO] (Minecraft) [STDOUT]: Open set size: 810
[12:11:51] [pool-4-thread-4/INFO] (Minecraft) [STDOUT]: PathNode map size: 40770
[12:11:51] [pool-4-thread-4/INFO] (Minecraft) [STDOUT]: 185860 nodes per second
[12:11:52] [Render thread/INFO] (movrand) BUILDER PROFILE tick=3800 position=(189.69840168147368, 68.0, -66.43890093463928) target=190, 72, -68 Block{minecraft:deepslate_brick_slab}[type=top,waterlogged=false] phase=BUILDING interactions=11 verified=722 status=No accessible placement angle/support at 191, 71, -64 Block{minecraft:hopper}[enabled=true,facing=down] wait=Waiting for server
[12:11:57] [Render thread/INFO] (movrand) BUILDER PROFILE tick=3900 position=(189.69840168147368, 68.0, -66.43890093463928) target=— phase=BUILDING interactions=11 verified=722 status=No accessible placement angle/support at 192, 73, -69 Block{minecraft:white_stained_glass} wait=Waiting for server
[12:12:02] [Render thread/INFO] (movrand) BUILDER PROFILE tick=4000 position=(189.69840168147368, 68.0, -66.43890093463928) target=191, 76, -68 Block{minecraft:deepslate_bricks} phase=BUILDING interactions=11 verified=722 status=No accessible placement angle/support at 191, 75, -64 Block{minecraft:piston}[extended=false,facing=down] wait=Waiting for server
[12:12:07] [Render thread/INFO] (movrand) BUILDER PROFILE tick=4100 position=(189.69840168147368, 68.0, -66.43890093463928) target=192, 78, -66 Block{minecraft:deepslate_brick_slab}[type=top,waterlogged=false] phase=BUILDING interactions=11 verified=722 status=No accessible placement angle/support at 191, 78, -66 Block{minecraft:chest}[facing=south,type=single,waterlogged=false] wait=Waiting for server
[12:12:10] [pool-4-thread-4/INFO] (Minecraft) [STDOUT]: 855634 movements considered
[12:12:10] [pool-4-thread-4/INFO] (Minecraft) [STDOUT]: Open set size: 857
[12:12:10] [pool-4-thread-4/INFO] (Minecraft) [STDOUT]: PathNode map size: 39757
[12:12:10] [pool-4-thread-4/INFO] (Minecraft) [STDOUT]: 183490 nodes per second
[12:12:11] [pool-4-thread-4/INFO] (Minecraft) [STDOUT]: 855634 movements considered
[12:12:11] [pool-4-thread-4/INFO] (Minecraft) [STDOUT]: Open set size: 857
[12:12:11] [pool-4-thread-4/INFO] (Minecraft) [STDOUT]: PathNode map size: 39757
[12:12:11] [pool-4-thread-4/INFO] (Minecraft) [STDOUT]: 180930 nodes per second
[12:12:11] [pool-4-thread-4/INFO] (Minecraft) [STDOUT]: 855634 movements considered
[12:12:11] [pool-4-thread-4/INFO] (Minecraft) [STDOUT]: Open set size: 857
[12:12:11] [pool-4-thread-4/INFO] (Minecraft) [STDOUT]: PathNode map size: 39757
[12:12:11] [pool-4-thread-4/INFO] (Minecraft) [STDOUT]: 178440 nodes per second
[12:12:12] [Render thread/INFO] (movrand) BUILDER PROFILE tick=4200 position=(189.69840168147368, 68.0, -66.43890093463928) target=191, 71, -68 Block{minecraft:hopper}[enabled=true,facing=down] phase=BUILDING interactions=11 verified=722 status=Approaching 191, 71, -68 · Baritone: planning wait=Waiting for server
[12:12:12] [pool-4-thread-4/INFO] (Minecraft) [STDOUT]: 862619 movements considered
[12:12:12] [pool-4-thread-4/INFO] (Minecraft) [STDOUT]: Open set size: 845
[12:12:12] [pool-4-thread-4/INFO] (Minecraft) [STDOUT]: PathNode map size: 40063
[12:12:12] [pool-4-thread-4/INFO] (Minecraft) [STDOUT]: 185867 nodes per second
[12:12:13] [pool-4-thread-4/INFO] (Minecraft) [STDOUT]: 862619 movements considered
[12:12:13] [pool-4-thread-4/INFO] (Minecraft) [STDOUT]: Open set size: 845
[12:12:13] [pool-4-thread-4/INFO] (Minecraft) [STDOUT]: PathNode map size: 40063
[12:12:13] [pool-4-thread-4/INFO] (Minecraft) [STDOUT]: 184122 nodes per second
[12:12:13] [pool-4-thread-4/INFO] (Minecraft) [STDOUT]: 862619 movements considered
[12:12:13] [pool-4-thread-4/INFO] (Minecraft) [STDOUT]: Open set size: 845
[12:12:13] [pool-4-thread-4/INFO] (Minecraft) [STDOUT]: PathNode map size: 40063
[12:12:13] [pool-4-thread-4/INFO] (Minecraft) [STDOUT]: 183261 nodes per second
[12:12:14] [pool-4-thread-4/INFO] (Minecraft) [STDOUT]: 870287 movements considered
[12:12:14] [pool-4-thread-4/INFO] (Minecraft) [STDOUT]: Open set size: 839
[12:12:14] [pool-4-thread-4/INFO] (Minecraft) [STDOUT]: PathNode map size: 40407
[12:12:14] [pool-4-thread-4/INFO] (Minecraft) [STDOUT]: 181504 nodes per second
[12:12:14] [pool-4-thread-4/INFO] (Minecraft) [STDOUT]: 870287 movements considered
[12:12:14] [pool-4-thread-4/INFO] (Minecraft) [STDOUT]: Open set size: 839
[12:12:14] [pool-4-thread-4/INFO] (Minecraft) [STDOUT]: PathNode map size: 40407
[12:12:14] [pool-4-thread-4/INFO] (Minecraft) [STDOUT]: 183185 nodes per second
[12:12:15] [pool-4-thread-4/INFO] (Minecraft) [STDOUT]: 870287 movements considered
[12:12:15] [pool-4-thread-4/INFO] (Minecraft) [STDOUT]: Open set size: 839
[12:12:15] [pool-4-thread-4/INFO] (Minecraft) [STDOUT]: PathNode map size: 40407
[12:12:15] [pool-4-thread-4/INFO] (Minecraft) [STDOUT]: 188419 nodes per second
[12:12:15] [pool-4-thread-4/INFO] (Minecraft) [STDOUT]: 870466 movements considered
[12:12:15] [pool-4-thread-4/INFO] (Minecraft) [STDOUT]: Open set size: 827
[12:12:15] [pool-4-thread-4/INFO] (Minecraft) [STDOUT]: PathNode map size: 40403
[12:12:15] [pool-4-thread-4/INFO] (Minecraft) [STDOUT]: 181541 nodes per second
[12:12:16] [pool-4-thread-4/INFO] (Minecraft) [STDOUT]: 870466 movements considered
[12:12:16] [pool-4-thread-4/INFO] (Minecraft) [STDOUT]: Open set size: 827
[12:12:16] [pool-4-thread-4/INFO] (Minecraft) [STDOUT]: PathNode map size: 40403
[12:12:16] [pool-4-thread-4/INFO] (Minecraft) [STDOUT]: 183222 nodes per second
[12:12:17] [Render thread/INFO] (movrand) BUILDER PROFILE tick=4300 position=(189.69840168147368, 68.0, -66.43890093463928) target=190, 71, -66 Block{minecraft:hopper}[enabled=true,facing=down] phase=BUILDING interactions=11 verified=722 status=Approaching 190, 71, -66 · Baritone: planning wait=Waiting for server
[12:12:17] [pool-4-thread-4/INFO] (Minecraft) [STDOUT]: 870466 movements considered
[12:12:17] [pool-4-thread-4/INFO] (Minecraft) [STDOUT]: Open set size: 827
[12:12:17] [pool-4-thread-4/INFO] (Minecraft) [STDOUT]: PathNode map size: 40403
[12:12:17] [pool-4-thread-4/INFO] (Minecraft) [STDOUT]: 184934 nodes per second
[12:12:17] [pool-4-thread-4/INFO] (Minecraft) [STDOUT]: 868062 movements considered
[12:12:17] [pool-4-thread-4/INFO] (Minecraft) [STDOUT]: Open set size: 823
[12:12:17] [pool-4-thread-4/INFO] (Minecraft) [STDOUT]: PathNode map size: 40289
[12:12:17] [pool-4-thread-4/INFO] (Minecraft) [STDOUT]: 181870 nodes per second
[12:12:18] [pool-4-thread-4/INFO] (Minecraft) [STDOUT]: 868062 movements considered
[12:12:18] [pool-4-thread-4/INFO] (Minecraft) [STDOUT]: Open set size: 823
[12:12:18] [pool-4-thread-4/INFO] (Minecraft) [STDOUT]: PathNode map size: 40289
[12:12:18] [pool-4-thread-4/INFO] (Minecraft) [STDOUT]: 180210 nodes per second
[12:12:18] [pool-4-thread-4/INFO] (Minecraft) [STDOUT]: 868062 movements considered
[12:12:18] [pool-4-thread-4/INFO] (Minecraft) [STDOUT]: Open set size: 823
[12:12:18] [pool-4-thread-4/INFO] (Minecraft) [STDOUT]: PathNode map size: 40289
[12:12:18] [pool-4-thread-4/INFO] (Minecraft) [STDOUT]: 182712 nodes per second
[12:12:19] [pool-4-thread-4/INFO] (Minecraft) [STDOUT]: 864328 movements considered
[12:12:19] [pool-4-thread-4/INFO] (Minecraft) [STDOUT]: Open set size: 818
[12:12:19] [pool-4-thread-4/INFO] (Minecraft) [STDOUT]: PathNode map size: 40114
[12:12:19] [pool-4-thread-4/INFO] (Minecraft) [STDOUT]: 184488 nodes per second
[12:12:19] [pool-4-thread-4/INFO] (Minecraft) [STDOUT]: 864328 movements considered
[12:12:19] [pool-4-thread-4/INFO] (Minecraft) [STDOUT]: Open set size: 818
[12:12:19] [pool-4-thread-4/INFO] (Minecraft) [STDOUT]: PathNode map size: 40114
[12:12:19] [pool-4-thread-4/INFO] (Minecraft) [STDOUT]: 181087 nodes per second
[12:12:20] [pool-4-thread-4/INFO] (Minecraft) [STDOUT]: 864328 movements considered
[12:12:20] [pool-4-thread-4/INFO] (Minecraft) [STDOUT]: Open set size: 818
[12:12:20] [pool-4-thread-4/INFO] (Minecraft) [STDOUT]: PathNode map size: 40114
[12:12:20] [pool-4-thread-4/INFO] (Minecraft) [STDOUT]: 175428 nodes per second
[12:12:21] [pool-4-thread-4/INFO] (Minecraft) [STDOUT]: 875401 movements considered
[12:12:21] [pool-4-thread-4/INFO] (Minecraft) [STDOUT]: Open set size: 806
[12:12:21] [pool-4-thread-4/INFO] (Minecraft) [STDOUT]: PathNode map size: 40607
[12:12:21] [pool-4-thread-4/INFO] (Minecraft) [STDOUT]: 183414 nodes per second
[12:12:21] [pool-4-thread-4/INFO] (Minecraft) [STDOUT]: 875401 movements considered
[12:12:21] [pool-4-thread-4/INFO] (Minecraft) [STDOUT]: Open set size: 806
[12:12:21] [pool-4-thread-4/INFO] (Minecraft) [STDOUT]: PathNode map size: 40607
[12:12:21] [pool-4-thread-4/INFO] (Minecraft) [STDOUT]: 186859 nodes per second
[12:12:22] [Render thread/INFO] (movrand) BUILDER PROFILE tick=4400 position=(189.69840168147368, 68.0, -66.43890093463928) target=191, 71, -65 Block{minecraft:hopper}[enabled=true,facing=down] phase=BUILDING interactions=11 verified=722 status=Approaching 191, 71, -65 · Baritone: planning wait=Waiting for server
[12:12:22] [pool-4-thread-4/INFO] (Minecraft) [STDOUT]: 875401 movements considered
[12:12:22] [pool-4-thread-4/INFO] (Minecraft) [STDOUT]: Open set size: 806
[12:12:22] [pool-4-thread-4/INFO] (Minecraft) [STDOUT]: PathNode map size: 40607
[12:12:22] [pool-4-thread-4/INFO] (Minecraft) [STDOUT]: 158569 nodes per second
[12:12:22] [pool-4-thread-4/INFO] (Minecraft) [STDOUT]: 878890 movements considered
[12:12:22] [pool-4-thread-4/INFO] (Minecraft) [STDOUT]: Open set size: 810
[12:12:22] [pool-4-thread-4/INFO] (Minecraft) [STDOUT]: PathNode map size: 40770
[12:12:22] [pool-4-thread-4/INFO] (Minecraft) [STDOUT]: 181636 nodes per second
[12:12:23] [pool-4-thread-4/INFO] (Minecraft) [STDOUT]: 878890 movements considered
[12:12:23] [pool-4-thread-4/INFO] (Minecraft) [STDOUT]: Open set size: 810
[12:12:23] [pool-4-thread-4/INFO] (Minecraft) [STDOUT]: PathNode map size: 40770
[12:12:23] [pool-4-thread-4/INFO] (Minecraft) [STDOUT]: 186728 nodes per second
[12:12:23] [pool-4-thread-4/INFO] (Minecraft) [STDOUT]: 878890 movements considered
[12:12:23] [pool-4-thread-4/INFO] (Minecraft) [STDOUT]: Open set size: 810
[12:12:23] [pool-4-thread-4/INFO] (Minecraft) [STDOUT]: PathNode map size: 40770
[12:12:23] [pool-4-thread-4/INFO] (Minecraft) [STDOUT]: 178392 nodes per second
[12:12:27] [Render thread/INFO] (movrand) BUILDER PROFILE tick=4500 position=(189.69840168147368, 68.0, -66.43890093463928) target=192, 72, -66 Block{minecraft:powered_rail}[powered=false,shape=east_west,waterlogged=false] phase=BUILDING interactions=11 verified=722 status=No accessible placement angle/support at 191, 72, -66 Block{minecraft:iron_trapdoor}[facing=east,half=top,open=false,powered=false,waterlogged=false] wait=Waiting for server
[12:12:32] [Render thread/INFO] (movrand) BUILDER PROFILE tick=4600 position=(189.69840168147368, 68.0, -66.43890093463928) target=— phase=BUILDING interactions=11 verified=722 status=No accessible placement angle/support at 192, 74, -67 Block{minecraft:water}[level=0] wait=Waiting for server

> Task :runClientGameTest FAILED

[Incubating] Problems report is available at: file:///C:/Users/damia/Desktop/AI_Projects/Minecraft/Movement_And_Randomisation/build/reports/problems/problems-report.html

FAILURE: Build failed with an exception.

* What went wrong:
Execution failed for task ':runClientGameTest' (registered by plugin 'fabric-loom').
> Process 'command 'C:\Program Files\Eclipse Adoptium\jdk-25.0.4.7-hotspot\bin\java.exe'' finished with non-zero exit value -1 (NTSTATUS 0xFFFFFFFF)

* Try:
> Run with --stacktrace option to get the stack trace.
> Run with --info or --debug option to get more log output.
> Run with --scan to get full insights from a Build Scan (powered by Develocity).
> Get more help at https://help.gradle.org.

BUILD FAILED in 4m 17s
10 actionable tasks: 4 executed, 6 up-to-date
